******************************************************************************
             TMS320C2000 Linker PC v22.6.1                     
******************************************************************************
>> Linked Mon Dec  2 23:50:39 2024

OUTPUT FILE NAME:   <universal_motorcontrol_lab_f28002x.out>
ENTRY POINT SYMBOL: "code_start"  address: 00080000


MEMORY CONFIGURATION

         name            origin    length      used     unused   attr    fill
----------------------  --------  ---------  --------  --------  ----  --------
  RAMM0S                00000128   00000158  00000100  00000058  RWIX
  RAMM1D                00000280   00000578  00000416  00000162  RWIX
  ADCARESULT            00000b00   00000018  00000000  00000018  RWIX
  ADCCRESULT            00000b40   00000018  00000000  00000018  RWIX
  CPUTIMER0             00000c00   00000008  00000000  00000008  RWIX
  CPUTIMER1             00000c08   00000008  00000000  00000008  RWIX
  CPUTIMER2             00000c10   00000008  00000000  00000008  RWIX
  PIECTRL               00000ce0   0000001a  00000000  0000001a  RWIX
  PIEVECTTABLE          00000d00   00000200  00000000  00000200  RWIX
  DMA                   00001000   00000200  00000000  00000200  RWIX
  CLB1LOGICCFG          00003000   00000052  00000000  00000052  RWIX
  CLB1LOGICCTRL         00003100   00000040  00000000  00000040  RWIX
  CLB1DATAEXCH          00003180   00000080  00000000  00000080  RWIX
  CLB2LOGICCFG          00003400   00000052  00000000  00000052  RWIX
  CLB2LOGICCTRL         00003500   00000040  00000000  00000040  RWIX
  CLB2DATAEXCH          00003580   00000080  00000000  00000080  RWIX
  EPWM1                 00004000   00000100  00000000  00000100  RWIX
  EPWM2                 00004100   00000100  00000000  00000100  RWIX
  EPWM3                 00004200   00000100  00000000  00000100  RWIX
  EPWM4                 00004300   00000100  00000000  00000100  RWIX
  EPWM5                 00004400   00000100  00000000  00000100  RWIX
  EPWM6                 00004500   00000100  00000000  00000100  RWIX
  EPWM7                 00004600   00000100  00000000  00000100  RWIX
  EQEP1                 00005100   00000040  00000000  00000040  RWIX
  EQEP2                 00005140   00000040  00000000  00000040  RWIX
  ECAP1                 00005200   00000020  00000000  00000020  RWIX
  ECAP2                 00005240   00000020  00000000  00000020  RWIX
  ECAP3                 00005280   00000020  00000000  00000020  RWIX
  HRCAP3                000052a0   00000020  00000000  00000020  RWIX
  CMPSS1                00005c80   00000020  00000000  00000020  RWIX
  CMPSS2                00005ca0   00000020  00000000  00000020  RWIX
  CMPSS3                00005cc0   00000020  00000000  00000020  RWIX
  CMPSS4                00005ce0   00000020  00000000  00000020  RWIX
  SPIA                  00006100   00000010  00000000  00000010  RWIX
  SPIB                  00006110   00000010  00000000  00000010  RWIX
  BGCRCCPU              00006340   00000040  00000000  00000040  RWIX
  PMBUSA                00006400   00000020  00000000  00000020  RWIX
  HIC                   00006500   00000080  00000000  00000080  RWIX
  FSITXA                00006600   00000050  00000000  00000050  RWIX
  FSIRXA                00006680   00000050  00000000  00000050  RWIX
  LINA                  00006a00   000000ec  00000000  000000ec  RWIX
  LINB                  00006b00   000000ec  00000000  000000ec  RWIX
  WD                    00007000   0000002c  00000000  0000002c  RWIX
  NMIINTRUPT            00007060   00000010  00000000  00000010  RWIX
  XINT                  00007070   0000000c  00000000  0000000c  RWIX
  SCIA                  00007200   00000010  00000000  00000010  RWIX
  I2CA                  00007300   00000022  00000000  00000022  RWIX
  I2CB                  00007340   00000022  00000000  00000022  RWIX
  ADCA                  00007400   00000080  00000000  00000080  RWIX
  ADCC                  00007500   00000080  00000000  00000080  RWIX
  INPUTXBAR             00007900   00000020  00000000  00000020  RWIX
  XBAR                  00007920   00000020  00000000  00000020  RWIX
  SYNCSOC               00007940   00000006  00000000  00000006  RWIX
  CLBINPUTXBAR          00007960   00000020  00000000  00000020  RWIX
  DMACLASRCSEL          00007980   0000001a  00000000  0000001a  RWIX
  EPWMXBAR              00007a00   00000040  00000000  00000040  RWIX
  CLBXBAR               00007a40   00000040  00000000  00000040  RWIX
  OUTPUTXBAR            00007a80   00000040  00000000  00000040  RWIX
  CLBOUTPUTXBAR         00007bc0   00000040  00000000  00000040  RWIX
  GPIOCTRL              00007c00   00000200  00000000  00000200  RWIX
  GPIODATA              00007f00   00000040  00000000  00000040  RWIX
  GPIODATAREAD          00007f80   00000010  00000000  00000010  RWIX
  RAMLS4                0000a000   00000800  000005a8  00000258  RWIX
  RAMLS567              0000a800   00001800  000010c8  00000738  RWIX
  RAMGS0                0000c000   000007f8  00000000  000007f8  RWIX
  CANA                  00048000   00000200  00000000  00000200  RWIX
  DEVCFG                0005d000   000001ac  00000000  000001ac  RWIX
  CLKCFG                0005d200   00000100  00000000  00000100  RWIX
  CPUSYS                0005d300   000000a0  00000000  000000a0  RWIX
  SYSPERIPHAC           0005d500   00000200  00000000  00000200  RWIX
  ANALOGSUBSYS          0005d700   00000100  00000000  00000100  RWIX
  DCC0                  0005e700   00000038  00000000  00000038  RWIX
  DCC1                  0005e740   00000038  00000000  00000038  RWIX
  ERADGLOBAL            0005e800   00000014  00000000  00000014  RWIX
  ERADHWBP1             0005e900   00000008  00000000  00000008  RWIX
  ERADHWBP2             0005e908   00000008  00000000  00000008  RWIX
  ERADHWBP3             0005e910   00000008  00000000  00000008  RWIX
  ERADHWBP4             0005e918   00000008  00000000  00000008  RWIX
  ERADHWBP5             0005e920   00000008  00000000  00000008  RWIX
  ERADHWBP6             0005e928   00000008  00000000  00000008  RWIX
  ERADHWBP7             0005e930   00000008  00000000  00000008  RWIX
  ERADHWBP8             0005e938   00000008  00000000  00000008  RWIX
  ERADCOUNTER1          0005e980   00000010  00000000  00000010  RWIX
  ERADCOUNTER2          0005e990   00000010  00000000  00000010  RWIX
  ERADCOUNTER3          0005e9a0   00000010  00000000  00000010  RWIX
  ERADCOUNTER4          0005e9b0   00000010  00000000  00000010  RWIX
  ERADCRCGLOBAL         0005ea00   00000010  00000000  00000010  RWIX
  ERADCRC1              0005ea10   00000010  00000000  00000010  RWIX
  ERADCRC2              0005ea20   00000010  00000000  00000010  RWIX
  ERADCRC3              0005ea30   00000010  00000000  00000010  RWIX
  ERADCRC4              0005ea40   00000010  00000000  00000010  RWIX
  ERADCRC5              0005ea50   00000010  00000000  00000010  RWIX
  ERADCRC6              0005ea60   00000010  00000000  00000010  RWIX
  ERADCRC7              0005ea70   00000010  00000000  00000010  RWIX
  ERADCRC8              0005ea80   00000010  00000000  00000010  RWIX
  DCSMBANK0Z1           0005f000   00000024  00000000  00000024  RWIX
  DCSMBANK0Z2           0005f040   00000024  00000000  00000024  RWIX
  DCSMCOMMON            0005f070   00000010  00000000  00000010  RWIX
  MEMCFG                0005f400   000000c0  00000000  000000c0  RWIX
  ACCESSPROTECTION      0005f500   0000003e  00000000  0000003e  RWIX
  MEMORYERROR           0005f540   00000040  00000000  00000040  RWIX
  FLASH0CTRL            0005f800   00000182  00000000  00000182  RWIX
  FLASH0ECC             0005fb00   00000028  00000000  00000028  RWIX
  FLASHBANK0_BOOT       00080000   00001000  00000002  00000ffe  RWIX
  FLASHBANK0_CODE       00081000   0000d000  00004c47  000083b9  RWIX
  FLASHBANK0_DATA       0008e000   00001000  0000003c  00000fc4  RWIX
  FLASHBANK0_PRMS       0008f000   00000ff0  00000000  00000ff0  RWIX
  RESET                 003fffc0   00000002  00000000  00000002  RWIX


SECTION ALLOCATION MAP

 output                                  attributes/
section   page    origin      length       input sections
--------  ----  ----------  ----------   ----------------
.reset     0    003fffc0    00000000     DSECT

.stack     0    00000128    00000100     UNINITIALIZED
                  00000128    00000100     --HOLE--

foc_data   0    00000280    00000290     UNINITIALIZED
                  00000280    00000290     motor1_drive.obj (foc_data)

hal_data   0    00000510    00000026     UNINITIALIZED
                  00000510    00000026     hal.obj (hal_data)

.data      0    00000536    0000000a     UNINITIALIZED
                  00000536    00000006     rts2800_fpu32_eabi.lib : exit.c.obj (.data)
                  0000053c    00000002                            : _lock.c.obj (.data:_lock)
                  0000053e    00000002                            : _lock.c.obj (.data:_unlock)

user_data 
*          0    00000540    00000142     UNINITIALIZED
                  00000540    00000142     user_mtr1.obj (user_data)

sys_data   0    00000682    00000014     UNINITIALIZED
                  00000682    00000014     sys_main.obj (sys_data)

ctrlfuncs 
*          0    0000a800    00000000     UNINITIALIZED

codestart 
*          0    00080000    00000002     
                  00080000    00000002     f28002x_codestartbranch.obj (codestart)

.TI.ramfunc 
*          0    00081000    000010c8     RUN ADDR = 0000a800
                  00081000    0000072e     fast_full_lib_eabi.lib : est_flib_priv.obj (.TI.ramfunc:EST_runEst)
                  0008172e    00000561     motor1_drive.obj (.TI.ramfunc:motor1CtrlISR)
                  00081c8f    00000213     fast_full_lib_eabi.lib : est_all_identify_flib_priv.obj (.TI.ramfunc:EST_configureTrajState)
                  00081ea2    000000b4                            : est_flib_priv.obj (.TI.ramfunc:EST_run)
                  00081f56    0000007f                            : est_all_run_flib_priv.obj (.TI.ramfunc:EST_setupTrajState)
                  00081fd5    0000005d                            : est_Traj_flib_priv.obj (.TI.ramfunc:EST_Traj_run)
                  00082032    0000003f     driverlib.lib : flash.obj (.TI.ramfunc:Flash_initModule)
                  00082071    00000016     fast_full_lib_eabi.lib : est_flib_priv.obj (.TI.ramfunc:EST_doSpeedCtrl)
                  00082087    0000000f                            : est_flib_priv.obj (.TI.ramfunc:EST_updateId_ref_A)
                  00082096    0000000a                            : est_flib_priv.obj (.TI.ramfunc:EST_doCurrentCtrl)
                  000820a0    00000009                            : est_flib_priv.obj (.TI.ramfunc:EST_getIntValue_spd_Hz)
                  000820a9    00000008                            : est_flib_priv.obj (.TI.ramfunc:EST_getIdRated_A)
                  000820b1    00000007                            : est_flib_priv.obj (.TI.ramfunc:EST_getIntValue_Id_A)
                  000820b8    00000006                            : est_flib_priv.obj (.TI.ramfunc:EST_runTraj)
                  000820be    00000004                            : est_flib_priv.obj (.TI.ramfunc:EST_isEnabled)
                  000820c2    00000004     driverlib.lib : sysctl.obj (.TI.ramfunc)
                  000820c6    00000002     fast_full_lib_eabi.lib : est_flib_priv.obj (.TI.ramfunc:EST_getState)

.text      0    000820c8    00003b33     
                  000820c8    00000408     fast_full_lib_eabi.lib : est_flib_priv.obj (.text:EST_setParams)
                  000824d0    00000342     motor1_drive.obj (.text:runMotor1OffsetsCalculation)
                  00082812    000002b9     motor1_drive.obj (.text:initMotor1CtrlParameters)
                  00082acb    000002b2     motor1_drive.obj (.text:runMotor1Control)
                  00082d7d    000002a1     hal.obj (.text:HAL_setupGPIOs)
                  0008301e    00000284     fast_full_lib_eabi.lib : est_flib_priv.obj (.text:EST_updateState)
                  000832a2    0000025b     user_mtr1.obj (.text:USER_setMotor1Params)
                  000834fd    000001e3     motor_common.obj (.text:runMotorMonitor)
                  000836e0    000001be     fast_full_lib_eabi.lib : est_flib_priv.obj (.text:EST_reset)
                  0008389e    00000197     sys_main.obj (.text:main)
                  00083a35    0000015f     hal.obj (.text:HAL_setupPWMs)
                  00083b94    0000011d     driverlib.lib : sysctl.obj (.text:SysCtl_setClock)
                  00083cb1    0000010f     fast_full_lib_eabi.lib : est_Traj_flib_priv.obj (.text:EST_Traj_configure)
                  00083dc0    0000010d     motor_common.obj (.text:setupControllers)
                  00083ecd    00000001     rts2800_fpu32_eabi.lib : startup.c.obj (.text)
                  00083ece    000000fa     hal.obj (.text:HAL_setupMtrFaults)
                  00083fc8    000000e9     driverlib.lib : sysctl.obj (.text:SysCtl_isPLLValid)
                  000840b1    000000d6     motor_common.obj (.text:updateGlobalVariables)
                  00084187    000000c6     hal.obj (.text:HAL_setupADCs)
                  0008424d    000000c4     fast_full_lib_eabi.lib : est_flib_priv.obj (.text:EST_init)
                  00084311    000000ab                            : est_Traj_flib_priv.obj (.text:EST_Traj_setParams)
                  000843bc    000000a0     device.obj (.text:Device_enableAllPeripherals)
                  0008445c    00000088     rts2800_fpu32_eabi.lib : fs_div28.asm.obj (.text)
                  000844e4    00000086     fast_full_lib_eabi.lib : est_Dir_flib_priv.obj (.text:EST_Dir_setLpFilterParams)
                  0008456a    00000086     motor_common.obj (.text:resetMotorControl)
                  000845f0    00000080     motor_common.obj (.text:calculateRMSData)
                  00084670    0000007c     hal.obj (.text:HAL_setupCMPSSs)
                  000846ec    00000077     fast_full_lib_eabi.lib : user_flib_priv.obj (.text:USER_setParams_priv)
                  00084763    00000071     hal.obj (.text:HAL_setupI2CA)
                  000847d4    00000061     motor_common.obj (.text:runRsOnLine)
                  00084835    0000005e     hal.obj (.text:HAL_MTR_setGateDriver)
                  00084893    0000005c     fast_full_lib_eabi.lib : est_Flux_flib_priv.obj (.text:EST_Flux_setParams)
                  000848ef    00000059                            : est_Traj_flib_priv.obj (.text:EST_Traj_updateState)
                  00084948    00000052     hal.obj (.text:HAL_setupSCIA)
                  0008499a    0000004f     motor_common.obj (.text:restartMotorControl)
                  000849e9    0000004e     fast_full_lib_eabi.lib : est_Freq_flib_priv.obj (.text:EST_Freq_setParams)
                  00084a37    0000004d     motor_common.obj (.text:collectRMSData)
                  00084a84    0000004a     fast_full_lib_eabi.lib : est_Dir_flib_priv.obj (.text:EST_Dir_setHpFilterParams)
                  00084ace    0000004a                            : est_Flux_ab_flib_priv.obj (.text:EST_Flux_ab_setDerFilterParams)
                  00084b18    0000004a                            : est_Iab_flib_priv.obj (.text:EST_Iab_setLpFilterParams)
                  00084b62    0000004a                            : est_Idq_flib_priv.obj (.text:EST_Idq_setLpFilterParams)
                  00084bac    0000004a                            : est_Vdq_flib_priv.obj (.text:EST_Vdq_setLpFilterParams)
                  00084bf6    00000045                            : est_RsOnLine_flib_priv.obj (.text:EST_RsOnLine_setParams)
                  00084c3b    00000045     driverlib.lib : sysctl.obj (.text:SysCtl_selectXTAL)
                  00084c80    00000041     hal.obj (.text:HAL_setupSPI)
                  00084cc1    00000041     driverlib.lib : interrupt.obj (.text:Interrupt_initModule)
                  00084d02    0000003f     fast_full_lib_eabi.lib : est_Ls_flib_priv.obj (.text:EST_Ls_setParams)
                  00084d41    0000003f     driverlib.lib : gpio.obj (.text:GPIO_setPadConfig)
                  00084d80    0000003e                   : sysctl.obj (.text:SysCtl_pollX1Counter)
                  00084dbe    0000003d     drv8323s.obj (.text:DRV8323_readSPI)
                  00084dfb    0000003d     fast_full_lib_eabi.lib : est_RsOnLine_flib_priv.obj (.text:EST_RsOnLine_setLpFilterParams)
                  00084e38    0000003c     driverlib.lib : i2c.obj (.text:I2C_initController)
                  00084e74    0000003b     drv8323s.obj (.text:DRV8323_writeData)
                  00084eaf    0000003a     fast_full_lib_eabi.lib : est_Flux_flib_priv.obj (.text:EST_Flux_updateState)
                  00084ee9    00000038     drv8323s.obj (.text:DRV8323_setupSPI)
                  00084f21    00000038     hal.obj (.text:HAL_MTR1_init)
                  00084f59    00000037     drv8323s.obj (.text:DRV8323_enable)
                  00084f90    00000037     drv8323s.obj (.text:DRV8323_readData)
                  00084fc7    00000037     device.obj (.text:Device_init)
                  00084ffe    00000036     driverlib.lib : interrupt.obj (.text:Interrupt_enable)
                  00085034    00000035     fast_full_lib_eabi.lib : est_Ls_flib_priv.obj (.text:EST_Ls_updateState)
                  00085069    00000033                            : est_Rr_flib_priv.obj (.text:EST_Rr_updateState)
                  0008509c    00000033                            : est_Rs_flib_priv.obj (.text:EST_Rs_updateState)
                  000850cf    00000031                            : est_Dir_flib_priv.obj (.text:EST_Dir_init)
                  00085100    00000030     driverlib.lib : gpio.obj (.text:GPIO_setPinConfig)
                  00085130    00000030     rts2800_fpu32_eabi.lib : copy_decompress_lzss.c.obj (.text:decompress:lzss)
                  00085160    0000002f     motor_common.obj (.text:calcMotorOverCurrentThreshold)
                  0008518f    0000002e     fast_full_lib_eabi.lib : est_Iab_flib_priv.obj (.text:EST_Iab_resetLpFilters)
                  000851bd    0000002d     hal.obj (.text:HAL_init)
                  000851ea    0000002c     hal.obj (.text:HAL_MTR_setParams)
                  00085216    0000002b     driverlib.lib : sysctl.obj (.text:SysCtl_selectOscSource)
                  00085241    0000002b                   : xbar.obj (.text:XBAR_setEPWMMuxConfig)
                  0008526c    0000002b     rts2800_fpu32_eabi.lib : autoinit.c.obj (.text:__TI_auto_init_nobinit_nopinit)
                  00085297    0000002a     fast_full_lib_eabi.lib : est_Freq_flib_priv.obj (.text:EST_Freq_setDerFilterParams)
                  000852c1    0000002a                            : est_Freq_flib_priv.obj (.text:EST_Freq_setLpFilterParams)
                  000852eb    0000002a                            : est_Vdq_flib_priv.obj (.text:EST_Vdq_resetLpFilters)
                  00085315    0000002a     hal.obj (.text:HAL_setupTimeBaseTimer)
                  0008533f    00000029     fast_full_lib_eabi.lib : est_OneOverDcBus_flib_priv.obj (.text:EST_OneOverDcBus_setParams)
                  00085368    00000029                            : est_RsOnLine_flib_priv.obj (.text:EST_RsOnLine_init)
                  00085391    00000029                            : est_flib_priv.obj (.text:EST_setFluxBeta_lp)
                  000853ba    00000029     rts2800_fpu32_eabi.lib : exit.c.obj (.text)
                  000853e3    00000028     fast_full_lib_eabi.lib : est_flib_priv.obj (.text:EST_computeTorque_Nm)
                  0008540b    00000026     drv8323s.obj (.text:DRV8323_writeSPI)
                  00085431    00000026     fast_full_lib_eabi.lib : est_Angle_flib_priv.obj (.text:EST_Angle_setParams)
                  00085457    00000026                            : est_Idq_flib_priv.obj (.text:EST_Idq_resetLpFilters)
                  0008547d    00000024     hal.obj (.text:HAL_setParams)
                  000854a1    00000023     driverlib.lib : sci.obj (.text:SCI_setConfig)
                  000854c4    00000022                   : gpio.obj (.text:GPIO_setQualificationMode)
                  000854e6    00000021                   : sysctl.obj (.text:SysCtl_selectXTALSingleEnded)
                  00085507    00000020                   : gpio.obj (.text:GPIO_setDirectionMode)
                  00085527    00000020     hal.obj (.text:HAL_setTriggerPrams)
                  00085547    0000001f     driverlib.lib : spi.obj (.text:SPI_setConfig)
                  00085566    0000001e     fast_full_lib_eabi.lib : est_flib_priv.obj (.text:EST_computeLmag_H)
                  00085584    0000001e     driverlib.lib : spi.obj (.text:SPI_clearInterruptStatus)
                  000855a2    0000001d     rts2800_fpu32_eabi.lib : memcpy.c.obj (.text)
                  000855bf    0000001c     fast_full_lib_eabi.lib : est_Dir_flib_priv.obj (.text:EST_Dir_resetLpFilters)
                  000855db    0000001c                            : est_Rr_flib_priv.obj (.text:EST_Rr_setParams)
                  000855f7    0000001c                            : est_Rs_flib_priv.obj (.text:EST_Rs_setParams)
                  00085613    0000001c                            : est_Traj_flib_priv.obj (.text:EST_Traj_init)
                  0008562f    0000001c                            : est_flib_priv.obj (.text:EST_setFreqBetaOmega_der)
                  0008564b    0000001c     driverlib.lib : sci.obj (.text:SCI_clearInterruptStatus)
                  00085667    0000001b     fast_full_lib_eabi.lib : est_flib_priv.obj (.text:EST_setFlux_ab_betaOmega_der)
                  00085682    0000001b     driverlib.lib : gpio.obj (.text:GPIO_setQualificationPeriod)
                  0008569d    0000001b     hal.obj (.text:HAL_setupCPUUsageTimer)
                  000856b8    0000001a     motor1_drive.obj (.text:initMotor1Handles)
                  000856d2    00000019     driverlib.lib : adc.obj (.text:ADC_setVREF)
                  000856eb    00000019                   : cmpss.obj (.text:CMPSS_configFilterHigh)
                  00085704    00000019                   : cmpss.obj (.text:CMPSS_configFilterLow)
                  0008571d    00000019     motor_common.obj (.text:setupClarke_I)
                  00085736    00000018     fast_full_lib_eabi.lib : est_Traj_flib_priv.obj (.text:EST_Traj_reset)
                  0008574e    00000017     rts2800_fpu32_eabi.lib : boot28.asm.obj (.text)
                  00085765    00000016     fast_full_lib_eabi.lib : est_Flux_ab_flib_priv.obj (.text:EST_Flux_ab_init)
                  0008577b    00000016                            : est_Freq_flib_priv.obj (.text:EST_Freq_init)
                  00085791    00000016                            : est_Iab_flib_priv.obj (.text:EST_Iab_init)
                  000857a7    00000016                            : est_Iab_flib_priv.obj (.text:EST_Iab_setParams)
                  000857bd    00000016                            : est_Idq_flib_priv.obj (.text:EST_Idq_init)
                  000857d3    00000016                            : est_Vdq_flib_priv.obj (.text:EST_Vdq_init)
                  000857e9    00000015     driverlib.lib : adc.obj (.text:ADC_setOffsetTrimAll)
                  000857fe    00000015     fast_full_lib_eabi.lib : est_flib_priv.obj (.text:EST_setFreqBeta_lp)
                  00085813    00000015                            : est_flib_priv.obj (.text:EST_setIab_beta_lp)
                  00085828    00000015                            : est_flib_priv.obj (.text:EST_setIdq_beta_lp)
                  0008583d    00000015                            : est_flib_priv.obj (.text:EST_setVdq_beta_lp)
                  00085852    00000015     driverlib.lib : interrupt.obj (.text:Interrupt_initVectorTable)
                  00085867    00000014     motor_common.obj (.text:setupClarke_V)
                  0008587b    00000013     fast_full_lib_eabi.lib : est_Idq_flib_priv.obj (.text:EST_Idq_setParams)
                  0008588e    00000013     driverlib.lib : i2c.obj (.text:I2C_enableInterrupt)
                  000858a1    00000012     fast_full_lib_eabi.lib : est_Vdq_flib_priv.obj (.text:EST_Vdq_setParams)
                  000858b3    00000012                            : est_flib_priv.obj (.text:EST_initEst)
                  000858c5    00000012     hal.obj (.text:HAL_setMtrCMPSSDACValue)
                  000858d7    00000011     driverlib.lib : i2c.obj (.text:I2C_clearInterruptStatus)
                  000858e8    00000011     communication.obj (.text:canaISR)
                  000858f9    00000010     device.obj (.text:Device_initGPIO)
                  00085909    00000010     fast_full_lib_eabi.lib : est_Dir_flib_priv.obj (.text:EST_Dir_resetHpFilters)
                  00085919    00000010                            : est_Flux_ab_flib_priv.obj (.text:EST_Flux_ab_resetDerFilters)
                  00085929    00000010     motor_common.obj (.text:stopMotorControl)
                  00085939    0000000f     fast_full_lib_eabi.lib : est_Flux_flib_priv.obj (.text:EST_Flux_init)
                  00085948    0000000f                            : est_OneOverDcBus_flib_priv.obj (.text:EST_OneOverDcBus_init)
                  00085957    0000000f                            : est_all_setup_flib_priv.obj (.text:EST_setFreqLFP_sf)
                  00085966    0000000e                            : est_flib_priv.obj (.text:EST_getFlux_Wb)
                  00085974    0000000e                            : est_flib_priv.obj (.text:EST_getFm_lp_Hz)
                  00085982    0000000d     hal.obj (.text:HAL_enableCtrlInts)
                  0008598f    0000000c     fast_full_lib_eabi.lib : est_all_setup_flib_priv.obj (.text:EST_setBemf_sf)
                  0008599b    0000000c                            : est_all_setup_flib_priv.obj (.text:EST_setOneOverFluxGain_sf)
                  000859a7    0000000c     driverlib.lib : interrupt.obj (.text:Interrupt_defaultHandler)
                  000859b3    0000000c     rts2800_fpu32_eabi.lib : args_main.c.obj (.text)
                  000859bf    0000000b     fast_full_lib_eabi.lib : est_Dir_flib_priv.obj (.text:EST_Dir_setParams)
                  000859ca    0000000a                            : est_Flux_ab_flib_priv.obj (.text:EST_Flux_ab_setParams)
                  000859d4    0000000a     driverlib.lib : interrupt.obj (.text:Interrupt_illegalOperationHandler)
                  000859de    0000000a                   : interrupt.obj (.text:Interrupt_nmiHandler)
                  000859e8    00000009                   : epwm.obj (.text:EPWM_setEmulationMode)
                  000859f1    00000009     fast_full_lib_eabi.lib : est_flib_priv.obj (.text:EST_computePower_W)
                  000859fa    00000009                            : est_flib_priv.obj (.text:EST_setAngle_rad)
                  00085a03    00000009                            : inverse_flib_priv.obj (.text:INVERSE_setParams)
                  00085a0c    00000009     rts2800_fpu32_eabi.lib : _lock.c.obj (.text)
                  00085a15    00000008     fast_full_lib_eabi.lib : est_flib_priv.obj (.text:EST_enableTraj)
                  00085a1d    00000008                            : est_flib_priv.obj (.text:EST_getLs_d_H)
                  00085a25    00000008                            : est_flib_priv.obj (.text:EST_getLs_q_H)
                  00085a2d    00000008                            : est_flib_priv.obj (.text:EST_getRr_Ohm)
                  00085a35    00000008                            : est_flib_priv.obj (.text:EST_getRsOnLine_Ohm)
                  00085a3d    00000008                            : est_flib_priv.obj (.text:EST_getRs_Ohm)
                  00085a45    00000008                            : est_flib_priv.obj (.text:EST_isError)
                  00085a4d    00000008                            : est_flib_priv.obj (.text:EST_isIdle)
                  00085a55    00000008                            : est_flib_priv.obj (.text:EST_isLockRotor)
                  00085a5d    00000008                            : est_flib_priv.obj (.text:EST_setFlag_enablePowerWarp)
                  00085a65    00000008                            : est_flib_priv.obj (.text:EST_setLs_d_H)
                  00085a6d    00000008                            : est_flib_priv.obj (.text:EST_setLs_q_H)
                  00085a75    00000008                            : est_flib_priv.obj (.text:EST_setRr_Ohm)
                  00085a7d    00000008                            : est_flib_priv.obj (.text:EST_setRsOnLineId_A)
                  00085a85    00000008                            : est_flib_priv.obj (.text:EST_setRsOnLineId_mag_A)
                  00085a8d    00000008                            : est_flib_priv.obj (.text:EST_setRsOnLine_Ohm)
                  00085a95    00000008     rts2800_fpu32_eabi.lib : copy_decompress_none.c.obj (.text:decompress:none)
                  00085a9d    00000008     f28002x_codestartbranch.obj (.text)
                  00085aa5    00000007     fast_full_lib_eabi.lib : est_Eab_flib_priv.obj (.text:EST_Eab_setParams)
                  00085aac    00000007                            : est_Flux_flib_priv.obj (.text:EST_Flux_setWaitTimes)
                  00085ab3    00000007                            : est_Freq_flib_priv.obj (.text:EST_Freq_resetDerFilter)
                  00085aba    00000007                            : est_Freq_flib_priv.obj (.text:EST_Freq_resetLpFilter)
                  00085ac1    00000007                            : est_Ls_flib_priv.obj (.text:EST_Ls_setWaitTimes)
                  00085ac8    00000007                            : est_Rr_flib_priv.obj (.text:EST_Rr_setWaitTimes)
                  00085acf    00000007                            : est_Rs_flib_priv.obj (.text:EST_Rs_setWaitTimes)
                  00085ad6    00000007                            : est_flib_priv.obj (.text:EST_configureTraj)
                  00085add    00000007                            : est_flib_priv.obj (.text:EST_disableTraj)
                  00085ae4    00000007                            : est_flib_priv.obj (.text:EST_setMotorParams)
                  00085aeb    00000007                            : est_flib_priv.obj (.text:EST_setWaitTimes)
                  00085af2    00000007                            : est_flib_priv.obj (.text:EST_updateTrajState)
                  00085af9    00000007     hal.obj (.text:HAL_clearDataRAM)
                  00085b00    00000007     rts2800_fpu32_eabi.lib : memset.c.obj (.text)
                  00085b07    00000006     driverlib.lib : cputimer.obj (.text:CPUTimer_setEmulationMode)
                  00085b0d    00000006     fast_full_lib_eabi.lib : est_Traj_flib_priv.obj (.text:EST_Traj_isError)
                  00085b13    00000006                            : est_flib_priv.obj (.text:EST_getFe_rps)
                  00085b19    00000006                            : est_flib_priv.obj (.text:EST_isTrajError)
                  00085b1f    00000006                            : est_flib_priv.obj (.text:EST_setId_ref_A)
                  00085b25    00000006                            : est_flib_priv.obj (.text:EST_setIq_ref_A)
                  00085b2b    00000006     filter_fo.obj (.text:FILTER_FO_setInitialConditions)
                  00085b31    00000006     rts2800_fpu32_eabi.lib : copy_zero_init.c.obj (.text:decompress:ZI)
                  00085b37    00000005     fast_full_lib_eabi.lib : est_Edq_flib_priv.obj (.text:EST_Edq_setEdq_V)
                  00085b3c    00000005                            : est_Flux_dq_flib_priv.obj (.text:EST_Flux_dq_setFlux_Wb)
                  00085b41    00000005                            : est_Vab_flib_priv.obj (.text:EST_Vab_setVab_V)
                  00085b46    00000005                            : est_flib_priv.obj (.text:EST_enable)
                  00085b4b    00000005                            : est_flib_priv.obj (.text:EST_getTrajState)
                  00085b50    00000005     filter_fo.obj (.text:FILTER_FO_setNumCoeffs)
                  00085b55    00000005     hal.obj (.text:HAL_readDRVData)
                  00085b5a    00000005     hal.obj (.text:HAL_writeDRVData)
                  00085b5f    00000004     clarke.obj (.text:CLARKE_init)
                  00085b63    00000004     fast_full_lib_eabi.lib : est_Angle_flib_priv.obj (.text:EST_Angle_init)
                  00085b67    00000004                            : est_Eab_flib_priv.obj (.text:EST_Eab_init)
                  00085b6b    00000004                            : est_Edq_flib_priv.obj (.text:EST_Edq_init)
                  00085b6f    00000004                            : est_Flux_dq_flib_priv.obj (.text:EST_Flux_dq_init)
                  00085b73    00000004                            : est_Ls_flib_priv.obj (.text:EST_Ls_init)
                  00085b77    00000004                            : est_Rr_flib_priv.obj (.text:EST_Rr_init)
                  00085b7b    00000004                            : est_Rs_flib_priv.obj (.text:EST_Rs_init)
                  00085b7f    00000004                            : est_Vab_flib_priv.obj (.text:EST_Vab_init)
                  00085b83    00000004                            : est_flib_priv.obj (.text:EST_disable)
                  00085b87    00000004                            : est_flib_priv.obj (.text:EST_getFlag_bypassLockRotor)
                  00085b8b    00000004                            : est_flib_priv.obj (.text:EST_getFlag_enable)
                  00085b8f    00000004                            : est_flib_priv.obj (.text:EST_getFlag_enableRsOnLine_inline)
                  00085b93    00000004                            : est_flib_priv.obj (.text:EST_getFlag_enableRsRecalc)
                  00085b97    00000004                            : est_flib_priv.obj (.text:EST_getRoverL_rps_inline)
                  00085b9b    00000004                            : est_flib_priv.obj (.text:EST_isMotorIdentified)
                  00085b9f    00000004                            : est_flib_priv.obj (.text:EST_setFlag_bypassLockRotor)
                  00085ba3    00000004                            : est_flib_priv.obj (.text:EST_setFlag_enable)
                  00085ba7    00000004                            : est_flib_priv.obj (.text:EST_setFlag_enableFluxControl)
                  00085bab    00000004                            : est_flib_priv.obj (.text:EST_setFlag_enableForceAngle)
                  00085baf    00000004                            : est_flib_priv.obj (.text:EST_setFlag_enableRsOnLine_inline)
                  00085bb3    00000004                            : est_flib_priv.obj (.text:EST_setFlag_enableRsRecalc)
                  00085bb7    00000004                            : est_flib_priv.obj (.text:EST_setFlag_updateRs)
                  00085bbb    00000004     filter_fo.obj (.text:FILTER_FO_init)
                  00085bbf    00000004     hal.obj (.text:HAL_enableGlobalInts)
                  00085bc3    00000004     fast_full_lib_eabi.lib : inverse_flib_priv.obj (.text:INVERSE_init)
                  00085bc7    00000004     ipark.obj (.text:IPARK_init)
                  00085bcb    00000004     park.obj (.text:PARK_init)
                  00085bcf    00000004     pi.obj (.text:PI_init)
                  00085bd3    00000004     svgen.obj (.text:SVGEN_init)
                  00085bd7    00000004     traj.obj (.text:TRAJ_init)
                  00085bdb    00000003     drv8323s.obj (.text:DRV8323_init)
                  00085bde    00000003     fast_full_lib_eabi.lib : est_flib_priv.obj (.text:EST_checkForErrors)
                  00085be1    00000003                            : est_all_setup_flib_priv.obj (.text:EST_getFASTVersion)
                  00085be4    00000003                            : est_flib_priv.obj (.text:EST_resetCounter_isr)
                  00085be7    00000003                            : est_flib_priv.obj (.text:EST_resetCounter_state)
                  00085bea    00000003                            : est_flib_priv.obj (.text:EST_setNumIsrTicksPerEstTick)
                  00085bed    00000003     filter_fo.obj (.text:FILTER_FO_setDenCoeffs)
                  00085bf0    00000003     hal.obj (.text:HAL_enableDebugInt)
                  00085bf3    00000002     drv8323s.obj (.text:DRV8323_setGPIOCSNumber)
                  00085bf5    00000002     drv8323s.obj (.text:DRV8323_setGPIOENNumber)
                  00085bf7    00000002     drv8323s.obj (.text:DRV8323_setSPIHandle)
                  00085bf9    00000002     rts2800_fpu32_eabi.lib : pre_init.c.obj (.text)

ramfuncs   0    000820c8    00000000     UNINITIALIZEDRUN ADDR = 0000b8c8

dclfuncs   0    000820c8    00000000     UNINITIALIZEDRUN ADDR = 0000b8c8

dcl32funcs 
*          0    000820c8    00000000     UNINITIALIZEDRUN ADDR = 0000b8c8

.cinit     0    0008e000    0000003c     
                  0008e000    00000009     (.cinit..data.load) [load image, compression = lzss]
                  0008e009    00000001     --HOLE-- [fill = 0]
                  0008e00a    00000006     (__TI_handler_table)
                  0008e010    00000004     (.cinit.est_data.load) [load image, compression = zero_init]
                  0008e014    00000004     (.cinit.foc_data.load) [load image, compression = zero_init]
                  0008e018    00000004     (.cinit.hal_data.load) [load image, compression = zero_init]
                  0008e01c    00000004     (.cinit.sys_data.load) [load image, compression = zero_init]
                  0008e020    00000004     (.cinit.user_data.load) [load image, compression = zero_init]
                  0008e024    00000018     (__TI_cinit_table)

.init_array 
*          0    00081000    00000000     UNINITIALIZED

.const     0    00085c00    0000004c     
                  00085c00    00000040     fast_full_lib_eabi.lib : est_flib_priv.obj (.const)
                  00085c40    00000004                            : est_Iab_flib_priv.obj (.const)
                  00085c44    00000004                            : est_Idq_flib_priv.obj (.const)
                  00085c48    00000004                            : est_Vdq_flib_priv.obj (.const)

est_data   0    0000a000    000005a8     UNINITIALIZED
                  0000a000    000005a8     fast_full_lib_eabi.lib : est_flib_priv.obj (est_data)

vibc_data 
*          0    0000c000    00000000     UNINITIALIZED

dmaBuf_data 
*          0    0000c000    00000000     UNINITIALIZED

datalog_data 
*          0    0000c000    00000000     UNINITIALIZED

SFRA_F32_Data 
*          0    0000c000    00000000     UNINITIALIZED

MODULE SUMMARY

       Module                           code    ro data   rw data
       ------                           ----    -------   -------
    .\
       sys_main.obj                     407     0         20     
    +--+--------------------------------+-------+---------+---------+
       Total:                           407     0         20     
                                                                 
    .\libraries\control\pi\
       pi.obj                           4       0         0      
    +--+--------------------------------+-------+---------+---------+
       Total:                           4       0         0      
                                                                 
    .\libraries\filter\filter_fo\
       filter_fo.obj                    18      0         0      
    +--+--------------------------------+-------+---------+---------+
       Total:                           18      0         0      
                                                                 
    .\libraries\transforms\clarke\
       clarke.obj                       4       0         0      
    +--+--------------------------------+-------+---------+---------+
       Total:                           4       0         0      
                                                                 
    .\libraries\transforms\ipark\
       ipark.obj                        4       0         0      
    +--+--------------------------------+-------+---------+---------+
       Total:                           4       0         0      
                                                                 
    .\libraries\transforms\park\
       park.obj                         4       0         0      
    +--+--------------------------------+-------+---------+---------+
       Total:                           4       0         0      
                                                                 
    .\libraries\transforms\svgen\
       svgen.obj                        4       0         0      
    +--+--------------------------------+-------+---------+---------+
       Total:                           4       0         0      
                                                                 
    .\libraries\utilities\traj\
       traj.obj                         4       0         0      
    +--+--------------------------------+-------+---------+---------+
       Total:                           4       0         0      
                                                                 
    .\src_board\
       hal.obj                          2287    0         38     
       user_mtr1.obj                    603     0         322    
    +--+--------------------------------+-------+---------+---------+
       Total:                           2890    0         360    
                                                                 
    .\src_board\drvic\
       drv8323s.obj                     333     0         0      
    +--+--------------------------------+-------+---------+---------+
       Total:                           333     0         0      
                                                                 
    .\src_control\
       motor1_drive.obj                 5001    0         656    
       motor_common.obj                 1589    0         0      
       communication.obj                17      0         0      
    +--+--------------------------------+-------+---------+---------+
       Total:                           6607    0         656    
                                                                 
    .\src_device\
       device.obj                       231     0         0      
       f28002x_codestartbranch.obj      10      0         0      
    +--+--------------------------------+-------+---------+---------+
       Total:                           241     0         0      
                                                                 
    ../src_device/driverlib.lib
       sysctl.obj                       733     0         0      
       gpio.obj                         204     0         0      
       interrupt.obj                    172     0         0      
       flash.obj                        126     0         0      
       i2c.obj                          96      0         0      
       sci.obj                          63      0         0      
       spi.obj                          61      0         0      
       cmpss.obj                        50      0         0      
       adc.obj                          46      0         0      
       xbar.obj                         43      0         0      
       epwm.obj                         9       0         0      
       cputimer.obj                     6       0         0      
    +--+--------------------------------+-------+---------+---------+
       Total:                           1609    0         0      
                                                                 
    ..\libraries\observers\est_lib\fast_full_lib_eabi.lib
       est_flib_priv.obj                7099    64        1448   
       est_all_identify_flib_priv.obj   1062    0         0      
       est_Traj_flib_priv.obj           775     0         0      
       est_Dir_flib_priv.obj            312     0         0      
       est_all_run_flib_priv.obj        254     0         0      
       est_Freq_flib_priv.obj           198     0         0      
       est_Flux_flib_priv.obj           172     0         0      
       est_RsOnLine_flib_priv.obj       171     0         0      
       est_Iab_flib_priv.obj            164     4         0      
       est_Vdq_flib_priv.obj            156     4         0      
       est_Idq_flib_priv.obj            153     4         0      
       est_Ls_flib_priv.obj             127     0         0      
       est_Flux_ab_flib_priv.obj        122     0         0      
       user_flib_priv.obj               119     0         0      
       est_Rr_flib_priv.obj             90      0         0      
       est_Rs_flib_priv.obj             90      0         0      
       est_OneOverDcBus_flib_priv.obj   56      0         0      
       est_Angle_flib_priv.obj          42      0         0      
       est_all_setup_flib_priv.obj      42      0         0      
       inverse_flib_priv.obj            13      0         0      
       est_Eab_flib_priv.obj            11      0         0      
       est_Edq_flib_priv.obj            9       0         0      
       est_Flux_dq_flib_priv.obj        9       0         0      
       est_Vab_flib_priv.obj            9       0         0      
    +--+--------------------------------+-------+---------+---------+
       Total:                           11255   76        1448   
                                                                 
    C:\TI\CCS\ccs\tools\compiler\ti-cgt-c2000_22.6.1.LTS\lib\rts2800_fpu32_eabi.lib
       fs_div28.asm.obj                 136     0         0      
       copy_decompress_lzss.c.obj       48      0         0      
       exit.c.obj                       41      0         6      
       autoinit.c.obj                   43      0         0      
       memcpy.c.obj                     29      0         0      
       boot28.asm.obj                   23      0         0      
       _lock.c.obj                      9       0         4      
       args_main.c.obj                  12      0         0      
       copy_decompress_none.c.obj       8       0         0      
       memset.c.obj                     7       0         0      
       copy_zero_init.c.obj             6       0         0      
       pre_init.c.obj                   2       0         0      
       startup.c.obj                    1       0         0      
    +--+--------------------------------+-------+---------+---------+
       Total:                           365     0         10     
                                                                 
       Stack:                           0       0         256    
       Linker Generated:                0       59        0      
    +--+--------------------------------+-------+---------+---------+
       Grand Total:                     23749   135       2750   


LINKER GENERATED COPY TABLES

__TI_cinit_table @ 0008e024 records: 6, size/record: 4, table size: 24
	.data: load addr=0008e000, load size=00000009 bytes, run addr=00000536, run size=0000000a bytes, compression=lzss
	est_data: load addr=0008e010, load size=00000004 bytes, run addr=0000a000, run size=000005a8 bytes, compression=zero_init
	foc_data: load addr=0008e014, load size=00000004 bytes, run addr=00000280, run size=00000290 bytes, compression=zero_init
	hal_data: load addr=0008e018, load size=00000004 bytes, run addr=00000510, run size=00000026 bytes, compression=zero_init
	sys_data: load addr=0008e01c, load size=00000004 bytes, run addr=00000682, run size=00000014 bytes, compression=zero_init
	user_data: load addr=0008e020, load size=00000004 bytes, run addr=00000540, run size=00000142 bytes, compression=zero_init


LINKER GENERATED HANDLER TABLE

__TI_handler_table @ 0008e00a records: 3, size/record: 2, table size: 6
	index: 0, handler: __TI_decompress_lzss
	index: 1, handler: __TI_decompress_none
	index: 2, handler: __TI_zero_init


GLOBAL DATA SYMBOLS: SORTED BY DATA PAGE

address     data page           name
--------    ----------------    ----
00000128       4 (00000100)     __stack

00000280       a (00000280)     motorHandle_M1
00000282       a (00000280)     ipark_V_M1
00000286       a (00000280)     park_I_M1
0000028a       a (00000280)     park_V_M1
0000028e       a (00000280)     svgen_M1
00000292       a (00000280)     clarke_V_M1
00000298       a (00000280)     clarke_I_M1
0000029e       a (00000280)     traj_spd_M1
000002a8       a (00000280)     pi_Id_M1

000002c0       b (000002c0)     pi_Iq_M1
000002d0       b (000002c0)     pi_spd_M1

00000300       c (00000300)     halMtr_M1

00000340       d (00000340)     motorSetVars_M1

000003c0       f (000003c0)     motorVars_M1

00000510      14 (00000500)     halHandle
00000512      14 (00000500)     hal
00000536      14 (00000500)     __TI_enable_exit_profile_output
00000538      14 (00000500)     __TI_cleanup_ptr
0000053a      14 (00000500)     __TI_dtors_ptr
0000053c      14 (00000500)     _lock
0000053e      14 (00000500)     _unlock

00000540      15 (00000540)     drvicVars_M1

00000580      16 (00000580)     userParams_M1

00000682      1a (00000680)     systemVars

0000a000     280 (0000a000)     est


GLOBAL SYMBOLS: SORTED ALPHABETICALLY BY Name 

page  address   name                             
----  -------   ----                             
0     000857e9  ADC_setOffsetTrimAll             
0     000856d2  ADC_setVREF                      
0     000853ba  C$$EXIT                          
0     00085b5f  CLARKE_init                      
0     000856eb  CMPSS_configFilterHigh           
0     00085704  CMPSS_configFilterLow            
0     00085b07  CPUTimer_setEmulationMode        
0     00084f59  DRV8323_enable                   
0     00085bdb  DRV8323_init                     
0     00084f90  DRV8323_readData                 
0     00084dbe  DRV8323_readSPI                  
0     00085bf3  DRV8323_setGPIOCSNumber          
0     00085bf5  DRV8323_setGPIOENNumber          
0     00085bf7  DRV8323_setSPIHandle             
0     00084ee9  DRV8323_setupSPI                 
0     00084e74  DRV8323_writeData                
0     0008540b  DRV8323_writeSPI                 
0     000843bc  Device_enableAllPeripherals      
0     00084fc7  Device_init                      
0     000858f9  Device_initGPIO                  
0     000859e8  EPWM_setEmulationMode            
0     00085b63  EST_Angle_init                   
0     00085431  EST_Angle_setParams              
0     000850cf  EST_Dir_init                     
0     00085909  EST_Dir_resetHpFilters           
0     000855bf  EST_Dir_resetLpFilters           
0     00084a84  EST_Dir_setHpFilterParams        
0     000844e4  EST_Dir_setLpFilterParams        
0     000859bf  EST_Dir_setParams                
0     00085b67  EST_Eab_init                     
0     00085aa5  EST_Eab_setParams                
0     00085b6b  EST_Edq_init                     
0     00085b37  EST_Edq_setParams                
0     00085765  EST_Flux_ab_init                 
0     00085919  EST_Flux_ab_resetDerFilters      
0     00084ace  EST_Flux_ab_setDerFilterParams   
0     000859ca  EST_Flux_ab_setParams            
0     00085b6f  EST_Flux_dq_init                 
0     00085b3c  EST_Flux_dq_setParams            
0     00085939  EST_Flux_init                    
0     00084893  EST_Flux_setParams               
0     00085aac  EST_Flux_setWaitTimes            
0     00084eaf  EST_Flux_updateState             
0     0008577b  EST_Freq_init                    
0     00085ab3  EST_Freq_resetDerFilter          
0     00085aba  EST_Freq_resetLpFilter           
0     00085297  EST_Freq_setDerFilterParams      
0     000852c1  EST_Freq_setLpFilterParams       
0     000849e9  EST_Freq_setParams               
0     00085791  EST_Iab_init                     
0     0008518f  EST_Iab_resetLpFilters           
0     00084b18  EST_Iab_setLpFilterParams        
0     000857a7  EST_Iab_setParams                
0     000857bd  EST_Idq_init                     
0     00085457  EST_Idq_resetLpFilters           
0     00084b62  EST_Idq_setLpFilterParams        
0     0008587b  EST_Idq_setParams                
0     00085b73  EST_Ls_init                      
0     00084d02  EST_Ls_setParams                 
0     00085ac1  EST_Ls_setWaitTimes              
0     00085034  EST_Ls_updateState               
0     00085948  EST_OneOverDcBus_init            
0     0008533f  EST_OneOverDcBus_setParams       
0     00085b77  EST_Rr_init                      
0     000855db  EST_Rr_setParams                 
0     00085ac8  EST_Rr_setWaitTimes              
0     00085069  EST_Rr_updateState               
0     00085368  EST_RsOnLine_init                
0     00084dfb  EST_RsOnLine_setLpFilterParams   
0     00084bf6  EST_RsOnLine_setParams           
0     00085b7b  EST_Rs_init                      
0     000855f7  EST_Rs_setParams                 
0     00085acf  EST_Rs_setWaitTimes              
0     0008509c  EST_Rs_updateState               
0     00083cb1  EST_Traj_configure               
0     00085613  EST_Traj_init                    
0     00085b0d  EST_Traj_isError                 
0     00085736  EST_Traj_reset                   
0     0000b7d5  EST_Traj_run                     
0     00084311  EST_Traj_setParams               
0     000848ef  EST_Traj_updateState             
0     00085b7f  EST_Vab_init                     
0     00085b41  EST_Vab_setParams                
0     000857d3  EST_Vdq_init                     
0     000852eb  EST_Vdq_resetLpFilters           
0     00084bac  EST_Vdq_setLpFilterParams        
0     000858a1  EST_Vdq_setParams                
0     00085bde  EST_checkForErrors               
0     00085566  EST_computeLmag_H                
0     000859f1  EST_computePower_W               
0     000853e3  EST_computeTorque_Nm             
0     00085ad6  EST_configureTraj                
0     0000b48f  EST_configureTrajState           
0     00085b83  EST_disable                      
0     00085add  EST_disableTraj                  
0     0000b896  EST_doCurrentCtrl                
0     0000b871  EST_doSpeedCtrl                  
0     00085b46  EST_enable                       
0     00085a15  EST_enableTraj                   
0     00085be1  EST_getFASTVersion               
0     00085b13  EST_getFe_rps                    
0     00085b87  EST_getFlag_bypassLockRotor      
0     00085b8b  EST_getFlag_enable               
0     00085b8f  EST_getFlag_enableRsOnLine       
0     00085b93  EST_getFlag_enableRsRecalc       
0     00085966  EST_getFlux_Wb                   
0     00085974  EST_getFm_lp_Hz                  
0     0000b8a9  EST_getIdRated_A                 
0     0000b8b1  EST_getIntValue_Id_A             
0     0000b8a0  EST_getIntValue_spd_Hz           
0     00085a1d  EST_getLs_d_H                    
0     00085a25  EST_getLs_q_H                    
0     00085b97  EST_getRoverL_rps                
0     00085a2d  EST_getRr_Ohm                    
0     00085a35  EST_getRsOnLine_Ohm              
0     00085a3d  EST_getRs_Ohm                    
0     0000b8c6  EST_getState                     
0     00085b4b  EST_getTrajState                 
0     0008424d  EST_init                         
0     000858b3  EST_initEst                      
0     0000b8be  EST_isEnabled                    
0     00085a45  EST_isError                      
0     00085a4d  EST_isIdle                       
0     00085a55  EST_isLockRotor                  
0     00085b9b  EST_isMotorIdentified            
0     00085b19  EST_isTrajError                  
0     000836e0  EST_reset                        
0     00085be4  EST_resetCounter_isr             
0     00085be7  EST_resetCounter_state           
0     0000b6a2  EST_run                          
0     0000b8b8  EST_runTraj                      
0     000859fa  EST_setAngle_rad                 
0     0008598f  EST_setBemf_sf                   
0     00085b9f  EST_setFlag_bypassLockRotor      
0     00085ba3  EST_setFlag_enable               
0     00085ba7  EST_setFlag_enableFluxControl    
0     00085bab  EST_setFlag_enableForceAngle     
0     00085a5d  EST_setFlag_enablePowerWarp      
0     00085baf  EST_setFlag_enableRsOnLine       
0     00085bb3  EST_setFlag_enableRsRecalc       
0     00085bb7  EST_setFlag_updateRs             
0     00085391  EST_setFluxBeta_lp               
0     00085667  EST_setFlux_ab_betaOmega_der     
0     0008562f  EST_setFreqBetaOmega_der         
0     000857fe  EST_setFreqBeta_lp               
0     00085957  EST_setFreqLFP_sf                
0     00085813  EST_setIab_beta_lp               
0     00085b1f  EST_setId_ref_A                  
0     00085828  EST_setIdq_beta_lp               
0     00085b25  EST_setIq_ref_A                  
0     00085a65  EST_setLs_d_H                    
0     00085a6d  EST_setLs_q_H                    
0     00085ae4  EST_setMotorParams               
0     00085bea  EST_setNumIsrTicksPerEstTick     
0     0008599b  EST_setOneOverFluxGain_sf        
0     000820c8  EST_setParams                    
0     00085a75  EST_setRr_Ohm                    
0     00085a7d  EST_setRsOnLineId_A              
0     00085a85  EST_setRsOnLineId_mag_A          
0     00085a8d  EST_setRsOnLine_Ohm              
0     0008583d  EST_setVdq_beta_lp               
0     00085aeb  EST_setWaitTimes                 
0     0000b756  EST_setupTrajState               
0     0000b887  EST_updateId_ref_A               
0     0008301e  EST_updateState                  
0     00085af2  EST_updateTrajState              
0     00085bbb  FILTER_FO_init                   
0     00085bed  FILTER_FO_setDenCoeffs           
0     00085b2b  FILTER_FO_setInitialConditions   
0     00085b50  FILTER_FO_setNumCoeffs           
0     0000b832  Flash_initModule                 
0     00085507  GPIO_setDirectionMode            
0     00084d41  GPIO_setPadConfig                
0     00085100  GPIO_setPinConfig                
0     000854c4  GPIO_setQualificationMode        
0     00085682  GPIO_setQualificationPeriod      
0     00084f21  HAL_MTR1_init                    
0     00084835  HAL_MTR_setGateDriver            
0     000851ea  HAL_MTR_setParams                
0     00085af9  HAL_clearDataRAM                 
0     00085982  HAL_enableCtrlInts               
0     00085bf0  HAL_enableDebugInt               
0     00085bbf  HAL_enableGlobalInts             
0     000851bd  HAL_init                         
0     00085b55  HAL_readDRVData                  
0     000858c5  HAL_setMtrCMPSSDACValue          
0     0008547d  HAL_setParams                    
0     00085527  HAL_setTriggerPrams              
0     00084187  HAL_setupADCs                    
0     00084670  HAL_setupCMPSSs                  
0     0008569d  HAL_setupCPUUsageTimer           
0     00082d7d  HAL_setupGPIOs                   
0     00084763  HAL_setupI2CA                    
0     00083ece  HAL_setupMtrFaults               
0     00083a35  HAL_setupPWMs                    
0     00084948  HAL_setupSCIA                    
0     00084c80  HAL_setupSPI                     
0     00085315  HAL_setupTimeBaseTimer           
0     00085b5a  HAL_writeDRVData                 
0     000858d7  I2C_clearInterruptStatus         
0     0008588e  I2C_enableInterrupt              
0     00084e38  I2C_initController               
0     00085bc3  INVERSE_init                     
0     00085a03  INVERSE_setParams                
0     00085bc7  IPARK_init                       
0     000859a7  Interrupt_defaultHandler         
0     00084ffe  Interrupt_enable                 
0     000859d4  Interrupt_illegalOperationHandler
0     00084cc1  Interrupt_initModule             
0     00085852  Interrupt_initVectorTable        
0     000859de  Interrupt_nmiHandler             
0     00085bcb  PARK_init                        
0     00085bcf  PI_init                          
abs   000820c8  RamfuncsLoadEnd                  
abs   000010c8  RamfuncsLoadSize                 
abs   00081000  RamfuncsLoadStart                
abs   0000b8c8  RamfuncsRunEnd                   
abs   000010c8  RamfuncsRunSize                  
abs   0000a800  RamfuncsRunStart                 
0     0008564b  SCI_clearInterruptStatus         
0     000854a1  SCI_setConfig                    
0     00085584  SPI_clearInterruptStatus         
0     00085547  SPI_setConfig                    
0     00085bd3  SVGEN_init                       
0     0000b8c2  SysCtl_delay                     
0     00083fc8  SysCtl_isPLLValid                
0     00085216  SysCtl_selectOscSource           
0     00084c3b  SysCtl_selectXTAL                
0     000854e6  SysCtl_selectXTALSingleEnded     
0     00083b94  SysCtl_setClock                  
0     00085bd7  TRAJ_init                        
0     000832a2  USER_setMotor1Params             
0     000846ec  USER_setParams_priv              
0     00085241  XBAR_setEPWMMuxConfig            
0     0008e024  __TI_CINIT_Base                  
0     0008e03c  __TI_CINIT_Limit                 
0     0008e03c  __TI_CINIT_Warm                  
0     0008e00a  __TI_Handler_Table_Base          
0     0008e010  __TI_Handler_Table_Limit         
0     00000228  __TI_STACK_END                   
abs   00000100  __TI_STACK_SIZE                  
0     0008526c  __TI_auto_init_nobinit_nopinit   
0     00000538  __TI_cleanup_ptr                 
0     00085130  __TI_decompress_lzss             
0     00085a95  __TI_decompress_none             
0     0000053a  __TI_dtors_ptr                   
0     00000536  __TI_enable_exit_profile_output  
abs   ffffffff  __TI_pprof_out_hndl              
abs   ffffffff  __TI_prof_data_size              
abs   ffffffff  __TI_prof_data_start             
0     00085b31  __TI_zero_init                   
0     0008445c  __c28xabi_divf                   
n/a   UNDEFED   __c_args__                       
0     00000128  __stack                          
0     000859b3  _args_main                       
0     0008574e  _c_int00                         
0     0000053c  _lock                            
0     00085a14  _nop                             
0     00085a10  _register_lock                   
0     00085a0c  _register_unlock                 
0     00083ecd  _system_post_cinit               
0     00085bf9  _system_pre_init                 
0     0000053e  _unlock                          
0     000853ba  abort                            
0     00085160  calcMotorOverCurrentThreshold    
0     000845f0  calculateRMSData                 
0     000858e8  canaISR                          
0     00000298  clarke_I_M1                      
0     00000292  clarke_V_M1                      
0     00080000  code_start                       
0     00084a37  collectRMSData                   
0     00000540  drvicVars_M1                     
0     0000a000  est                              
0     000853bc  exit                             
0     00000512  hal                              
0     00000510  halHandle                        
0     00000300  halMtr_M1                        
0     00082812  initMotor1CtrlParameters         
0     000856b8  initMotor1Handles                
0     00000282  ipark_V_M1                       
0     0000c000  loadEnd_SFRA_F32_Data            
0     0000a800  loadEnd_ctrlfuncs                
0     0000c000  loadEnd_datalog_data             
0     0000c000  loadEnd_dmaBuf_data              
0     0000a5a8  loadEnd_est_data                 
0     00000510  loadEnd_foc_data                 
0     00000536  loadEnd_hal_data                 
0     00000696  loadEnd_sys_data                 
0     00000682  loadEnd_user_data                
0     0000c000  loadEnd_vibc_data                
abs   00000000  loadSize_SFRA_F32_Data           
abs   00000000  loadSize_ctrlfuncs               
abs   00000000  loadSize_datalog_data            
abs   00000000  loadSize_dmaBuf_data             
abs   000005a8  loadSize_est_data                
abs   00000290  loadSize_foc_data                
abs   00000026  loadSize_hal_data                
abs   00000014  loadSize_sys_data                
abs   00000142  loadSize_user_data               
abs   00000000  loadSize_vibc_data               
0     0000c000  loadStart_SFRA_F32_Data          
0     0000a800  loadStart_ctrlfuncs              
0     0000c000  loadStart_datalog_data           
0     0000c000  loadStart_dmaBuf_data            
0     0000a000  loadStart_est_data               
0     00000280  loadStart_foc_data               
0     00000510  loadStart_hal_data               
0     00000682  loadStart_sys_data               
0     00000540  loadStart_user_data              
0     0000c000  loadStart_vibc_data              
0     0008389e  main                             
0     000855a2  memcpy                           
0     00085b00  memset                           
0     0000af2e  motor1CtrlISR                    
0     00000280  motorHandle_M1                   
0     00000340  motorSetVars_M1                  
0     000003c0  motorVars_M1                     
0     00000286  park_I_M1                        
0     0000028a  park_V_M1                        
0     000002a8  pi_Id_M1                         
0     000002c0  pi_Iq_M1                         
0     000002d0  pi_spd_M1                        
0     0008456a  resetMotorControl                
0     0008499a  restartMotorControl              
0     0000a800  runEnd_ctrlfuncs                 
0     00082acb  runMotor1Control                 
0     000824d0  runMotor1OffsetsCalculation      
0     000834fd  runMotorMonitor                  
0     000847d4  runRsOnLine                      
abs   00000000  runSize_ctrlfuncs                
0     0000a800  runStart_ctrlfuncs               
0     0008571d  setupClarke_I                    
0     00085867  setupClarke_V                    
0     00083dc0  setupControllers                 
0     00085929  stopMotorControl                 
0     0000028e  svgen_M1                         
0     00000682  systemVars                       
0     0000029e  traj_spd_M1                      
0     000840b1  updateGlobalVariables            
0     00000580  userParams_M1                    


GLOBAL SYMBOLS: SORTED BY Symbol Address 

page  address   name                             
----  -------   ----                             
0     00000128  __stack                          
0     00000228  __TI_STACK_END                   
0     00000280  loadStart_foc_data               
0     00000280  motorHandle_M1                   
0     00000282  ipark_V_M1                       
0     00000286  park_I_M1                        
0     0000028a  park_V_M1                        
0     0000028e  svgen_M1                         
0     00000292  clarke_V_M1                      
0     00000298  clarke_I_M1                      
0     0000029e  traj_spd_M1                      
0     000002a8  pi_Id_M1                         
0     000002c0  pi_Iq_M1                         
0     000002d0  pi_spd_M1                        
0     00000300  halMtr_M1                        
0     00000340  motorSetVars_M1                  
0     000003c0  motorVars_M1                     
0     00000510  halHandle                        
0     00000510  loadEnd_foc_data                 
0     00000510  loadStart_hal_data               
0     00000512  hal                              
0     00000536  __TI_enable_exit_profile_output  
0     00000536  loadEnd_hal_data                 
0     00000538  __TI_cleanup_ptr                 
0     0000053a  __TI_dtors_ptr                   
0     0000053c  _lock                            
0     0000053e  _unlock                          
0     00000540  drvicVars_M1                     
0     00000540  loadStart_user_data              
0     00000580  userParams_M1                    
0     00000682  loadEnd_user_data                
0     00000682  loadStart_sys_data               
0     00000682  systemVars                       
0     00000696  loadEnd_sys_data                 
0     0000a000  est                              
0     0000a000  loadStart_est_data               
0     0000a5a8  loadEnd_est_data                 
0     0000a800  loadEnd_ctrlfuncs                
0     0000a800  loadStart_ctrlfuncs              
0     0000a800  runEnd_ctrlfuncs                 
0     0000a800  runStart_ctrlfuncs               
0     0000af2e  motor1CtrlISR                    
0     0000b48f  EST_configureTrajState           
0     0000b6a2  EST_run                          
0     0000b756  EST_setupTrajState               
0     0000b7d5  EST_Traj_run                     
0     0000b832  Flash_initModule                 
0     0000b871  EST_doSpeedCtrl                  
0     0000b887  EST_updateId_ref_A               
0     0000b896  EST_doCurrentCtrl                
0     0000b8a0  EST_getIntValue_spd_Hz           
0     0000b8a9  EST_getIdRated_A                 
0     0000b8b1  EST_getIntValue_Id_A             
0     0000b8b8  EST_runTraj                      
0     0000b8be  EST_isEnabled                    
0     0000b8c2  SysCtl_delay                     
0     0000b8c6  EST_getState                     
0     0000c000  loadEnd_SFRA_F32_Data            
0     0000c000  loadEnd_datalog_data             
0     0000c000  loadEnd_dmaBuf_data              
0     0000c000  loadEnd_vibc_data                
0     0000c000  loadStart_SFRA_F32_Data          
0     0000c000  loadStart_datalog_data           
0     0000c000  loadStart_dmaBuf_data            
0     0000c000  loadStart_vibc_data              
0     00080000  code_start                       
0     000820c8  EST_setParams                    
0     000824d0  runMotor1OffsetsCalculation      
0     00082812  initMotor1CtrlParameters         
0     00082acb  runMotor1Control                 
0     00082d7d  HAL_setupGPIOs                   
0     0008301e  EST_updateState                  
0     000832a2  USER_setMotor1Params             
0     000834fd  runMotorMonitor                  
0     000836e0  EST_reset                        
0     0008389e  main                             
0     00083a35  HAL_setupPWMs                    
0     00083b94  SysCtl_setClock                  
0     00083cb1  EST_Traj_configure               
0     00083dc0  setupControllers                 
0     00083ecd  _system_post_cinit               
0     00083ece  HAL_setupMtrFaults               
0     00083fc8  SysCtl_isPLLValid                
0     000840b1  updateGlobalVariables            
0     00084187  HAL_setupADCs                    
0     0008424d  EST_init                         
0     00084311  EST_Traj_setParams               
0     000843bc  Device_enableAllPeripherals      
0     0008445c  __c28xabi_divf                   
0     000844e4  EST_Dir_setLpFilterParams        
0     0008456a  resetMotorControl                
0     000845f0  calculateRMSData                 
0     00084670  HAL_setupCMPSSs                  
0     000846ec  USER_setParams_priv              
0     00084763  HAL_setupI2CA                    
0     000847d4  runRsOnLine                      
0     00084835  HAL_MTR_setGateDriver            
0     00084893  EST_Flux_setParams               
0     000848ef  EST_Traj_updateState             
0     00084948  HAL_setupSCIA                    
0     0008499a  restartMotorControl              
0     000849e9  EST_Freq_setParams               
0     00084a37  collectRMSData                   
0     00084a84  EST_Dir_setHpFilterParams        
0     00084ace  EST_Flux_ab_setDerFilterParams   
0     00084b18  EST_Iab_setLpFilterParams        
0     00084b62  EST_Idq_setLpFilterParams        
0     00084bac  EST_Vdq_setLpFilterParams        
0     00084bf6  EST_RsOnLine_setParams           
0     00084c3b  SysCtl_selectXTAL                
0     00084c80  HAL_setupSPI                     
0     00084cc1  Interrupt_initModule             
0     00084d02  EST_Ls_setParams                 
0     00084d41  GPIO_setPadConfig                
0     00084dbe  DRV8323_readSPI                  
0     00084dfb  EST_RsOnLine_setLpFilterParams   
0     00084e38  I2C_initController               
0     00084e74  DRV8323_writeData                
0     00084eaf  EST_Flux_updateState             
0     00084ee9  DRV8323_setupSPI                 
0     00084f21  HAL_MTR1_init                    
0     00084f59  DRV8323_enable                   
0     00084f90  DRV8323_readData                 
0     00084fc7  Device_init                      
0     00084ffe  Interrupt_enable                 
0     00085034  EST_Ls_updateState               
0     00085069  EST_Rr_updateState               
0     0008509c  EST_Rs_updateState               
0     000850cf  EST_Dir_init                     
0     00085100  GPIO_setPinConfig                
0     00085130  __TI_decompress_lzss             
0     00085160  calcMotorOverCurrentThreshold    
0     0008518f  EST_Iab_resetLpFilters           
0     000851bd  HAL_init                         
0     000851ea  HAL_MTR_setParams                
0     00085216  SysCtl_selectOscSource           
0     00085241  XBAR_setEPWMMuxConfig            
0     0008526c  __TI_auto_init_nobinit_nopinit   
0     00085297  EST_Freq_setDerFilterParams      
0     000852c1  EST_Freq_setLpFilterParams       
0     000852eb  EST_Vdq_resetLpFilters           
0     00085315  HAL_setupTimeBaseTimer           
0     0008533f  EST_OneOverDcBus_setParams       
0     00085368  EST_RsOnLine_init                
0     00085391  EST_setFluxBeta_lp               
0     000853ba  C$$EXIT                          
0     000853ba  abort                            
0     000853bc  exit                             
0     000853e3  EST_computeTorque_Nm             
0     0008540b  DRV8323_writeSPI                 
0     00085431  EST_Angle_setParams              
0     00085457  EST_Idq_resetLpFilters           
0     0008547d  HAL_setParams                    
0     000854a1  SCI_setConfig                    
0     000854c4  GPIO_setQualificationMode        
0     000854e6  SysCtl_selectXTALSingleEnded     
0     00085507  GPIO_setDirectionMode            
0     00085527  HAL_setTriggerPrams              
0     00085547  SPI_setConfig                    
0     00085566  EST_computeLmag_H                
0     00085584  SPI_clearInterruptStatus         
0     000855a2  memcpy                           
0     000855bf  EST_Dir_resetLpFilters           
0     000855db  EST_Rr_setParams                 
0     000855f7  EST_Rs_setParams                 
0     00085613  EST_Traj_init                    
0     0008562f  EST_setFreqBetaOmega_der         
0     0008564b  SCI_clearInterruptStatus         
0     00085667  EST_setFlux_ab_betaOmega_der     
0     00085682  GPIO_setQualificationPeriod      
0     0008569d  HAL_setupCPUUsageTimer           
0     000856b8  initMotor1Handles                
0     000856d2  ADC_setVREF                      
0     000856eb  CMPSS_configFilterHigh           
0     00085704  CMPSS_configFilterLow            
0     0008571d  setupClarke_I                    
0     00085736  EST_Traj_reset                   
0     0008574e  _c_int00                         
0     00085765  EST_Flux_ab_init                 
0     0008577b  EST_Freq_init                    
0     00085791  EST_Iab_init                     
0     000857a7  EST_Iab_setParams                
0     000857bd  EST_Idq_init                     
0     000857d3  EST_Vdq_init                     
0     000857e9  ADC_setOffsetTrimAll             
0     000857fe  EST_setFreqBeta_lp               
0     00085813  EST_setIab_beta_lp               
0     00085828  EST_setIdq_beta_lp               
0     0008583d  EST_setVdq_beta_lp               
0     00085852  Interrupt_initVectorTable        
0     00085867  setupClarke_V                    
0     0008587b  EST_Idq_setParams                
0     0008588e  I2C_enableInterrupt              
0     000858a1  EST_Vdq_setParams                
0     000858b3  EST_initEst                      
0     000858c5  HAL_setMtrCMPSSDACValue          
0     000858d7  I2C_clearInterruptStatus         
0     000858e8  canaISR                          
0     000858f9  Device_initGPIO                  
0     00085909  EST_Dir_resetHpFilters           
0     00085919  EST_Flux_ab_resetDerFilters      
0     00085929  stopMotorControl                 
0     00085939  EST_Flux_init                    
0     00085948  EST_OneOverDcBus_init            
0     00085957  EST_setFreqLFP_sf                
0     00085966  EST_getFlux_Wb                   
0     00085974  EST_getFm_lp_Hz                  
0     00085982  HAL_enableCtrlInts               
0     0008598f  EST_setBemf_sf                   
0     0008599b  EST_setOneOverFluxGain_sf        
0     000859a7  Interrupt_defaultHandler         
0     000859b3  _args_main                       
0     000859bf  EST_Dir_setParams                
0     000859ca  EST_Flux_ab_setParams            
0     000859d4  Interrupt_illegalOperationHandler
0     000859de  Interrupt_nmiHandler             
0     000859e8  EPWM_setEmulationMode            
0     000859f1  EST_computePower_W               
0     000859fa  EST_setAngle_rad                 
0     00085a03  INVERSE_setParams                
0     00085a0c  _register_unlock                 
0     00085a10  _register_lock                   
0     00085a14  _nop                             
0     00085a15  EST_enableTraj                   
0     00085a1d  EST_getLs_d_H                    
0     00085a25  EST_getLs_q_H                    
0     00085a2d  EST_getRr_Ohm                    
0     00085a35  EST_getRsOnLine_Ohm              
0     00085a3d  EST_getRs_Ohm                    
0     00085a45  EST_isError                      
0     00085a4d  EST_isIdle                       
0     00085a55  EST_isLockRotor                  
0     00085a5d  EST_setFlag_enablePowerWarp      
0     00085a65  EST_setLs_d_H                    
0     00085a6d  EST_setLs_q_H                    
0     00085a75  EST_setRr_Ohm                    
0     00085a7d  EST_setRsOnLineId_A              
0     00085a85  EST_setRsOnLineId_mag_A          
0     00085a8d  EST_setRsOnLine_Ohm              
0     00085a95  __TI_decompress_none             
0     00085aa5  EST_Eab_setParams                
0     00085aac  EST_Flux_setWaitTimes            
0     00085ab3  EST_Freq_resetDerFilter          
0     00085aba  EST_Freq_resetLpFilter           
0     00085ac1  EST_Ls_setWaitTimes              
0     00085ac8  EST_Rr_setWaitTimes              
0     00085acf  EST_Rs_setWaitTimes              
0     00085ad6  EST_configureTraj                
0     00085add  EST_disableTraj                  
0     00085ae4  EST_setMotorParams               
0     00085aeb  EST_setWaitTimes                 
0     00085af2  EST_updateTrajState              
0     00085af9  HAL_clearDataRAM                 
0     00085b00  memset                           
0     00085b07  CPUTimer_setEmulationMode        
0     00085b0d  EST_Traj_isError                 
0     00085b13  EST_getFe_rps                    
0     00085b19  EST_isTrajError                  
0     00085b1f  EST_setId_ref_A                  
0     00085b25  EST_setIq_ref_A                  
0     00085b2b  FILTER_FO_setInitialConditions   
0     00085b31  __TI_zero_init                   
0     00085b37  EST_Edq_setParams                
0     00085b3c  EST_Flux_dq_setParams            
0     00085b41  EST_Vab_setParams                
0     00085b46  EST_enable                       
0     00085b4b  EST_getTrajState                 
0     00085b50  FILTER_FO_setNumCoeffs           
0     00085b55  HAL_readDRVData                  
0     00085b5a  HAL_writeDRVData                 
0     00085b5f  CLARKE_init                      
0     00085b63  EST_Angle_init                   
0     00085b67  EST_Eab_init                     
0     00085b6b  EST_Edq_init                     
0     00085b6f  EST_Flux_dq_init                 
0     00085b73  EST_Ls_init                      
0     00085b77  EST_Rr_init                      
0     00085b7b  EST_Rs_init                      
0     00085b7f  EST_Vab_init                     
0     00085b83  EST_disable                      
0     00085b87  EST_getFlag_bypassLockRotor      
0     00085b8b  EST_getFlag_enable               
0     00085b8f  EST_getFlag_enableRsOnLine       
0     00085b93  EST_getFlag_enableRsRecalc       
0     00085b97  EST_getRoverL_rps                
0     00085b9b  EST_isMotorIdentified            
0     00085b9f  EST_setFlag_bypassLockRotor      
0     00085ba3  EST_setFlag_enable               
0     00085ba7  EST_setFlag_enableFluxControl    
0     00085bab  EST_setFlag_enableForceAngle     
0     00085baf  EST_setFlag_enableRsOnLine       
0     00085bb3  EST_setFlag_enableRsRecalc       
0     00085bb7  EST_setFlag_updateRs             
0     00085bbb  FILTER_FO_init                   
0     00085bbf  HAL_enableGlobalInts             
0     00085bc3  INVERSE_init                     
0     00085bc7  IPARK_init                       
0     00085bcb  PARK_init                        
0     00085bcf  PI_init                          
0     00085bd3  SVGEN_init                       
0     00085bd7  TRAJ_init                        
0     00085bdb  DRV8323_init                     
0     00085bde  EST_checkForErrors               
0     00085be1  EST_getFASTVersion               
0     00085be4  EST_resetCounter_isr             
0     00085be7  EST_resetCounter_state           
0     00085bea  EST_setNumIsrTicksPerEstTick     
0     00085bed  FILTER_FO_setDenCoeffs           
0     00085bf0  HAL_enableDebugInt               
0     00085bf3  DRV8323_setGPIOCSNumber          
0     00085bf5  DRV8323_setGPIOENNumber          
0     00085bf7  DRV8323_setSPIHandle             
0     00085bf9  _system_pre_init                 
0     0008e00a  __TI_Handler_Table_Base          
0     0008e010  __TI_Handler_Table_Limit         
0     0008e024  __TI_CINIT_Base                  
0     0008e03c  __TI_CINIT_Limit                 
0     0008e03c  __TI_CINIT_Warm                  
abs   00000000  loadSize_SFRA_F32_Data           
abs   00000000  loadSize_ctrlfuncs               
abs   00000000  loadSize_datalog_data            
abs   00000000  loadSize_dmaBuf_data             
abs   00000000  loadSize_vibc_data               
abs   00000000  runSize_ctrlfuncs                
abs   00000014  loadSize_sys_data                
abs   00000026  loadSize_hal_data                
abs   00000100  __TI_STACK_SIZE                  
abs   00000142  loadSize_user_data               
abs   00000290  loadSize_foc_data                
abs   000005a8  loadSize_est_data                
abs   000010c8  RamfuncsLoadSize                 
abs   000010c8  RamfuncsRunSize                  
abs   0000a800  RamfuncsRunStart                 
abs   0000b8c8  RamfuncsRunEnd                   
abs   00081000  RamfuncsLoadStart                
abs   000820c8  RamfuncsLoadEnd                  
abs   ffffffff  __TI_pprof_out_hndl              
abs   ffffffff  __TI_prof_data_size              
abs   ffffffff  __TI_prof_data_start             
n/a   UNDEFED   __c_args__                       

[340 symbols]
