<?xml version="1.0" encoding="ISO-8859-1" ?>
<link_info>
   <banner>TMS320C2000 Linker PC v22.6.1.LTS</banner>
   <copyright>Copyright (c) 1996-2018 Texas Instruments Incorporated</copyright>
   <link_time>0x674dfa77</link_time>
   <link_errors>0x0</link_errors>
   <output_file>universal_motorcontrol_lab_f28002x.out</output_file>
   <entry_point>
      <name>code_start</name>
      <address>0x80000</address>
   </entry_point>
   <input_file_list>
      <input_file id="fl-2">
         <path>.\</path>
         <kind>object</kind>
         <file>sys_main.obj</file>
         <name>sys_main.obj</name>
      </input_file>
      <input_file id="fl-3">
         <path>.\libraries\control\dclink_ss\</path>
         <kind>object</kind>
         <file>dclink_ss.obj</file>
         <name>dclink_ss.obj</name>
      </input_file>
      <input_file id="fl-4">
         <path>.\libraries\control\fwc\</path>
         <kind>object</kind>
         <file>fwc.obj</file>
         <name>fwc.obj</name>
      </input_file>
      <input_file id="fl-5">
         <path>.\libraries\control\mtpa\</path>
         <kind>object</kind>
         <file>mtpa.obj</file>
         <name>mtpa.obj</name>
      </input_file>
      <input_file id="fl-6">
         <path>.\libraries\control\pi\</path>
         <kind>object</kind>
         <file>pi.obj</file>
         <name>pi.obj</name>
      </input_file>
      <input_file id="fl-7">
         <path>.\libraries\control\vs_freq\</path>
         <kind>object</kind>
         <file>vs_freq.obj</file>
         <name>vs_freq.obj</name>
      </input_file>
      <input_file id="fl-8">
         <path>.\libraries\dacs\dac128s085\</path>
         <kind>object</kind>
         <file>dac128s085.obj</file>
         <name>dac128s085.obj</name>
      </input_file>
      <input_file id="fl-9">
         <path>.\libraries\filter\filter_fo\</path>
         <kind>object</kind>
         <file>filter_fo.obj</file>
         <name>filter_fo.obj</name>
      </input_file>
      <input_file id="fl-a">
         <path>.\libraries\observers\encoder\</path>
         <kind>object</kind>
         <file>encoder.obj</file>
         <name>encoder.obj</name>
      </input_file>
      <input_file id="fl-b">
         <path>.\libraries\observers\esmo\</path>
         <kind>object</kind>
         <file>esmo.obj</file>
         <name>esmo.obj</name>
      </input_file>
      <input_file id="fl-c">
         <path>.\libraries\observers\hall\</path>
         <kind>object</kind>
         <file>hall.obj</file>
         <name>hall.obj</name>
      </input_file>
      <input_file id="fl-d">
         <path>.\libraries\observers\isbldc\</path>
         <kind>object</kind>
         <file>isbldc.obj</file>
         <name>isbldc.obj</name>
      </input_file>
      <input_file id="fl-e">
         <path>.\libraries\observers\speedcalc\</path>
         <kind>object</kind>
         <file>speedcalc.obj</file>
         <name>speedcalc.obj</name>
      </input_file>
      <input_file id="fl-f">
         <path>.\libraries\observers\speedfr\</path>
         <kind>object</kind>
         <file>speedfr.obj</file>
         <name>speedfr.obj</name>
      </input_file>
      <input_file id="fl-10">
         <path>.\libraries\observers\ssipd\</path>
         <kind>object</kind>
         <file>ssipd.obj</file>
         <name>ssipd.obj</name>
      </input_file>
      <input_file id="fl-11">
         <path>.\libraries\sfra\</path>
         <kind>object</kind>
         <file>sfra_gui.obj</file>
         <name>sfra_gui.obj</name>
      </input_file>
      <input_file id="fl-12">
         <path>.\libraries\sfra\</path>
         <kind>object</kind>
         <file>sfra_gui_scicomms_driverlib.obj</file>
         <name>sfra_gui_scicomms_driverlib.obj</name>
      </input_file>
      <input_file id="fl-13">
         <path>.\libraries\transforms\clarke\</path>
         <kind>object</kind>
         <file>clarke.obj</file>
         <name>clarke.obj</name>
      </input_file>
      <input_file id="fl-14">
         <path>.\libraries\transforms\ipark\</path>
         <kind>object</kind>
         <file>ipark.obj</file>
         <name>ipark.obj</name>
      </input_file>
      <input_file id="fl-15">
         <path>.\libraries\transforms\park\</path>
         <kind>object</kind>
         <file>park.obj</file>
         <name>park.obj</name>
      </input_file>
      <input_file id="fl-16">
         <path>.\libraries\transforms\svgen\</path>
         <kind>object</kind>
         <file>svgen.obj</file>
         <name>svgen.obj</name>
      </input_file>
      <input_file id="fl-17">
         <path>.\libraries\transforms\svgen\</path>
         <kind>object</kind>
         <file>svgen_current.obj</file>
         <name>svgen_current.obj</name>
      </input_file>
      <input_file id="fl-18">
         <path>.\libraries\transforms\volts\</path>
         <kind>object</kind>
         <file>volt_recons.obj</file>
         <name>volt_recons.obj</name>
      </input_file>
      <input_file id="fl-19">
         <path>.\libraries\utilities\angle_gen\</path>
         <kind>object</kind>
         <file>angle_gen.obj</file>
         <name>angle_gen.obj</name>
      </input_file>
      <input_file id="fl-1a">
         <path>.\libraries\utilities\cpu_time\</path>
         <kind>object</kind>
         <file>cpu_time.obj</file>
         <name>cpu_time.obj</name>
      </input_file>
      <input_file id="fl-1b">
         <path>.\libraries\utilities\datalog\</path>
         <kind>object</kind>
         <file>datalogIF.obj</file>
         <name>datalogIF.obj</name>
      </input_file>
      <input_file id="fl-1c">
         <path>.\libraries\utilities\mod6cnt\</path>
         <kind>object</kind>
         <file>mod6cnt.obj</file>
         <name>mod6cnt.obj</name>
      </input_file>
      <input_file id="fl-1d">
         <path>.\libraries\utilities\rimpulse\</path>
         <kind>object</kind>
         <file>rimpulse.obj</file>
         <name>rimpulse.obj</name>
      </input_file>
      <input_file id="fl-1e">
         <path>.\libraries\utilities\step_response\</path>
         <kind>object</kind>
         <file>step_response.obj</file>
         <name>step_response.obj</name>
      </input_file>
      <input_file id="fl-1f">
         <path>.\libraries\utilities\traj\</path>
         <kind>object</kind>
         <file>traj.obj</file>
         <name>traj.obj</name>
      </input_file>
      <input_file id="fl-20">
         <path>.\src_board\drvic\</path>
         <kind>object</kind>
         <file>drv8323s.obj</file>
         <name>drv8323s.obj</name>
      </input_file>
      <input_file id="fl-21">
         <path>.\src_board\</path>
         <kind>object</kind>
         <file>hal.obj</file>
         <name>hal.obj</name>
      </input_file>
      <input_file id="fl-22">
         <path>.\src_board\</path>
         <kind>object</kind>
         <file>user_mtr1.obj</file>
         <name>user_mtr1.obj</name>
      </input_file>
      <input_file id="fl-23">
         <path>.\src_control\</path>
         <kind>object</kind>
         <file>communication.obj</file>
         <name>communication.obj</name>
      </input_file>
      <input_file id="fl-24">
         <path>.\src_control\</path>
         <kind>object</kind>
         <file>motor1_drive.obj</file>
         <name>motor1_drive.obj</name>
      </input_file>
      <input_file id="fl-25">
         <path>.\src_control\</path>
         <kind>object</kind>
         <file>motor_common.obj</file>
         <name>motor_common.obj</name>
      </input_file>
      <input_file id="fl-26">
         <path>.\src_device\</path>
         <kind>object</kind>
         <file>device.obj</file>
         <name>device.obj</name>
      </input_file>
      <input_file id="fl-27">
         <path>.\src_device\</path>
         <kind>object</kind>
         <file>f28002x_codestartbranch.obj</file>
         <name>f28002x_codestartbranch.obj</name>
      </input_file>
      <input_file id="fl-28">
         <path>.\src_device\</path>
         <kind>object</kind>
         <file>f28002x_globalvariabledefs.obj</file>
         <name>f28002x_globalvariabledefs.obj</name>
      </input_file>
      <input_file id="fl-32">
         <kind>object</kind>
         <file>&lt;internal&gt;</file>
         <name>&lt;internal&gt;</name>
      </input_file>
      <input_file id="fl-36">
         <path>..\libraries\observers\est_lib\</path>
         <kind>archive</kind>
         <file>fast_full_lib_eabi.lib</file>
         <name>est_all_identify_flib_priv.obj</name>
      </input_file>
      <input_file id="fl-37">
         <path>..\libraries\observers\est_lib\</path>
         <kind>archive</kind>
         <file>fast_full_lib_eabi.lib</file>
         <name>est_all_run_flib_priv.obj</name>
      </input_file>
      <input_file id="fl-38">
         <path>..\libraries\observers\est_lib\</path>
         <kind>archive</kind>
         <file>fast_full_lib_eabi.lib</file>
         <name>est_all_setup_flib_priv.obj</name>
      </input_file>
      <input_file id="fl-39">
         <path>..\libraries\observers\est_lib\</path>
         <kind>archive</kind>
         <file>fast_full_lib_eabi.lib</file>
         <name>est_flib_priv.obj</name>
      </input_file>
      <input_file id="fl-3a">
         <path>..\libraries\observers\est_lib\</path>
         <kind>archive</kind>
         <file>fast_full_lib_eabi.lib</file>
         <name>user_flib_priv.obj</name>
      </input_file>
      <input_file id="fl-3b">
         <path>..\libraries\observers\est_lib\</path>
         <kind>archive</kind>
         <file>fast_full_lib_eabi.lib</file>
         <name>est_Angle_flib_priv.obj</name>
      </input_file>
      <input_file id="fl-3c">
         <path>..\libraries\observers\est_lib\</path>
         <kind>archive</kind>
         <file>fast_full_lib_eabi.lib</file>
         <name>est_Dir_flib_priv.obj</name>
      </input_file>
      <input_file id="fl-3d">
         <path>..\libraries\observers\est_lib\</path>
         <kind>archive</kind>
         <file>fast_full_lib_eabi.lib</file>
         <name>est_Eab_flib_priv.obj</name>
      </input_file>
      <input_file id="fl-3e">
         <path>..\libraries\observers\est_lib\</path>
         <kind>archive</kind>
         <file>fast_full_lib_eabi.lib</file>
         <name>est_Edq_flib_priv.obj</name>
      </input_file>
      <input_file id="fl-3f">
         <path>..\libraries\observers\est_lib\</path>
         <kind>archive</kind>
         <file>fast_full_lib_eabi.lib</file>
         <name>est_Flux_ab_flib_priv.obj</name>
      </input_file>
      <input_file id="fl-40">
         <path>..\libraries\observers\est_lib\</path>
         <kind>archive</kind>
         <file>fast_full_lib_eabi.lib</file>
         <name>est_Flux_dq_flib_priv.obj</name>
      </input_file>
      <input_file id="fl-41">
         <path>..\libraries\observers\est_lib\</path>
         <kind>archive</kind>
         <file>fast_full_lib_eabi.lib</file>
         <name>est_Flux_flib_priv.obj</name>
      </input_file>
      <input_file id="fl-42">
         <path>..\libraries\observers\est_lib\</path>
         <kind>archive</kind>
         <file>fast_full_lib_eabi.lib</file>
         <name>est_Freq_flib_priv.obj</name>
      </input_file>
      <input_file id="fl-43">
         <path>..\libraries\observers\est_lib\</path>
         <kind>archive</kind>
         <file>fast_full_lib_eabi.lib</file>
         <name>est_Iab_flib_priv.obj</name>
      </input_file>
      <input_file id="fl-44">
         <path>..\libraries\observers\est_lib\</path>
         <kind>archive</kind>
         <file>fast_full_lib_eabi.lib</file>
         <name>est_Idq_flib_priv.obj</name>
      </input_file>
      <input_file id="fl-45">
         <path>..\libraries\observers\est_lib\</path>
         <kind>archive</kind>
         <file>fast_full_lib_eabi.lib</file>
         <name>est_Ls_flib_priv.obj</name>
      </input_file>
      <input_file id="fl-46">
         <path>..\libraries\observers\est_lib\</path>
         <kind>archive</kind>
         <file>fast_full_lib_eabi.lib</file>
         <name>est_OneOverDcBus_flib_priv.obj</name>
      </input_file>
      <input_file id="fl-47">
         <path>..\libraries\observers\est_lib\</path>
         <kind>archive</kind>
         <file>fast_full_lib_eabi.lib</file>
         <name>est_Rr_flib_priv.obj</name>
      </input_file>
      <input_file id="fl-48">
         <path>..\libraries\observers\est_lib\</path>
         <kind>archive</kind>
         <file>fast_full_lib_eabi.lib</file>
         <name>est_RsOnLine_flib_priv.obj</name>
      </input_file>
      <input_file id="fl-49">
         <path>..\libraries\observers\est_lib\</path>
         <kind>archive</kind>
         <file>fast_full_lib_eabi.lib</file>
         <name>est_Rs_flib_priv.obj</name>
      </input_file>
      <input_file id="fl-4a">
         <path>..\libraries\observers\est_lib\</path>
         <kind>archive</kind>
         <file>fast_full_lib_eabi.lib</file>
         <name>est_Traj_flib_priv.obj</name>
      </input_file>
      <input_file id="fl-4b">
         <path>..\libraries\observers\est_lib\</path>
         <kind>archive</kind>
         <file>fast_full_lib_eabi.lib</file>
         <name>est_Vab_flib_priv.obj</name>
      </input_file>
      <input_file id="fl-4c">
         <path>..\libraries\observers\est_lib\</path>
         <kind>archive</kind>
         <file>fast_full_lib_eabi.lib</file>
         <name>est_Vdq_flib_priv.obj</name>
      </input_file>
      <input_file id="fl-4d">
         <path>..\libraries\observers\est_lib\</path>
         <kind>archive</kind>
         <file>fast_full_lib_eabi.lib</file>
         <name>inverse_flib_priv.obj</name>
      </input_file>
      <input_file id="fl-4e">
         <path>..\libraries\sfra\</path>
         <kind>archive</kind>
         <file>sfra_f32_tmu_eabi.lib</file>
         <name>sfra_f32_tmu_config_reset.obj</name>
      </input_file>
      <input_file id="fl-4f">
         <path>..\src_device\</path>
         <kind>archive</kind>
         <file>driverlib.lib</file>
         <name>adc.obj</name>
      </input_file>
      <input_file id="fl-50">
         <path>..\src_device\</path>
         <kind>archive</kind>
         <file>driverlib.lib</file>
         <name>cmpss.obj</name>
      </input_file>
      <input_file id="fl-51">
         <path>..\src_device\</path>
         <kind>archive</kind>
         <file>driverlib.lib</file>
         <name>cputimer.obj</name>
      </input_file>
      <input_file id="fl-52">
         <path>..\src_device\</path>
         <kind>archive</kind>
         <file>driverlib.lib</file>
         <name>dcc.obj</name>
      </input_file>
      <input_file id="fl-53">
         <path>..\src_device\</path>
         <kind>archive</kind>
         <file>driverlib.lib</file>
         <name>epwm.obj</name>
      </input_file>
      <input_file id="fl-54">
         <path>..\src_device\</path>
         <kind>archive</kind>
         <file>driverlib.lib</file>
         <name>flash.obj</name>
      </input_file>
      <input_file id="fl-55">
         <path>..\src_device\</path>
         <kind>archive</kind>
         <file>driverlib.lib</file>
         <name>gpio.obj</name>
      </input_file>
      <input_file id="fl-56">
         <path>..\src_device\</path>
         <kind>archive</kind>
         <file>driverlib.lib</file>
         <name>i2c.obj</name>
      </input_file>
      <input_file id="fl-57">
         <path>..\src_device\</path>
         <kind>archive</kind>
         <file>driverlib.lib</file>
         <name>interrupt.obj</name>
      </input_file>
      <input_file id="fl-58">
         <path>..\src_device\</path>
         <kind>archive</kind>
         <file>driverlib.lib</file>
         <name>sci.obj</name>
      </input_file>
      <input_file id="fl-59">
         <path>..\src_device\</path>
         <kind>archive</kind>
         <file>driverlib.lib</file>
         <name>spi.obj</name>
      </input_file>
      <input_file id="fl-5a">
         <path>..\src_device\</path>
         <kind>archive</kind>
         <file>driverlib.lib</file>
         <name>sysctl.obj</name>
      </input_file>
      <input_file id="fl-5b">
         <path>..\src_device\</path>
         <kind>archive</kind>
         <file>driverlib.lib</file>
         <name>xbar.obj</name>
      </input_file>
      <input_file id="fl-67">
         <path>C:\TI\CCS\ccs\tools\compiler\ti-cgt-c2000_22.6.1.LTS\lib\</path>
         <kind>archive</kind>
         <file>rts2800_fpu32_eabi.lib</file>
         <name>boot28.asm.obj</name>
      </input_file>
      <input_file id="fl-68">
         <path>C:\TI\CCS\ccs\tools\compiler\ti-cgt-c2000_22.6.1.LTS\lib\</path>
         <kind>archive</kind>
         <file>rts2800_fpu32_eabi.lib</file>
         <name>fs_div28.asm.obj</name>
      </input_file>
      <input_file id="fl-69">
         <path>C:\TI\CCS\ccs\tools\compiler\ti-cgt-c2000_22.6.1.LTS\lib\</path>
         <kind>archive</kind>
         <file>rts2800_fpu32_eabi.lib</file>
         <name>ll_cmp28.asm.obj</name>
      </input_file>
      <input_file id="fl-6a">
         <path>C:\TI\CCS\ccs\tools\compiler\ti-cgt-c2000_22.6.1.LTS\lib\</path>
         <kind>archive</kind>
         <file>rts2800_fpu32_eabi.lib</file>
         <name>memcpy.c.obj</name>
      </input_file>
      <input_file id="fl-6b">
         <path>C:\TI\CCS\ccs\tools\compiler\ti-cgt-c2000_22.6.1.LTS\lib\</path>
         <kind>archive</kind>
         <file>rts2800_fpu32_eabi.lib</file>
         <name>pre_init.c.obj</name>
      </input_file>
      <input_file id="fl-6c">
         <path>C:\TI\CCS\ccs\tools\compiler\ti-cgt-c2000_22.6.1.LTS\lib\</path>
         <kind>archive</kind>
         <file>rts2800_fpu32_eabi.lib</file>
         <name>autoinit.c.obj</name>
      </input_file>
      <input_file id="fl-6d">
         <path>C:\TI\CCS\ccs\tools\compiler\ti-cgt-c2000_22.6.1.LTS\lib\</path>
         <kind>archive</kind>
         <file>rts2800_fpu32_eabi.lib</file>
         <name>copy_zero_init.c.obj</name>
      </input_file>
      <input_file id="fl-6e">
         <path>C:\TI\CCS\ccs\tools\compiler\ti-cgt-c2000_22.6.1.LTS\lib\</path>
         <kind>archive</kind>
         <file>rts2800_fpu32_eabi.lib</file>
         <name>copy_decompress_none.c.obj</name>
      </input_file>
      <input_file id="fl-6f">
         <path>C:\TI\CCS\ccs\tools\compiler\ti-cgt-c2000_22.6.1.LTS\lib\</path>
         <kind>archive</kind>
         <file>rts2800_fpu32_eabi.lib</file>
         <name>copy_decompress_lzss.c.obj</name>
      </input_file>
      <input_file id="fl-70">
         <path>C:\TI\CCS\ccs\tools\compiler\ti-cgt-c2000_22.6.1.LTS\lib\</path>
         <kind>archive</kind>
         <file>rts2800_fpu32_eabi.lib</file>
         <name>exit.c.obj</name>
      </input_file>
      <input_file id="fl-71">
         <path>C:\TI\CCS\ccs\tools\compiler\ti-cgt-c2000_22.6.1.LTS\lib\</path>
         <kind>archive</kind>
         <file>rts2800_fpu32_eabi.lib</file>
         <name>_lock.c.obj</name>
      </input_file>
      <input_file id="fl-72">
         <path>C:\TI\CCS\ccs\tools\compiler\ti-cgt-c2000_22.6.1.LTS\lib\</path>
         <kind>archive</kind>
         <file>rts2800_fpu32_eabi.lib</file>
         <name>args_main.c.obj</name>
      </input_file>
      <input_file id="fl-73">
         <path>C:\TI\CCS\ccs\tools\compiler\ti-cgt-c2000_22.6.1.LTS\lib\</path>
         <kind>archive</kind>
         <file>rts2800_fpu32_eabi.lib</file>
         <name>memset.c.obj</name>
      </input_file>
      <input_file id="fl-74">
         <path>C:\TI\CCS\ccs\tools\compiler\ti-cgt-c2000_22.6.1.LTS\lib\</path>
         <kind>archive</kind>
         <file>rts2800_fpu32_eabi.lib</file>
         <name>cpy_tbl.c.obj</name>
      </input_file>
      <input_file id="fl-75">
         <path>C:\TI\CCS\ccs\tools\compiler\ti-cgt-c2000_22.6.1.LTS\lib\</path>
         <kind>archive</kind>
         <file>rts2800_fpu32_eabi.lib</file>
         <name>startup.c.obj</name>
      </input_file>
   </input_file_list>
   <object_component_list>
      <object_component id="oc-95">
         <name>codestart</name>
         <load_address>0x80000</load_address>
         <run_address>0x80000</run_address>
         <size>0x2</size>
         <input_file_ref idref="fl-27"/>
      </object_component>
      <object_component id="oc-25f">
         <name>.text:EST_setParams</name>
         <load_address>0x820c8</load_address>
         <run_address>0x820c8</run_address>
         <size>0x408</size>
         <input_file_ref idref="fl-39"/>
      </object_component>
      <object_component id="oc-16f">
         <name>.text:runMotor1OffsetsCalculation</name>
         <load_address>0x824d0</load_address>
         <run_address>0x824d0</run_address>
         <size>0x342</size>
         <input_file_ref idref="fl-24"/>
      </object_component>
      <object_component id="oc-15d">
         <name>.text:initMotor1CtrlParameters</name>
         <load_address>0x82812</load_address>
         <run_address>0x82812</run_address>
         <size>0x2b9</size>
         <input_file_ref idref="fl-24"/>
      </object_component>
      <object_component id="oc-193">
         <name>.text:runMotor1Control</name>
         <load_address>0x82acb</load_address>
         <run_address>0x82acb</run_address>
         <size>0x2b2</size>
         <input_file_ref idref="fl-24"/>
      </object_component>
      <object_component id="oc-163">
         <name>.text:HAL_setupGPIOs</name>
         <load_address>0x82d7d</load_address>
         <run_address>0x82d7d</run_address>
         <size>0x2a1</size>
         <input_file_ref idref="fl-21"/>
      </object_component>
      <object_component id="oc-2d7">
         <name>.text:EST_updateState</name>
         <load_address>0x8301e</load_address>
         <run_address>0x8301e</run_address>
         <size>0x284</size>
         <input_file_ref idref="fl-39"/>
      </object_component>
      <object_component id="oc-21c">
         <name>.text:USER_setMotor1Params</name>
         <load_address>0x832a2</load_address>
         <run_address>0x832a2</run_address>
         <size>0x25b</size>
         <input_file_ref idref="fl-22"/>
      </object_component>
      <object_component id="oc-18d">
         <name>.text:runMotorMonitor</name>
         <load_address>0x834fd</load_address>
         <run_address>0x834fd</run_address>
         <size>0x1e3</size>
         <input_file_ref idref="fl-25"/>
      </object_component>
      <object_component id="oc-3e2">
         <name>.text:EST_reset</name>
         <load_address>0x836e0</load_address>
         <run_address>0x836e0</run_address>
         <size>0x1be</size>
         <input_file_ref idref="fl-39"/>
      </object_component>
      <object_component id="oc-c8">
         <name>.text:main</name>
         <load_address>0x8389e</load_address>
         <run_address>0x8389e</run_address>
         <size>0x197</size>
         <input_file_ref idref="fl-2"/>
      </object_component>
      <object_component id="oc-36e">
         <name>.text:HAL_setupPWMs</name>
         <load_address>0x83a35</load_address>
         <run_address>0x83a35</run_address>
         <size>0x15f</size>
         <input_file_ref idref="fl-21"/>
      </object_component>
      <object_component id="oc-1dd">
         <name>.text:SysCtl_setClock</name>
         <load_address>0x83b94</load_address>
         <run_address>0x83b94</run_address>
         <size>0x11d</size>
         <input_file_ref idref="fl-5a"/>
      </object_component>
      <object_component id="oc-3ee">
         <name>.text:EST_Traj_configure</name>
         <load_address>0x83cb1</load_address>
         <run_address>0x83cb1</run_address>
         <size>0x10f</size>
         <input_file_ref idref="fl-4a"/>
      </object_component>
      <object_component id="oc-267">
         <name>.text:setupControllers</name>
         <load_address>0x83dc0</load_address>
         <run_address>0x83dc0</run_address>
         <size>0x10d</size>
         <input_file_ref idref="fl-25"/>
      </object_component>
      <object_component id="oc-4e3">
         <name>.text</name>
         <load_address>0x83ecd</load_address>
         <run_address>0x83ecd</run_address>
         <size>0x1</size>
         <input_file_ref idref="fl-75"/>
      </object_component>
      <object_component id="oc-37a">
         <name>.text:HAL_setupMtrFaults</name>
         <load_address>0x83ece</load_address>
         <run_address>0x83ece</run_address>
         <size>0xfa</size>
         <input_file_ref idref="fl-21"/>
      </object_component>
      <object_component id="oc-32a">
         <name>.text:SysCtl_isPLLValid</name>
         <load_address>0x83fc8</load_address>
         <run_address>0x83fc8</run_address>
         <size>0xe9</size>
         <input_file_ref idref="fl-5a"/>
      </object_component>
      <object_component id="oc-2e4">
         <name>.text:updateGlobalVariables</name>
         <load_address>0x840b1</load_address>
         <run_address>0x840b1</run_address>
         <size>0xd6</size>
         <input_file_ref idref="fl-25"/>
      </object_component>
      <object_component id="oc-1ee">
         <name>.text:HAL_setupADCs</name>
         <load_address>0x84187</load_address>
         <run_address>0x84187</run_address>
         <size>0xc6</size>
         <input_file_ref idref="fl-21"/>
      </object_component>
      <object_component id="oc-397">
         <name>.text:EST_init</name>
         <load_address>0x8424d</load_address>
         <run_address>0x8424d</run_address>
         <size>0xc4</size>
         <input_file_ref idref="fl-39"/>
      </object_component>
      <object_component id="oc-3b6">
         <name>.text:EST_Traj_setParams</name>
         <load_address>0x84311</load_address>
         <run_address>0x84311</run_address>
         <size>0xab</size>
         <input_file_ref idref="fl-4a"/>
      </object_component>
      <object_component id="oc-1e3">
         <name>.text:Device_enableAllPeripherals</name>
         <load_address>0x843bc</load_address>
         <run_address>0x843bc</run_address>
         <size>0xa0</size>
         <input_file_ref idref="fl-26"/>
      </object_component>
      <object_component id="oc-44e">
         <name>.text</name>
         <load_address>0x8445c</load_address>
         <run_address>0x8445c</run_address>
         <size>0x88</size>
         <input_file_ref idref="fl-68"/>
      </object_component>
      <object_component id="oc-39b">
         <name>.text:EST_Dir_setLpFilterParams</name>
         <load_address>0x844e4</load_address>
         <run_address>0x844e4</run_address>
         <size>0x86</size>
         <input_file_ref idref="fl-3c"/>
      </object_component>
      <object_component id="oc-2ce">
         <name>.text:resetMotorControl</name>
         <load_address>0x8456a</load_address>
         <run_address>0x8456a</run_address>
         <size>0x86</size>
         <input_file_ref idref="fl-25"/>
      </object_component>
      <object_component id="oc-187">
         <name>.text:calculateRMSData</name>
         <load_address>0x845f0</load_address>
         <run_address>0x845f0</run_address>
         <size>0x80</size>
         <input_file_ref idref="fl-25"/>
      </object_component>
      <object_component id="oc-374">
         <name>.text:HAL_setupCMPSSs</name>
         <load_address>0x84670</load_address>
         <run_address>0x84670</run_address>
         <size>0x7c</size>
         <input_file_ref idref="fl-21"/>
      </object_component>
      <object_component id="oc-21b">
         <name>.text:USER_setParams_priv</name>
         <load_address>0x846ec</load_address>
         <run_address>0x846ec</run_address>
         <size>0x77</size>
         <input_file_ref idref="fl-3a"/>
      </object_component>
      <object_component id="oc-206">
         <name>.text:HAL_setupI2CA</name>
         <load_address>0x84763</load_address>
         <run_address>0x84763</run_address>
         <size>0x71</size>
         <input_file_ref idref="fl-21"/>
      </object_component>
      <object_component id="oc-2de">
         <name>.text:runRsOnLine</name>
         <load_address>0x847d4</load_address>
         <run_address>0x847d4</run_address>
         <size>0x61</size>
         <input_file_ref idref="fl-25"/>
      </object_component>
      <object_component id="oc-169">
         <name>.text:HAL_MTR_setGateDriver</name>
         <load_address>0x84835</load_address>
         <run_address>0x84835</run_address>
         <size>0x5e</size>
         <input_file_ref idref="fl-21"/>
      </object_component>
      <object_component id="oc-3a0">
         <name>.text:EST_Flux_setParams</name>
         <load_address>0x84893</load_address>
         <run_address>0x84893</run_address>
         <size>0x5c</size>
         <input_file_ref idref="fl-41"/>
      </object_component>
      <object_component id="oc-3e0">
         <name>.text:EST_Traj_updateState</name>
         <load_address>0x848ef</load_address>
         <run_address>0x848ef</run_address>
         <size>0x59</size>
         <input_file_ref idref="fl-4a"/>
      </object_component>
      <object_component id="oc-200">
         <name>.text:HAL_setupSCIA</name>
         <load_address>0x84948</load_address>
         <run_address>0x84948</run_address>
         <size>0x52</size>
         <input_file_ref idref="fl-21"/>
      </object_component>
      <object_component id="oc-2c6">
         <name>.text:restartMotorControl</name>
         <load_address>0x8499a</load_address>
         <run_address>0x8499a</run_address>
         <size>0x4f</size>
         <input_file_ref idref="fl-25"/>
      </object_component>
      <object_component id="oc-3a5">
         <name>.text:EST_Freq_setParams</name>
         <load_address>0x849e9</load_address>
         <run_address>0x849e9</run_address>
         <size>0x4e</size>
         <input_file_ref idref="fl-42"/>
      </object_component>
      <object_component id="oc-11d">
         <name>.text:collectRMSData</name>
         <load_address>0x84a37</load_address>
         <run_address>0x84a37</run_address>
         <size>0x4d</size>
         <input_file_ref idref="fl-25"/>
      </object_component>
      <object_component id="oc-39c">
         <name>.text:EST_Dir_setHpFilterParams</name>
         <load_address>0x84a84</load_address>
         <run_address>0x84a84</run_address>
         <size>0x4a</size>
         <input_file_ref idref="fl-3c"/>
      </object_component>
      <object_component id="oc-4c7">
         <name>.text:EST_Flux_ab_setDerFilterParams</name>
         <load_address>0x84ace</load_address>
         <run_address>0x84ace</run_address>
         <size>0x4a</size>
         <input_file_ref idref="fl-3f"/>
      </object_component>
      <object_component id="oc-4ca">
         <name>.text:EST_Iab_setLpFilterParams</name>
         <load_address>0x84b18</load_address>
         <run_address>0x84b18</run_address>
         <size>0x4a</size>
         <input_file_ref idref="fl-43"/>
      </object_component>
      <object_component id="oc-4cb">
         <name>.text:EST_Idq_setLpFilterParams</name>
         <load_address>0x84b62</load_address>
         <run_address>0x84b62</run_address>
         <size>0x4a</size>
         <input_file_ref idref="fl-44"/>
      </object_component>
      <object_component id="oc-4cd">
         <name>.text:EST_Vdq_setLpFilterParams</name>
         <load_address>0x84bac</load_address>
         <run_address>0x84bac</run_address>
         <size>0x4a</size>
         <input_file_ref idref="fl-4c"/>
      </object_component>
      <object_component id="oc-3b4">
         <name>.text:EST_RsOnLine_setParams</name>
         <load_address>0x84bf6</load_address>
         <run_address>0x84bf6</run_address>
         <size>0x45</size>
         <input_file_ref idref="fl-48"/>
      </object_component>
      <object_component id="oc-447">
         <name>.text:SysCtl_selectXTAL</name>
         <load_address>0x84c3b</load_address>
         <run_address>0x84c3b</run_address>
         <size>0x45</size>
         <input_file_ref idref="fl-5a"/>
      </object_component>
      <object_component id="oc-380">
         <name>.text:HAL_setupSPI</name>
         <load_address>0x84c80</load_address>
         <run_address>0x84c80</run_address>
         <size>0x41</size>
         <input_file_ref idref="fl-21"/>
      </object_component>
      <object_component id="oc-13f">
         <name>.text:Interrupt_initModule</name>
         <load_address>0x84cc1</load_address>
         <run_address>0x84cc1</run_address>
         <size>0x41</size>
         <input_file_ref idref="fl-57"/>
      </object_component>
      <object_component id="oc-3ac">
         <name>.text:EST_Ls_setParams</name>
         <load_address>0x84d02</load_address>
         <run_address>0x84d02</run_address>
         <size>0x3f</size>
         <input_file_ref idref="fl-45"/>
      </object_component>
      <object_component id="oc-27a">
         <name>.text:GPIO_setPadConfig</name>
         <load_address>0x84d41</load_address>
         <run_address>0x84d41</run_address>
         <size>0x3f</size>
         <input_file_ref idref="fl-55"/>
      </object_component>
      <object_component id="oc-509">
         <name>.text:SysCtl_pollX1Counter</name>
         <load_address>0x84d80</load_address>
         <run_address>0x84d80</run_address>
         <size>0x3e</size>
         <input_file_ref idref="fl-5a"/>
      </object_component>
      <object_component id="oc-3cc">
         <name>.text:DRV8323_readSPI</name>
         <load_address>0x84dbe</load_address>
         <run_address>0x84dbe</run_address>
         <size>0x3d</size>
         <input_file_ref idref="fl-20"/>
      </object_component>
      <object_component id="oc-3b5">
         <name>.text:EST_RsOnLine_setLpFilterParams</name>
         <load_address>0x84dfb</load_address>
         <run_address>0x84dfb</run_address>
         <size>0x3d</size>
         <input_file_ref idref="fl-48"/>
      </object_component>
      <object_component id="oc-352">
         <name>.text:I2C_initController</name>
         <load_address>0x84e38</load_address>
         <run_address>0x84e38</run_address>
         <size>0x3c</size>
         <input_file_ref idref="fl-56"/>
      </object_component>
      <object_component id="oc-2ac">
         <name>.text:DRV8323_writeData</name>
         <load_address>0x84e74</load_address>
         <run_address>0x84e74</run_address>
         <size>0x3b</size>
         <input_file_ref idref="fl-20"/>
      </object_component>
      <object_component id="oc-3ea">
         <name>.text:EST_Flux_updateState</name>
         <load_address>0x84eaf</load_address>
         <run_address>0x84eaf</run_address>
         <size>0x3a</size>
         <input_file_ref idref="fl-41"/>
      </object_component>
      <object_component id="oc-2a6">
         <name>.text:DRV8323_setupSPI</name>
         <load_address>0x84ee9</load_address>
         <run_address>0x84ee9</run_address>
         <size>0x38</size>
         <input_file_ref idref="fl-20"/>
      </object_component>
      <object_component id="oc-214">
         <name>.text:HAL_MTR1_init</name>
         <load_address>0x84f21</load_address>
         <run_address>0x84f21</run_address>
         <size>0x38</size>
         <input_file_ref idref="fl-21"/>
      </object_component>
      <object_component id="oc-2a0">
         <name>.text:DRV8323_enable</name>
         <load_address>0x84f59</load_address>
         <run_address>0x84f59</run_address>
         <size>0x37</size>
         <input_file_ref idref="fl-20"/>
      </object_component>
      <object_component id="oc-2ec">
         <name>.text:DRV8323_readData</name>
         <load_address>0x84f90</load_address>
         <run_address>0x84f90</run_address>
         <size>0x37</size>
         <input_file_ref idref="fl-20"/>
      </object_component>
      <object_component id="oc-133">
         <name>.text:Device_init</name>
         <load_address>0x84fc7</load_address>
         <run_address>0x84fc7</run_address>
         <size>0x37</size>
         <input_file_ref idref="fl-26"/>
      </object_component>
      <object_component id="oc-20d">
         <name>.text:Interrupt_enable</name>
         <load_address>0x84ffe</load_address>
         <run_address>0x84ffe</run_address>
         <size>0x36</size>
         <input_file_ref idref="fl-57"/>
      </object_component>
      <object_component id="oc-3e5">
         <name>.text:EST_Ls_updateState</name>
         <load_address>0x85034</load_address>
         <run_address>0x85034</run_address>
         <size>0x35</size>
         <input_file_ref idref="fl-45"/>
      </object_component>
      <object_component id="oc-3e4">
         <name>.text:EST_Rr_updateState</name>
         <load_address>0x85069</load_address>
         <run_address>0x85069</run_address>
         <size>0x33</size>
         <input_file_ref idref="fl-47"/>
      </object_component>
      <object_component id="oc-3ec">
         <name>.text:EST_Rs_updateState</name>
         <load_address>0x8509c</load_address>
         <run_address>0x8509c</run_address>
         <size>0x33</size>
         <input_file_ref idref="fl-49"/>
      </object_component>
      <object_component id="oc-4a4">
         <name>.text:EST_Dir_init</name>
         <load_address>0x850cf</load_address>
         <run_address>0x850cf</run_address>
         <size>0x31</size>
         <input_file_ref idref="fl-3c"/>
      </object_component>
      <object_component id="oc-26e">
         <name>.text:GPIO_setPinConfig</name>
         <load_address>0x85100</load_address>
         <run_address>0x85100</run_address>
         <size>0x30</size>
         <input_file_ref idref="fl-55"/>
      </object_component>
      <object_component id="oc-88">
         <name>.text:decompress:lzss</name>
         <load_address>0x85130</load_address>
         <run_address>0x85130</run_address>
         <size>0x30</size>
         <input_file_ref idref="fl-6f"/>
      </object_component>
      <object_component id="oc-181">
         <name>.text:calcMotorOverCurrentThreshold</name>
         <load_address>0x85160</load_address>
         <run_address>0x85160</run_address>
         <size>0x2f</size>
         <input_file_ref idref="fl-25"/>
      </object_component>
      <object_component id="oc-4dc">
         <name>.text:EST_Iab_resetLpFilters</name>
         <load_address>0x8518f</load_address>
         <run_address>0x8518f</run_address>
         <size>0x2e</size>
         <input_file_ref idref="fl-43"/>
      </object_component>
      <object_component id="oc-145">
         <name>.text:HAL_init</name>
         <load_address>0x851bd</load_address>
         <run_address>0x851bd</run_address>
         <size>0x2d</size>
         <input_file_ref idref="fl-21"/>
      </object_component>
      <object_component id="oc-222">
         <name>.text:HAL_MTR_setParams</name>
         <load_address>0x851ea</load_address>
         <run_address>0x851ea</run_address>
         <size>0x2c</size>
         <input_file_ref idref="fl-21"/>
      </object_component>
      <object_component id="oc-324">
         <name>.text:SysCtl_selectOscSource</name>
         <load_address>0x85216</load_address>
         <run_address>0x85216</run_address>
         <size>0x2b</size>
         <input_file_ref idref="fl-5a"/>
      </object_component>
      <object_component id="oc-47d">
         <name>.text:XBAR_setEPWMMuxConfig</name>
         <load_address>0x85241</load_address>
         <run_address>0x85241</run_address>
         <size>0x2b</size>
         <input_file_ref idref="fl-5b"/>
      </object_component>
      <object_component id="oc-404">
         <name>.text:__TI_auto_init_nobinit_nopinit</name>
         <load_address>0x8526c</load_address>
         <run_address>0x8526c</run_address>
         <size>0x2b</size>
         <input_file_ref idref="fl-6c"/>
      </object_component>
      <object_component id="oc-4c9">
         <name>.text:EST_Freq_setDerFilterParams</name>
         <load_address>0x85297</load_address>
         <run_address>0x85297</run_address>
         <size>0x2a</size>
         <input_file_ref idref="fl-42"/>
      </object_component>
      <object_component id="oc-4c8">
         <name>.text:EST_Freq_setLpFilterParams</name>
         <load_address>0x852c1</load_address>
         <run_address>0x852c1</run_address>
         <size>0x2a</size>
         <input_file_ref idref="fl-42"/>
      </object_component>
      <object_component id="oc-4de">
         <name>.text:EST_Vdq_resetLpFilters</name>
         <load_address>0x852eb</load_address>
         <run_address>0x852eb</run_address>
         <size>0x2a</size>
         <input_file_ref idref="fl-4c"/>
      </object_component>
      <object_component id="oc-1f4">
         <name>.text:HAL_setupTimeBaseTimer</name>
         <load_address>0x85315</load_address>
         <run_address>0x85315</run_address>
         <size>0x2a</size>
         <input_file_ref idref="fl-21"/>
      </object_component>
      <object_component id="oc-3af">
         <name>.text:EST_OneOverDcBus_setParams</name>
         <load_address>0x8533f</load_address>
         <run_address>0x8533f</run_address>
         <size>0x29</size>
         <input_file_ref idref="fl-46"/>
      </object_component>
      <object_component id="oc-4b1">
         <name>.text:EST_RsOnLine_init</name>
         <load_address>0x85368</load_address>
         <run_address>0x85368</run_address>
         <size>0x29</size>
         <input_file_ref idref="fl-48"/>
      </object_component>
      <object_component id="oc-39f">
         <name>.text:EST_setFluxBeta_lp</name>
         <load_address>0x85391</load_address>
         <run_address>0x85391</run_address>
         <size>0x29</size>
         <input_file_ref idref="fl-39"/>
      </object_component>
      <object_component id="oc-311">
         <name>.text</name>
         <load_address>0x853ba</load_address>
         <run_address>0x853ba</run_address>
         <size>0x29</size>
         <input_file_ref idref="fl-70"/>
      </object_component>
      <object_component id="oc-3fb">
         <name>.text:EST_computeTorque_Nm</name>
         <load_address>0x853e3</load_address>
         <run_address>0x853e3</run_address>
         <size>0x28</size>
         <input_file_ref idref="fl-39"/>
      </object_component>
      <object_component id="oc-3d4">
         <name>.text:DRV8323_writeSPI</name>
         <load_address>0x8540b</load_address>
         <run_address>0x8540b</run_address>
         <size>0x26</size>
         <input_file_ref idref="fl-20"/>
      </object_component>
      <object_component id="oc-399">
         <name>.text:EST_Angle_setParams</name>
         <load_address>0x85431</load_address>
         <run_address>0x85431</run_address>
         <size>0x26</size>
         <input_file_ref idref="fl-3b"/>
      </object_component>
      <object_component id="oc-4dd">
         <name>.text:EST_Idq_resetLpFilters</name>
         <load_address>0x85457</load_address>
         <run_address>0x85457</run_address>
         <size>0x26</size>
         <input_file_ref idref="fl-44"/>
      </object_component>
      <object_component id="oc-14b">
         <name>.text:HAL_setParams</name>
         <load_address>0x8547d</load_address>
         <run_address>0x8547d</run_address>
         <size>0x24</size>
         <input_file_ref idref="fl-21"/>
      </object_component>
      <object_component id="oc-345">
         <name>.text:SCI_setConfig</name>
         <load_address>0x854a1</load_address>
         <run_address>0x854a1</run_address>
         <size>0x23</size>
         <input_file_ref idref="fl-58"/>
      </object_component>
      <object_component id="oc-280">
         <name>.text:GPIO_setQualificationMode</name>
         <load_address>0x854c4</load_address>
         <run_address>0x854c4</run_address>
         <size>0x22</size>
         <input_file_ref idref="fl-55"/>
      </object_component>
      <object_component id="oc-441">
         <name>.text:SysCtl_selectXTALSingleEnded</name>
         <load_address>0x854e6</load_address>
         <run_address>0x854e6</run_address>
         <size>0x21</size>
         <input_file_ref idref="fl-5a"/>
      </object_component>
      <object_component id="oc-274">
         <name>.text:GPIO_setDirectionMode</name>
         <load_address>0x85507</load_address>
         <run_address>0x85507</run_address>
         <size>0x20</size>
         <input_file_ref idref="fl-55"/>
      </object_component>
      <object_component id="oc-258">
         <name>.text:HAL_setTriggerPrams</name>
         <load_address>0x85527</load_address>
         <run_address>0x85527</run_address>
         <size>0x20</size>
         <input_file_ref idref="fl-21"/>
      </object_component>
      <object_component id="oc-484">
         <name>.text:SPI_setConfig</name>
         <load_address>0x85547</load_address>
         <run_address>0x85547</run_address>
         <size>0x1f</size>
         <input_file_ref idref="fl-59"/>
      </object_component>
      <object_component id="oc-3eb">
         <name>.text:EST_computeLmag_H</name>
         <load_address>0x85566</load_address>
         <run_address>0x85566</run_address>
         <size>0x1e</size>
         <input_file_ref idref="fl-39"/>
      </object_component>
      <object_component id="oc-48a">
         <name>.text:SPI_clearInterruptStatus</name>
         <load_address>0x85584</load_address>
         <run_address>0x85584</run_address>
         <size>0x1e</size>
         <input_file_ref idref="fl-59"/>
      </object_component>
      <object_component id="oc-ee">
         <name>.text</name>
         <load_address>0x855a2</load_address>
         <run_address>0x855a2</run_address>
         <size>0x1d</size>
         <input_file_ref idref="fl-6a"/>
      </object_component>
      <object_component id="oc-4d7">
         <name>.text:EST_Dir_resetLpFilters</name>
         <load_address>0x855bf</load_address>
         <run_address>0x855bf</run_address>
         <size>0x1c</size>
         <input_file_ref idref="fl-3c"/>
      </object_component>
      <object_component id="oc-3b0">
         <name>.text:EST_Rr_setParams</name>
         <load_address>0x855db</load_address>
         <run_address>0x855db</run_address>
         <size>0x1c</size>
         <input_file_ref idref="fl-47"/>
      </object_component>
      <object_component id="oc-3b2">
         <name>.text:EST_Rs_setParams</name>
         <load_address>0x855f7</load_address>
         <run_address>0x855f7</run_address>
         <size>0x1c</size>
         <input_file_ref idref="fl-49"/>
      </object_component>
      <object_component id="oc-4b2">
         <name>.text:EST_Traj_init</name>
         <load_address>0x85613</load_address>
         <run_address>0x85613</run_address>
         <size>0x1c</size>
         <input_file_ref idref="fl-4a"/>
      </object_component>
      <object_component id="oc-3a7">
         <name>.text:EST_setFreqBetaOmega_der</name>
         <load_address>0x8562f</load_address>
         <run_address>0x8562f</run_address>
         <size>0x1c</size>
         <input_file_ref idref="fl-39"/>
      </object_component>
      <object_component id="oc-34b">
         <name>.text:SCI_clearInterruptStatus</name>
         <load_address>0x8564b</load_address>
         <run_address>0x8564b</run_address>
         <size>0x1c</size>
         <input_file_ref idref="fl-58"/>
      </object_component>
      <object_component id="oc-3a3">
         <name>.text:EST_setFlux_ab_betaOmega_der</name>
         <load_address>0x85667</load_address>
         <run_address>0x85667</run_address>
         <size>0x1b</size>
         <input_file_ref idref="fl-39"/>
      </object_component>
      <object_component id="oc-286">
         <name>.text:GPIO_setQualificationPeriod</name>
         <load_address>0x85682</load_address>
         <run_address>0x85682</run_address>
         <size>0x1b</size>
         <input_file_ref idref="fl-55"/>
      </object_component>
      <object_component id="oc-1fa">
         <name>.text:HAL_setupCPUUsageTimer</name>
         <load_address>0x8569d</load_address>
         <run_address>0x8569d</run_address>
         <size>0x1b</size>
         <input_file_ref idref="fl-21"/>
      </object_component>
      <object_component id="oc-157">
         <name>.text:initMotor1Handles</name>
         <load_address>0x856b8</load_address>
         <run_address>0x856b8</run_address>
         <size>0x1a</size>
         <input_file_ref idref="fl-24"/>
      </object_component>
      <object_component id="oc-336">
         <name>.text:ADC_setVREF</name>
         <load_address>0x856d2</load_address>
         <run_address>0x856d2</run_address>
         <size>0x19</size>
         <input_file_ref idref="fl-4f"/>
      </object_component>
      <object_component id="oc-470">
         <name>.text:CMPSS_configFilterHigh</name>
         <load_address>0x856eb</load_address>
         <run_address>0x856eb</run_address>
         <size>0x19</size>
         <input_file_ref idref="fl-50"/>
      </object_component>
      <object_component id="oc-476">
         <name>.text:CMPSS_configFilterLow</name>
         <load_address>0x85704</load_address>
         <run_address>0x85704</run_address>
         <size>0x19</size>
         <input_file_ref idref="fl-50"/>
      </object_component>
      <object_component id="oc-234">
         <name>.text:setupClarke_I</name>
         <load_address>0x8571d</load_address>
         <run_address>0x8571d</run_address>
         <size>0x19</size>
         <input_file_ref idref="fl-25"/>
      </object_component>
      <object_component id="oc-4d6">
         <name>.text:EST_Traj_reset</name>
         <load_address>0x85736</load_address>
         <run_address>0x85736</run_address>
         <size>0x18</size>
         <input_file_ref idref="fl-4a"/>
      </object_component>
      <object_component id="oc-1bf">
         <name>.text</name>
         <load_address>0x8574e</load_address>
         <run_address>0x8574e</run_address>
         <size>0x17</size>
         <input_file_ref idref="fl-67"/>
      </object_component>
      <object_component id="oc-4a8">
         <name>.text:EST_Flux_ab_init</name>
         <load_address>0x85765</load_address>
         <run_address>0x85765</run_address>
         <size>0x16</size>
         <input_file_ref idref="fl-3f"/>
      </object_component>
      <object_component id="oc-4aa">
         <name>.text:EST_Freq_init</name>
         <load_address>0x8577b</load_address>
         <run_address>0x8577b</run_address>
         <size>0x16</size>
         <input_file_ref idref="fl-42"/>
      </object_component>
      <object_component id="oc-4ab">
         <name>.text:EST_Iab_init</name>
         <load_address>0x85791</load_address>
         <run_address>0x85791</run_address>
         <size>0x16</size>
         <input_file_ref idref="fl-43"/>
      </object_component>
      <object_component id="oc-3a8">
         <name>.text:EST_Iab_setParams</name>
         <load_address>0x857a7</load_address>
         <run_address>0x857a7</run_address>
         <size>0x16</size>
         <input_file_ref idref="fl-43"/>
      </object_component>
      <object_component id="oc-4ac">
         <name>.text:EST_Idq_init</name>
         <load_address>0x857bd</load_address>
         <run_address>0x857bd</run_address>
         <size>0x16</size>
         <input_file_ref idref="fl-44"/>
      </object_component>
      <object_component id="oc-4b4">
         <name>.text:EST_Vdq_init</name>
         <load_address>0x857d3</load_address>
         <run_address>0x857d3</run_address>
         <size>0x16</size>
         <input_file_ref idref="fl-4c"/>
      </object_component>
      <object_component id="oc-457">
         <name>.text:ADC_setOffsetTrimAll</name>
         <load_address>0x857e9</load_address>
         <run_address>0x857e9</run_address>
         <size>0x15</size>
         <input_file_ref idref="fl-4f"/>
      </object_component>
      <object_component id="oc-3a6">
         <name>.text:EST_setFreqBeta_lp</name>
         <load_address>0x857fe</load_address>
         <run_address>0x857fe</run_address>
         <size>0x15</size>
         <input_file_ref idref="fl-39"/>
      </object_component>
      <object_component id="oc-3a9">
         <name>.text:EST_setIab_beta_lp</name>
         <load_address>0x85813</load_address>
         <run_address>0x85813</run_address>
         <size>0x15</size>
         <input_file_ref idref="fl-39"/>
      </object_component>
      <object_component id="oc-3aa">
         <name>.text:EST_setIdq_beta_lp</name>
         <load_address>0x85828</load_address>
         <run_address>0x85828</run_address>
         <size>0x15</size>
         <input_file_ref idref="fl-39"/>
      </object_component>
      <object_component id="oc-3b9">
         <name>.text:EST_setVdq_beta_lp</name>
         <load_address>0x8583d</load_address>
         <run_address>0x8583d</run_address>
         <size>0x15</size>
         <input_file_ref idref="fl-39"/>
      </object_component>
      <object_component id="oc-d7">
         <name>.text:Interrupt_initVectorTable</name>
         <load_address>0x85852</load_address>
         <run_address>0x85852</run_address>
         <size>0x15</size>
         <input_file_ref idref="fl-57"/>
      </object_component>
      <object_component id="oc-22e">
         <name>.text:setupClarke_V</name>
         <load_address>0x85867</load_address>
         <run_address>0x85867</run_address>
         <size>0x14</size>
         <input_file_ref idref="fl-25"/>
      </object_component>
      <object_component id="oc-3ab">
         <name>.text:EST_Idq_setParams</name>
         <load_address>0x8587b</load_address>
         <run_address>0x8587b</run_address>
         <size>0x13</size>
         <input_file_ref idref="fl-44"/>
      </object_component>
      <object_component id="oc-358">
         <name>.text:I2C_enableInterrupt</name>
         <load_address>0x8588e</load_address>
         <run_address>0x8588e</run_address>
         <size>0x13</size>
         <input_file_ref idref="fl-56"/>
      </object_component>
      <object_component id="oc-3b8">
         <name>.text:EST_Vdq_setParams</name>
         <load_address>0x858a1</load_address>
         <run_address>0x858a1</run_address>
         <size>0x12</size>
         <input_file_ref idref="fl-4c"/>
      </object_component>
      <object_component id="oc-25e">
         <name>.text:EST_initEst</name>
         <load_address>0x858b3</load_address>
         <run_address>0x858b3</run_address>
         <size>0x12</size>
         <input_file_ref idref="fl-39"/>
      </object_component>
      <object_component id="oc-2b3">
         <name>.text:HAL_setMtrCMPSSDACValue</name>
         <load_address>0x858c5</load_address>
         <run_address>0x858c5</run_address>
         <size>0x12</size>
         <input_file_ref idref="fl-21"/>
      </object_component>
      <object_component id="oc-35e">
         <name>.text:I2C_clearInterruptStatus</name>
         <load_address>0x858d7</load_address>
         <run_address>0x858d7</run_address>
         <size>0x11</size>
         <input_file_ref idref="fl-56"/>
      </object_component>
      <object_component id="oc-c1">
         <name>.text:canaISR</name>
         <load_address>0x858e8</load_address>
         <run_address>0x858e8</run_address>
         <size>0x11</size>
         <input_file_ref idref="fl-23"/>
      </object_component>
      <object_component id="oc-139">
         <name>.text:Device_initGPIO</name>
         <load_address>0x858f9</load_address>
         <run_address>0x858f9</run_address>
         <size>0x10</size>
         <input_file_ref idref="fl-26"/>
      </object_component>
      <object_component id="oc-4d8">
         <name>.text:EST_Dir_resetHpFilters</name>
         <load_address>0x85909</load_address>
         <run_address>0x85909</run_address>
         <size>0x10</size>
         <input_file_ref idref="fl-3c"/>
      </object_component>
      <object_component id="oc-4db">
         <name>.text:EST_Flux_ab_resetDerFilters</name>
         <load_address>0x85919</load_address>
         <run_address>0x85919</run_address>
         <size>0x10</size>
         <input_file_ref idref="fl-3f"/>
      </object_component>
      <object_component id="oc-2c0">
         <name>.text:stopMotorControl</name>
         <load_address>0x85929</load_address>
         <run_address>0x85929</run_address>
         <size>0x10</size>
         <input_file_ref idref="fl-25"/>
      </object_component>
      <object_component id="oc-4a7">
         <name>.text:EST_Flux_init</name>
         <load_address>0x85939</load_address>
         <run_address>0x85939</run_address>
         <size>0xf</size>
         <input_file_ref idref="fl-41"/>
      </object_component>
      <object_component id="oc-4ae">
         <name>.text:EST_OneOverDcBus_init</name>
         <load_address>0x85948</load_address>
         <run_address>0x85948</run_address>
         <size>0xf</size>
         <input_file_ref idref="fl-46"/>
      </object_component>
      <object_component id="oc-263">
         <name>.text:EST_setFreqLFP_sf</name>
         <load_address>0x85957</load_address>
         <run_address>0x85957</run_address>
         <size>0xf</size>
         <input_file_ref idref="fl-38"/>
      </object_component>
      <object_component id="oc-3f8">
         <name>.text:EST_getFlux_Wb</name>
         <load_address>0x85966</load_address>
         <run_address>0x85966</run_address>
         <size>0xe</size>
         <input_file_ref idref="fl-39"/>
      </object_component>
      <object_component id="oc-10e">
         <name>.text:EST_getFm_lp_Hz</name>
         <load_address>0x85974</load_address>
         <run_address>0x85974</run_address>
         <size>0xe</size>
         <input_file_ref idref="fl-39"/>
      </object_component>
      <object_component id="oc-151">
         <name>.text:HAL_enableCtrlInts</name>
         <load_address>0x85982</load_address>
         <run_address>0x85982</run_address>
         <size>0xd</size>
         <input_file_ref idref="fl-21"/>
      </object_component>
      <object_component id="oc-264">
         <name>.text:EST_setBemf_sf</name>
         <load_address>0x8598f</load_address>
         <run_address>0x8598f</run_address>
         <size>0xc</size>
         <input_file_ref idref="fl-38"/>
      </object_component>
      <object_component id="oc-262">
         <name>.text:EST_setOneOverFluxGain_sf</name>
         <load_address>0x8599b</load_address>
         <run_address>0x8599b</run_address>
         <size>0xc</size>
         <input_file_ref idref="fl-38"/>
      </object_component>
      <object_component id="oc-e5">
         <name>.text:Interrupt_defaultHandler</name>
         <load_address>0x859a7</load_address>
         <run_address>0x859a7</run_address>
         <size>0xc</size>
         <input_file_ref idref="fl-57"/>
      </object_component>
      <object_component id="oc-30b">
         <name>.text</name>
         <load_address>0x859b3</load_address>
         <run_address>0x859b3</run_address>
         <size>0xc</size>
         <input_file_ref idref="fl-72"/>
      </object_component>
      <object_component id="oc-39a">
         <name>.text:EST_Dir_setParams</name>
         <load_address>0x859bf</load_address>
         <run_address>0x859bf</run_address>
         <size>0xb</size>
         <input_file_ref idref="fl-3c"/>
      </object_component>
      <object_component id="oc-3a2">
         <name>.text:EST_Flux_ab_setParams</name>
         <load_address>0x859ca</load_address>
         <run_address>0x859ca</run_address>
         <size>0xa</size>
         <input_file_ref idref="fl-3f"/>
      </object_component>
      <object_component id="oc-df">
         <name>.text:Interrupt_illegalOperationHandler</name>
         <load_address>0x859d4</load_address>
         <run_address>0x859d4</run_address>
         <size>0xa</size>
         <input_file_ref idref="fl-57"/>
      </object_component>
      <object_component id="oc-d3">
         <name>.text:Interrupt_nmiHandler</name>
         <load_address>0x859de</load_address>
         <run_address>0x859de</run_address>
         <size>0xa</size>
         <input_file_ref idref="fl-57"/>
      </object_component>
      <object_component id="oc-469">
         <name>.text:EPWM_setEmulationMode</name>
         <load_address>0x859e8</load_address>
         <run_address>0x859e8</run_address>
         <size>0x9</size>
         <input_file_ref idref="fl-53"/>
      </object_component>
      <object_component id="oc-3fc">
         <name>.text:EST_computePower_W</name>
         <load_address>0x859f1</load_address>
         <run_address>0x859f1</run_address>
         <size>0x9</size>
         <input_file_ref idref="fl-39"/>
      </object_component>
      <object_component id="oc-119">
         <name>.text:EST_setAngle_rad</name>
         <load_address>0x859fa</load_address>
         <run_address>0x859fa</run_address>
         <size>0x9</size>
         <input_file_ref idref="fl-39"/>
      </object_component>
      <object_component id="oc-4cc">
         <name>.text:INVERSE_setParams</name>
         <load_address>0x85a03</load_address>
         <run_address>0x85a03</run_address>
         <size>0x9</size>
         <input_file_ref idref="fl-4d"/>
      </object_component>
      <object_component id="oc-4fd">
         <name>.text</name>
         <load_address>0x85a0c</load_address>
         <run_address>0x85a0c</run_address>
         <size>0x9</size>
         <input_file_ref idref="fl-71"/>
      </object_component>
      <object_component id="oc-2cd">
         <name>.text:EST_enableTraj</name>
         <load_address>0x85a15</load_address>
         <run_address>0x85a15</run_address>
         <size>0x8</size>
         <input_file_ref idref="fl-39"/>
      </object_component>
      <object_component id="oc-3f6">
         <name>.text:EST_getLs_d_H</name>
         <load_address>0x85a1d</load_address>
         <run_address>0x85a1d</run_address>
         <size>0x8</size>
         <input_file_ref idref="fl-39"/>
      </object_component>
      <object_component id="oc-3f7">
         <name>.text:EST_getLs_q_H</name>
         <load_address>0x85a25</load_address>
         <run_address>0x85a25</run_address>
         <size>0x8</size>
         <input_file_ref idref="fl-39"/>
      </object_component>
      <object_component id="oc-3f5">
         <name>.text:EST_getRr_Ohm</name>
         <load_address>0x85a2d</load_address>
         <run_address>0x85a2d</run_address>
         <size>0x8</size>
         <input_file_ref idref="fl-39"/>
      </object_component>
      <object_component id="oc-3f9">
         <name>.text:EST_getRsOnLine_Ohm</name>
         <load_address>0x85a35</load_address>
         <run_address>0x85a35</run_address>
         <size>0x8</size>
         <input_file_ref idref="fl-39"/>
      </object_component>
      <object_component id="oc-3f1">
         <name>.text:EST_getRs_Ohm</name>
         <load_address>0x85a3d</load_address>
         <run_address>0x85a3d</run_address>
         <size>0x8</size>
         <input_file_ref idref="fl-39"/>
      </object_component>
      <object_component id="oc-2d6">
         <name>.text:EST_isError</name>
         <load_address>0x85a45</load_address>
         <run_address>0x85a45</run_address>
         <size>0x8</size>
         <input_file_ref idref="fl-39"/>
      </object_component>
      <object_component id="oc-2db">
         <name>.text:EST_isIdle</name>
         <load_address>0x85a4d</load_address>
         <run_address>0x85a4d</run_address>
         <size>0x8</size>
         <input_file_ref idref="fl-39"/>
      </object_component>
      <object_component id="oc-2da">
         <name>.text:EST_isLockRotor</name>
         <load_address>0x85a55</load_address>
         <run_address>0x85a55</run_address>
         <size>0x8</size>
         <input_file_ref idref="fl-39"/>
      </object_component>
      <object_component id="oc-265">
         <name>.text:EST_setFlag_enablePowerWarp</name>
         <load_address>0x85a5d</load_address>
         <run_address>0x85a5d</run_address>
         <size>0x8</size>
         <input_file_ref idref="fl-39"/>
      </object_component>
      <object_component id="oc-3e8">
         <name>.text:EST_setLs_d_H</name>
         <load_address>0x85a65</load_address>
         <run_address>0x85a65</run_address>
         <size>0x8</size>
         <input_file_ref idref="fl-39"/>
      </object_component>
      <object_component id="oc-3e9">
         <name>.text:EST_setLs_q_H</name>
         <load_address>0x85a6d</load_address>
         <run_address>0x85a6d</run_address>
         <size>0x8</size>
         <input_file_ref idref="fl-39"/>
      </object_component>
      <object_component id="oc-3e7">
         <name>.text:EST_setRr_Ohm</name>
         <load_address>0x85a75</load_address>
         <run_address>0x85a75</run_address>
         <size>0x8</size>
         <input_file_ref idref="fl-39"/>
      </object_component>
      <object_component id="oc-3f0">
         <name>.text:EST_setRsOnLineId_A</name>
         <load_address>0x85a7d</load_address>
         <run_address>0x85a7d</run_address>
         <size>0x8</size>
         <input_file_ref idref="fl-39"/>
      </object_component>
      <object_component id="oc-3ef">
         <name>.text:EST_setRsOnLineId_mag_A</name>
         <load_address>0x85a85</load_address>
         <run_address>0x85a85</run_address>
         <size>0x8</size>
         <input_file_ref idref="fl-39"/>
      </object_component>
      <object_component id="oc-3f2">
         <name>.text:EST_setRsOnLine_Ohm</name>
         <load_address>0x85a8d</load_address>
         <run_address>0x85a8d</run_address>
         <size>0x8</size>
         <input_file_ref idref="fl-39"/>
      </object_component>
      <object_component id="oc-8e">
         <name>.text:decompress:none</name>
         <load_address>0x85a95</load_address>
         <run_address>0x85a95</run_address>
         <size>0x8</size>
         <input_file_ref idref="fl-6e"/>
      </object_component>
      <object_component id="oc-102">
         <name>.text</name>
         <load_address>0x85a9d</load_address>
         <run_address>0x85a9d</run_address>
         <size>0x8</size>
         <input_file_ref idref="fl-27"/>
      </object_component>
      <object_component id="oc-39d">
         <name>.text:EST_Eab_setParams</name>
         <load_address>0x85aa5</load_address>
         <run_address>0x85aa5</run_address>
         <size>0x7</size>
         <input_file_ref idref="fl-3d"/>
      </object_component>
      <object_component id="oc-3a1">
         <name>.text:EST_Flux_setWaitTimes</name>
         <load_address>0x85aac</load_address>
         <run_address>0x85aac</run_address>
         <size>0x7</size>
         <input_file_ref idref="fl-41"/>
      </object_component>
      <object_component id="oc-4d9">
         <name>.text:EST_Freq_resetDerFilter</name>
         <load_address>0x85ab3</load_address>
         <run_address>0x85ab3</run_address>
         <size>0x7</size>
         <input_file_ref idref="fl-42"/>
      </object_component>
      <object_component id="oc-4da">
         <name>.text:EST_Freq_resetLpFilter</name>
         <load_address>0x85aba</load_address>
         <run_address>0x85aba</run_address>
         <size>0x7</size>
         <input_file_ref idref="fl-42"/>
      </object_component>
      <object_component id="oc-3ad">
         <name>.text:EST_Ls_setWaitTimes</name>
         <load_address>0x85ac1</load_address>
         <run_address>0x85ac1</run_address>
         <size>0x7</size>
         <input_file_ref idref="fl-45"/>
      </object_component>
      <object_component id="oc-3b1">
         <name>.text:EST_Rr_setWaitTimes</name>
         <load_address>0x85ac8</load_address>
         <run_address>0x85ac8</run_address>
         <size>0x7</size>
         <input_file_ref idref="fl-47"/>
      </object_component>
      <object_component id="oc-3b3">
         <name>.text:EST_Rs_setWaitTimes</name>
         <load_address>0x85acf</load_address>
         <run_address>0x85acf</run_address>
         <size>0x7</size>
         <input_file_ref idref="fl-49"/>
      </object_component>
      <object_component id="oc-2d8">
         <name>.text:EST_configureTraj</name>
         <load_address>0x85ad6</load_address>
         <run_address>0x85ad6</run_address>
         <size>0x7</size>
         <input_file_ref idref="fl-39"/>
      </object_component>
      <object_component id="oc-2dd">
         <name>.text:EST_disableTraj</name>
         <load_address>0x85add</load_address>
         <run_address>0x85add</run_address>
         <size>0x7</size>
         <input_file_ref idref="fl-39"/>
      </object_component>
      <object_component id="oc-3ae">
         <name>.text:EST_setMotorParams</name>
         <load_address>0x85ae4</load_address>
         <run_address>0x85ae4</run_address>
         <size>0x7</size>
         <input_file_ref idref="fl-39"/>
      </object_component>
      <object_component id="oc-3ba">
         <name>.text:EST_setWaitTimes</name>
         <load_address>0x85aeb</load_address>
         <run_address>0x85aeb</run_address>
         <size>0x7</size>
         <input_file_ref idref="fl-39"/>
      </object_component>
      <object_component id="oc-2d5">
         <name>.text:EST_updateTrajState</name>
         <load_address>0x85af2</load_address>
         <run_address>0x85af2</run_address>
         <size>0x7</size>
         <input_file_ref idref="fl-39"/>
      </object_component>
      <object_component id="oc-12c">
         <name>.text:HAL_clearDataRAM</name>
         <load_address>0x85af9</load_address>
         <run_address>0x85af9</run_address>
         <size>0x7</size>
         <input_file_ref idref="fl-21"/>
      </object_component>
      <object_component id="oc-1b8">
         <name>.text</name>
         <load_address>0x85b00</load_address>
         <run_address>0x85b00</run_address>
         <size>0x7</size>
         <input_file_ref idref="fl-73"/>
      </object_component>
      <object_component id="oc-33d">
         <name>.text:CPUTimer_setEmulationMode</name>
         <load_address>0x85b07</load_address>
         <run_address>0x85b07</run_address>
         <size>0x6</size>
         <input_file_ref idref="fl-51"/>
      </object_component>
      <object_component id="oc-3df">
         <name>.text:EST_Traj_isError</name>
         <load_address>0x85b0d</load_address>
         <run_address>0x85b0d</run_address>
         <size>0x6</size>
         <input_file_ref idref="fl-4a"/>
      </object_component>
      <object_component id="oc-4df">
         <name>.text:EST_getFe_rps</name>
         <load_address>0x85b13</load_address>
         <run_address>0x85b13</run_address>
         <size>0x6</size>
         <input_file_ref idref="fl-39"/>
      </object_component>
      <object_component id="oc-2d4">
         <name>.text:EST_isTrajError</name>
         <load_address>0x85b19</load_address>
         <run_address>0x85b19</run_address>
         <size>0x6</size>
         <input_file_ref idref="fl-39"/>
      </object_component>
      <object_component id="oc-11b">
         <name>.text:EST_setId_ref_A</name>
         <load_address>0x85b1f</load_address>
         <run_address>0x85b1f</run_address>
         <size>0x6</size>
         <input_file_ref idref="fl-39"/>
      </object_component>
      <object_component id="oc-11c">
         <name>.text:EST_setIq_ref_A</name>
         <load_address>0x85b25</load_address>
         <run_address>0x85b25</run_address>
         <size>0x6</size>
         <input_file_ref idref="fl-39"/>
      </object_component>
      <object_component id="oc-4c1">
         <name>.text:FILTER_FO_setInitialConditions</name>
         <load_address>0x85b2b</load_address>
         <run_address>0x85b2b</run_address>
         <size>0x6</size>
         <input_file_ref idref="fl-9"/>
      </object_component>
      <object_component id="oc-fc">
         <name>.text:decompress:ZI</name>
         <load_address>0x85b31</load_address>
         <run_address>0x85b31</run_address>
         <size>0x6</size>
         <input_file_ref idref="fl-6d"/>
      </object_component>
      <object_component id="oc-39e">
         <name>.text:EST_Edq_setEdq_V</name>
         <load_address>0x85b37</load_address>
         <run_address>0x85b37</run_address>
         <size>0x5</size>
         <input_file_ref idref="fl-3e"/>
      </object_component>
      <object_component id="oc-3a4">
         <name>.text:EST_Flux_dq_setFlux_Wb</name>
         <load_address>0x85b3c</load_address>
         <run_address>0x85b3c</run_address>
         <size>0x5</size>
         <input_file_ref idref="fl-40"/>
      </object_component>
      <object_component id="oc-3b7">
         <name>.text:EST_Vab_setVab_V</name>
         <load_address>0x85b41</load_address>
         <run_address>0x85b41</run_address>
         <size>0x5</size>
         <input_file_ref idref="fl-4b"/>
      </object_component>
      <object_component id="oc-2cc">
         <name>.text:EST_enable</name>
         <load_address>0x85b46</load_address>
         <run_address>0x85b46</run_address>
         <size>0x5</size>
         <input_file_ref idref="fl-39"/>
      </object_component>
      <object_component id="oc-3f4">
         <name>.text:EST_getTrajState</name>
         <load_address>0x85b4b</load_address>
         <run_address>0x85b4b</run_address>
         <size>0x5</size>
         <input_file_ref idref="fl-39"/>
      </object_component>
      <object_component id="oc-4b5">
         <name>.text:FILTER_FO_setNumCoeffs</name>
         <load_address>0x85b50</load_address>
         <run_address>0x85b50</run_address>
         <size>0x5</size>
         <input_file_ref idref="fl-9"/>
      </object_component>
      <object_component id="oc-19f">
         <name>.text:HAL_readDRVData</name>
         <load_address>0x85b55</load_address>
         <run_address>0x85b55</run_address>
         <size>0x5</size>
         <input_file_ref idref="fl-21"/>
      </object_component>
      <object_component id="oc-199">
         <name>.text:HAL_writeDRVData</name>
         <load_address>0x85b5a</load_address>
         <run_address>0x85b5a</run_address>
         <size>0x5</size>
         <input_file_ref idref="fl-21"/>
      </object_component>
      <object_component id="oc-228">
         <name>.text:CLARKE_init</name>
         <load_address>0x85b5f</load_address>
         <run_address>0x85b5f</run_address>
         <size>0x4</size>
         <input_file_ref idref="fl-13"/>
      </object_component>
      <object_component id="oc-4a3">
         <name>.text:EST_Angle_init</name>
         <load_address>0x85b63</load_address>
         <run_address>0x85b63</run_address>
         <size>0x4</size>
         <input_file_ref idref="fl-3b"/>
      </object_component>
      <object_component id="oc-4a5">
         <name>.text:EST_Eab_init</name>
         <load_address>0x85b67</load_address>
         <run_address>0x85b67</run_address>
         <size>0x4</size>
         <input_file_ref idref="fl-3d"/>
      </object_component>
      <object_component id="oc-4a6">
         <name>.text:EST_Edq_init</name>
         <load_address>0x85b6b</load_address>
         <run_address>0x85b6b</run_address>
         <size>0x4</size>
         <input_file_ref idref="fl-3e"/>
      </object_component>
      <object_component id="oc-4a9">
         <name>.text:EST_Flux_dq_init</name>
         <load_address>0x85b6f</load_address>
         <run_address>0x85b6f</run_address>
         <size>0x4</size>
         <input_file_ref idref="fl-40"/>
      </object_component>
      <object_component id="oc-4ad">
         <name>.text:EST_Ls_init</name>
         <load_address>0x85b73</load_address>
         <run_address>0x85b73</run_address>
         <size>0x4</size>
         <input_file_ref idref="fl-45"/>
      </object_component>
      <object_component id="oc-4af">
         <name>.text:EST_Rr_init</name>
         <load_address>0x85b77</load_address>
         <run_address>0x85b77</run_address>
         <size>0x4</size>
         <input_file_ref idref="fl-47"/>
      </object_component>
      <object_component id="oc-4b0">
         <name>.text:EST_Rs_init</name>
         <load_address>0x85b7b</load_address>
         <run_address>0x85b7b</run_address>
         <size>0x4</size>
         <input_file_ref idref="fl-49"/>
      </object_component>
      <object_component id="oc-4b3">
         <name>.text:EST_Vab_init</name>
         <load_address>0x85b7f</load_address>
         <run_address>0x85b7f</run_address>
         <size>0x4</size>
         <input_file_ref idref="fl-4b"/>
      </object_component>
      <object_component id="oc-2dc">
         <name>.text:EST_disable</name>
         <load_address>0x85b83</load_address>
         <run_address>0x85b83</run_address>
         <size>0x4</size>
         <input_file_ref idref="fl-39"/>
      </object_component>
      <object_component id="oc-3e6">
         <name>.text:EST_getFlag_bypassLockRotor</name>
         <load_address>0x85b87</load_address>
         <run_address>0x85b87</run_address>
         <size>0x4</size>
         <input_file_ref idref="fl-39"/>
      </object_component>
      <object_component id="oc-3e1">
         <name>.text:EST_getFlag_enable</name>
         <load_address>0x85b8b</load_address>
         <run_address>0x85b8b</run_address>
         <size>0x4</size>
         <input_file_ref idref="fl-39"/>
      </object_component>
      <object_component id="oc-2be">
         <name>.text:EST_getFlag_enableRsOnLine_inline</name>
         <load_address>0x85b8f</load_address>
         <run_address>0x85b8f</run_address>
         <size>0x4</size>
         <input_file_ref idref="fl-39"/>
      </object_component>
      <object_component id="oc-3ed">
         <name>.text:EST_getFlag_enableRsRecalc</name>
         <load_address>0x85b93</load_address>
         <run_address>0x85b93</run_address>
         <size>0x4</size>
         <input_file_ref idref="fl-39"/>
      </object_component>
      <object_component id="oc-3fa">
         <name>.text:EST_getRoverL_rps_inline</name>
         <load_address>0x85b97</load_address>
         <run_address>0x85b97</run_address>
         <size>0x4</size>
         <input_file_ref idref="fl-39"/>
      </object_component>
      <object_component id="oc-10f">
         <name>.text:EST_isMotorIdentified</name>
         <load_address>0x85b9b</load_address>
         <run_address>0x85b9b</run_address>
         <size>0x4</size>
         <input_file_ref idref="fl-39"/>
      </object_component>
      <object_component id="oc-266">
         <name>.text:EST_setFlag_bypassLockRotor</name>
         <load_address>0x85b9f</load_address>
         <run_address>0x85b9f</run_address>
         <size>0x4</size>
         <input_file_ref idref="fl-39"/>
      </object_component>
      <object_component id="oc-3bb">
         <name>.text:EST_setFlag_enable</name>
         <load_address>0x85ba3</load_address>
         <run_address>0x85ba3</run_address>
         <size>0x4</size>
         <input_file_ref idref="fl-39"/>
      </object_component>
      <object_component id="oc-3bc">
         <name>.text:EST_setFlag_enableFluxControl</name>
         <load_address>0x85ba7</load_address>
         <run_address>0x85ba7</run_address>
         <size>0x4</size>
         <input_file_ref idref="fl-39"/>
      </object_component>
      <object_component id="oc-260">
         <name>.text:EST_setFlag_enableForceAngle</name>
         <load_address>0x85bab</load_address>
         <run_address>0x85bab</run_address>
         <size>0x4</size>
         <input_file_ref idref="fl-39"/>
      </object_component>
      <object_component id="oc-3bd">
         <name>.text:EST_setFlag_enableRsOnLine_inline</name>
         <load_address>0x85baf</load_address>
         <run_address>0x85baf</run_address>
         <size>0x4</size>
         <input_file_ref idref="fl-39"/>
      </object_component>
      <object_component id="oc-261">
         <name>.text:EST_setFlag_enableRsRecalc</name>
         <load_address>0x85bb3</load_address>
         <run_address>0x85bb3</run_address>
[...]
      </symbol>
      <symbol id="sm-590">
         <name>EST_Dir_resetHpFilters</name>
         <value>0x85909</value>
         <object_component_ref idref="oc-4d8"/>
      </symbol>
      <symbol id="sm-591">
         <name>EST_Dir_resetLpFilters</name>
         <value>0x855bf</value>
         <object_component_ref idref="oc-4d7"/>
      </symbol>
      <symbol id="sm-592">
         <name>EST_Dir_setParams</name>
         <value>0x859bf</value>
         <object_component_ref idref="oc-39a"/>
      </symbol>
      <symbol id="sm-593">
         <name>EST_Dir_init</name>
         <value>0x850cf</value>
         <object_component_ref idref="oc-4a4"/>
      </symbol>
      <symbol id="sm-594">
         <name>EST_Dir_setHpFilterParams</name>
         <value>0x84a84</value>
         <object_component_ref idref="oc-39c"/>
      </symbol>
      <symbol id="sm-595">
         <name>EST_Dir_setLpFilterParams</name>
         <value>0x844e4</value>
         <object_component_ref idref="oc-39b"/>
      </symbol>
      <symbol id="sm-59a">
         <name>EST_Eab_setParams</name>
         <value>0x85aa5</value>
         <object_component_ref idref="oc-39d"/>
      </symbol>
      <symbol id="sm-59b">
         <name>EST_Eab_init</name>
         <value>0x85b67</value>
         <object_component_ref idref="oc-4a5"/>
      </symbol>
      <symbol id="sm-5a1">
         <name>EST_Edq_setParams</name>
         <value>0x85b37</value>
         <object_component_ref idref="oc-39e"/>
      </symbol>
      <symbol id="sm-5a2">
         <name>EST_Edq_init</name>
         <value>0x85b6b</value>
         <object_component_ref idref="oc-4a6"/>
      </symbol>
      <symbol id="sm-5aa">
         <name>EST_Flux_ab_setDerFilterParams</name>
         <value>0x84ace</value>
         <object_component_ref idref="oc-4c7"/>
      </symbol>
      <symbol id="sm-5ab">
         <name>EST_Flux_ab_setParams</name>
         <value>0x859ca</value>
         <object_component_ref idref="oc-3a2"/>
      </symbol>
      <symbol id="sm-5ac">
         <name>EST_Flux_ab_resetDerFilters</name>
         <value>0x85919</value>
         <object_component_ref idref="oc-4db"/>
      </symbol>
      <symbol id="sm-5ad">
         <name>EST_Flux_ab_init</name>
         <value>0x85765</value>
         <object_component_ref idref="oc-4a8"/>
      </symbol>
      <symbol id="sm-5b3">
         <name>EST_Flux_dq_setParams</name>
         <value>0x85b3c</value>
         <object_component_ref idref="oc-3a4"/>
      </symbol>
      <symbol id="sm-5b4">
         <name>EST_Flux_dq_init</name>
         <value>0x85b6f</value>
         <object_component_ref idref="oc-4a9"/>
      </symbol>
      <symbol id="sm-5c3">
         <name>EST_Flux_updateState</name>
         <value>0x84eaf</value>
         <object_component_ref idref="oc-3ea"/>
      </symbol>
      <symbol id="sm-5c4">
         <name>EST_Flux_setParams</name>
         <value>0x84893</value>
         <object_component_ref idref="oc-3a0"/>
      </symbol>
      <symbol id="sm-5c5">
         <name>EST_Flux_init</name>
         <value>0x85939</value>
         <object_component_ref idref="oc-4a7"/>
      </symbol>
      <symbol id="sm-5c6">
         <name>EST_Flux_setWaitTimes</name>
         <value>0x85aac</value>
         <object_component_ref idref="oc-3a1"/>
      </symbol>
      <symbol id="sm-5d0">
         <name>EST_Freq_resetLpFilter</name>
         <value>0x85aba</value>
         <object_component_ref idref="oc-4da"/>
      </symbol>
      <symbol id="sm-5d1">
         <name>EST_Freq_setDerFilterParams</name>
         <value>0x85297</value>
         <object_component_ref idref="oc-4c9"/>
      </symbol>
      <symbol id="sm-5d2">
         <name>EST_Freq_setParams</name>
         <value>0x849e9</value>
         <object_component_ref idref="oc-3a5"/>
      </symbol>
      <symbol id="sm-5d3">
         <name>EST_Freq_setLpFilterParams</name>
         <value>0x852c1</value>
         <object_component_ref idref="oc-4c8"/>
      </symbol>
      <symbol id="sm-5d4">
         <name>EST_Freq_init</name>
         <value>0x8577b</value>
         <object_component_ref idref="oc-4aa"/>
      </symbol>
      <symbol id="sm-5d5">
         <name>EST_Freq_resetDerFilter</name>
         <value>0x85ab3</value>
         <object_component_ref idref="oc-4d9"/>
      </symbol>
      <symbol id="sm-5df">
         <name>EST_Iab_resetLpFilters</name>
         <value>0x8518f</value>
         <object_component_ref idref="oc-4dc"/>
      </symbol>
      <symbol id="sm-5e0">
         <name>EST_Iab_setLpFilterParams</name>
         <value>0x84b18</value>
         <object_component_ref idref="oc-4ca"/>
      </symbol>
      <symbol id="sm-5e1">
         <name>EST_Iab_setParams</name>
         <value>0x857a7</value>
         <object_component_ref idref="oc-3a8"/>
      </symbol>
      <symbol id="sm-5e2">
         <name>EST_Iab_init</name>
         <value>0x85791</value>
         <object_component_ref idref="oc-4ab"/>
      </symbol>
      <symbol id="sm-5ec">
         <name>EST_Idq_init</name>
         <value>0x857bd</value>
         <object_component_ref idref="oc-4ac"/>
      </symbol>
      <symbol id="sm-5ed">
         <name>EST_Idq_resetLpFilters</name>
         <value>0x85457</value>
         <object_component_ref idref="oc-4dd"/>
      </symbol>
      <symbol id="sm-5ee">
         <name>EST_Idq_setParams</name>
         <value>0x8587b</value>
         <object_component_ref idref="oc-3ab"/>
      </symbol>
      <symbol id="sm-5ef">
         <name>EST_Idq_setLpFilterParams</name>
         <value>0x84b62</value>
         <object_component_ref idref="oc-4cb"/>
      </symbol>
      <symbol id="sm-5fd">
         <name>EST_Ls_updateState</name>
         <value>0x85034</value>
         <object_component_ref idref="oc-3e5"/>
      </symbol>
      <symbol id="sm-5fe">
         <name>EST_Ls_setParams</name>
         <value>0x84d02</value>
         <object_component_ref idref="oc-3ac"/>
      </symbol>
      <symbol id="sm-5ff">
         <name>EST_Ls_init</name>
         <value>0x85b73</value>
         <object_component_ref idref="oc-4ad"/>
      </symbol>
      <symbol id="sm-600">
         <name>EST_Ls_setWaitTimes</name>
         <value>0x85ac1</value>
         <object_component_ref idref="oc-3ad"/>
      </symbol>
      <symbol id="sm-606">
         <name>EST_OneOverDcBus_setParams</name>
         <value>0x8533f</value>
         <object_component_ref idref="oc-3af"/>
      </symbol>
      <symbol id="sm-607">
         <name>EST_OneOverDcBus_init</name>
         <value>0x85948</value>
         <object_component_ref idref="oc-4ae"/>
      </symbol>
      <symbol id="sm-615">
         <name>EST_Rr_updateState</name>
         <value>0x85069</value>
         <object_component_ref idref="oc-3e4"/>
      </symbol>
      <symbol id="sm-616">
         <name>EST_Rr_setWaitTimes</name>
         <value>0x85ac8</value>
         <object_component_ref idref="oc-3b1"/>
      </symbol>
      <symbol id="sm-617">
         <name>EST_Rr_init</name>
         <value>0x85b77</value>
         <object_component_ref idref="oc-4af"/>
      </symbol>
      <symbol id="sm-618">
         <name>EST_Rr_setParams</name>
         <value>0x855db</value>
         <object_component_ref idref="oc-3b0"/>
      </symbol>
      <symbol id="sm-621">
         <name>EST_RsOnLine_init</name>
         <value>0x85368</value>
         <object_component_ref idref="oc-4b1"/>
      </symbol>
      <symbol id="sm-622">
         <name>EST_RsOnLine_setLpFilterParams</name>
         <value>0x84dfb</value>
         <object_component_ref idref="oc-3b5"/>
      </symbol>
      <symbol id="sm-623">
         <name>EST_RsOnLine_setParams</name>
         <value>0x84bf6</value>
         <object_component_ref idref="oc-3b4"/>
      </symbol>
      <symbol id="sm-631">
         <name>EST_Rs_init</name>
         <value>0x85b7b</value>
         <object_component_ref idref="oc-4b0"/>
      </symbol>
      <symbol id="sm-632">
         <name>EST_Rs_updateState</name>
         <value>0x8509c</value>
         <object_component_ref idref="oc-3ec"/>
      </symbol>
      <symbol id="sm-633">
         <name>EST_Rs_setWaitTimes</name>
         <value>0x85acf</value>
         <object_component_ref idref="oc-3b3"/>
      </symbol>
      <symbol id="sm-634">
         <name>EST_Rs_setParams</name>
         <value>0x855f7</value>
         <object_component_ref idref="oc-3b2"/>
      </symbol>
      <symbol id="sm-65f">
         <name>EST_Traj_isError</name>
         <value>0x85b0d</value>
         <object_component_ref idref="oc-3df"/>
      </symbol>
      <symbol id="sm-660">
         <name>EST_Traj_init</name>
         <value>0x85613</value>
         <object_component_ref idref="oc-4b2"/>
      </symbol>
      <symbol id="sm-661">
         <name>EST_Traj_reset</name>
         <value>0x85736</value>
         <object_component_ref idref="oc-4d6"/>
      </symbol>
      <symbol id="sm-662">
         <name>EST_Traj_configure</name>
         <value>0x83cb1</value>
         <object_component_ref idref="oc-3ee"/>
      </symbol>
      <symbol id="sm-663">
         <name>EST_Traj_updateState</name>
         <value>0x848ef</value>
         <object_component_ref idref="oc-3e0"/>
      </symbol>
      <symbol id="sm-664">
         <name>EST_Traj_run</name>
         <value>0xb7d5</value>
         <object_component_ref idref="oc-1cb"/>
      </symbol>
      <symbol id="sm-665">
         <name>EST_Traj_setParams</name>
         <value>0x84311</value>
         <object_component_ref idref="oc-3b6"/>
      </symbol>
      <symbol id="sm-66b">
         <name>EST_Vab_init</name>
         <value>0x85b7f</value>
         <object_component_ref idref="oc-4b3"/>
      </symbol>
      <symbol id="sm-66c">
         <name>EST_Vab_setParams</name>
         <value>0x85b41</value>
         <object_component_ref idref="oc-3b7"/>
      </symbol>
      <symbol id="sm-676">
         <name>EST_Vdq_setLpFilterParams</name>
         <value>0x84bac</value>
         <object_component_ref idref="oc-4cd"/>
      </symbol>
      <symbol id="sm-677">
         <name>EST_Vdq_init</name>
         <value>0x857d3</value>
         <object_component_ref idref="oc-4b4"/>
      </symbol>
      <symbol id="sm-678">
         <name>EST_Vdq_resetLpFilters</name>
         <value>0x852eb</value>
         <object_component_ref idref="oc-4de"/>
      </symbol>
      <symbol id="sm-679">
         <name>EST_Vdq_setParams</name>
         <value>0x858a1</value>
         <object_component_ref idref="oc-3b8"/>
      </symbol>
      <symbol id="sm-67e">
         <name>INVERSE_setParams</name>
         <value>0x85a03</value>
         <object_component_ref idref="oc-4cc"/>
      </symbol>
      <symbol id="sm-67f">
         <name>INVERSE_init</name>
         <value>0x85bc3</value>
         <object_component_ref idref="oc-52f"/>
      </symbol>
      <symbol id="sm-69a">
         <name>ADC_setOffsetTrimAll</name>
         <value>0x857e9</value>
         <object_component_ref idref="oc-457"/>
      </symbol>
      <symbol id="sm-69b">
         <name>ADC_setVREF</name>
         <value>0x856d2</value>
         <object_component_ref idref="oc-336"/>
      </symbol>
      <symbol id="sm-6af">
         <name>CMPSS_configFilterHigh</name>
         <value>0x856eb</value>
         <object_component_ref idref="oc-470"/>
      </symbol>
      <symbol id="sm-6b0">
         <name>CMPSS_configFilterLow</name>
         <value>0x85704</value>
         <object_component_ref idref="oc-476"/>
      </symbol>
      <symbol id="sm-6bd">
         <name>CPUTimer_setEmulationMode</name>
         <value>0x85b07</value>
         <object_component_ref idref="oc-33d"/>
      </symbol>
      <symbol id="sm-6cb">
         <name>EPWM_setEmulationMode</name>
         <value>0x859e8</value>
         <object_component_ref idref="oc-469"/>
      </symbol>
      <symbol id="sm-6d8">
         <name>Flash_initModule</name>
         <value>0xb832</value>
         <object_component_ref idref="oc-1d7"/>
      </symbol>
      <symbol id="sm-709">
         <name>GPIO_setQualificationMode</name>
         <value>0x854c4</value>
         <object_component_ref idref="oc-280"/>
      </symbol>
      <symbol id="sm-70a">
         <name>GPIO_setPadConfig</name>
         <value>0x84d41</value>
         <object_component_ref idref="oc-27a"/>
      </symbol>
      <symbol id="sm-70b">
         <name>GPIO_setDirectionMode</name>
         <value>0x85507</value>
         <object_component_ref idref="oc-274"/>
      </symbol>
      <symbol id="sm-70c">
         <name>GPIO_setQualificationPeriod</name>
         <value>0x85682</value>
         <object_component_ref idref="oc-286"/>
      </symbol>
      <symbol id="sm-70d">
         <name>GPIO_setPinConfig</name>
         <value>0x85100</value>
         <object_component_ref idref="oc-26e"/>
      </symbol>
      <symbol id="sm-732">
         <name>I2C_clearInterruptStatus</name>
         <value>0x858d7</value>
         <object_component_ref idref="oc-35e"/>
      </symbol>
      <symbol id="sm-733">
         <name>I2C_initController</name>
         <value>0x84e38</value>
         <object_component_ref idref="oc-352"/>
      </symbol>
      <symbol id="sm-734">
         <name>I2C_enableInterrupt</name>
         <value>0x8588e</value>
         <object_component_ref idref="oc-358"/>
      </symbol>
      <symbol id="sm-76b">
         <name>Interrupt_defaultHandler</name>
         <value>0x859a7</value>
         <object_component_ref idref="oc-e5"/>
      </symbol>
      <symbol id="sm-76c">
         <name>Interrupt_initModule</name>
         <value>0x84cc1</value>
         <object_component_ref idref="oc-13f"/>
      </symbol>
      <symbol id="sm-76d">
         <name>Interrupt_nmiHandler</name>
         <value>0x859de</value>
         <object_component_ref idref="oc-d3"/>
      </symbol>
      <symbol id="sm-76e">
         <name>Interrupt_enable</name>
         <value>0x84ffe</value>
         <object_component_ref idref="oc-20d"/>
      </symbol>
      <symbol id="sm-76f">
         <name>Interrupt_initVectorTable</name>
         <value>0x85852</value>
         <object_component_ref idref="oc-d7"/>
      </symbol>
      <symbol id="sm-770">
         <name>Interrupt_illegalOperationHandler</name>
         <value>0x859d4</value>
         <object_component_ref idref="oc-df"/>
      </symbol>
      <symbol id="sm-788">
         <name>SCI_clearInterruptStatus</name>
         <value>0x8564b</value>
         <object_component_ref idref="oc-34b"/>
      </symbol>
      <symbol id="sm-789">
         <name>SCI_setConfig</name>
         <value>0x854a1</value>
         <object_component_ref idref="oc-345"/>
      </symbol>
      <symbol id="sm-7a2">
         <name>SPI_setConfig</name>
         <value>0x85547</value>
         <object_component_ref idref="oc-484"/>
      </symbol>
      <symbol id="sm-7a3">
         <name>SPI_clearInterruptStatus</name>
         <value>0x85584</value>
         <object_component_ref idref="oc-48a"/>
      </symbol>
      <symbol id="sm-802">
         <name>SysCtl_isPLLValid</name>
         <value>0x83fc8</value>
         <object_component_ref idref="oc-32a"/>
      </symbol>
      <symbol id="sm-803">
         <name>SysCtl_delay</name>
         <value>0xb8c2</value>
         <object_component_ref idref="oc-28d"/>
      </symbol>
      <symbol id="sm-804">
         <name>SysCtl_selectXTALSingleEnded</name>
         <value>0x854e6</value>
         <object_component_ref idref="oc-441"/>
      </symbol>
      <symbol id="sm-805">
         <name>SysCtl_selectXTAL</name>
         <value>0x84c3b</value>
         <object_component_ref idref="oc-447"/>
      </symbol>
      <symbol id="sm-806">
         <name>SysCtl_selectOscSource</name>
         <value>0x85216</value>
         <object_component_ref idref="oc-324"/>
      </symbol>
      <symbol id="sm-807">
         <name>SysCtl_setClock</name>
         <value>0x83b94</value>
         <object_component_ref idref="oc-1dd"/>
      </symbol>
      <symbol id="sm-814">
         <name>XBAR_setEPWMMuxConfig</name>
         <value>0x85241</value>
         <object_component_ref idref="oc-47d"/>
      </symbol>
      <symbol id="sm-81e">
         <name>_c_int00</name>
         <value>0x8574e</value>
         <object_component_ref idref="oc-1bf"/>
      </symbol>
      <symbol id="sm-81f">
         <name>__stack</name>
         <value>0x128</value>
         <object_component_ref idref="oc-eb"/>
      </symbol>
      <symbol id="sm-82c">
         <name>__c28xabi_divf</name>
         <value>0x8445c</value>
         <object_component_ref idref="oc-44e"/>
      </symbol>
      <symbol id="sm-83f">
         <name>memcpy</name>
         <value>0x855a2</value>
         <object_component_ref idref="oc-ee"/>
      </symbol>
      <symbol id="sm-84c">
         <name>_system_pre_init</name>
         <value>0x85bf9</value>
         <object_component_ref idref="oc-304"/>
      </symbol>
      <symbol id="sm-85b">
         <name>__TI_auto_init_nobinit_nopinit</name>
         <value>0x8526c</value>
         <object_component_ref idref="oc-404"/>
      </symbol>
      <symbol id="sm-868">
         <name>__TI_zero_init</name>
         <value>0x85b31</value>
         <object_component_ref idref="oc-fc"/>
      </symbol>
      <symbol id="sm-875">
         <name>__TI_decompress_none</name>
         <value>0x85a95</value>
         <object_component_ref idref="oc-8e"/>
      </symbol>
      <symbol id="sm-889">
         <name>__TI_decompress_lzss</name>
         <value>0x85130</value>
         <object_component_ref idref="oc-88"/>
      </symbol>
      <symbol id="sm-89f">
         <name>C$$EXIT</name>
         <value>0x853ba</value>
         <object_component_ref idref="oc-311"/>
      </symbol>
      <symbol id="sm-8a0">
         <name>abort</name>
         <value>0x853ba</value>
         <object_component_ref idref="oc-311"/>
      </symbol>
      <symbol id="sm-8a1">
         <name>exit</name>
         <value>0x853bc</value>
         <object_component_ref idref="oc-311"/>
      </symbol>
      <symbol id="sm-8a2">
         <name>__TI_dtors_ptr</name>
         <value>0x53a</value>
         <object_component_ref idref="oc-436"/>
      </symbol>
      <symbol id="sm-8a3">
         <name>__TI_cleanup_ptr</name>
         <value>0x538</value>
         <object_component_ref idref="oc-436"/>
      </symbol>
      <symbol id="sm-8a4">
         <name>__TI_enable_exit_profile_output</name>
         <value>0x536</value>
         <object_component_ref idref="oc-436"/>
      </symbol>
      <symbol id="sm-8bb">
         <name>_nop</name>
         <value>0x85a14</value>
         <object_component_ref idref="oc-4fd"/>
      </symbol>
      <symbol id="sm-8bc">
         <name>_lock</name>
         <value>0x53c</value>
         <object_component_ref idref="oc-439"/>
      </symbol>
      <symbol id="sm-8bd">
         <name>_unlock</name>
         <value>0x53e</value>
         <object_component_ref idref="oc-53e"/>
      </symbol>
      <symbol id="sm-8be">
         <name>_register_lock</name>
         <value>0x85a10</value>
         <object_component_ref idref="oc-4fd"/>
      </symbol>
      <symbol id="sm-8bf">
         <name>_register_unlock</name>
         <value>0x85a0c</value>
         <object_component_ref idref="oc-4fd"/>
      </symbol>
      <symbol id="sm-8ce">
         <name>_args_main</name>
         <value>0x859b3</value>
         <object_component_ref idref="oc-30b"/>
      </symbol>
      <symbol id="sm-8dd">
         <name>memset</name>
         <value>0x85b00</value>
         <object_component_ref idref="oc-1b8"/>
      </symbol>
      <symbol id="sm-8eb">
         <name>_system_post_cinit</name>
         <value>0x83ecd</value>
         <object_component_ref idref="oc-4e3"/>
      </symbol>
      <symbol id="sm-8ed">
         <name>__c_args__</name>
         <value>0x0</value>
      </symbol>
   </symbol_table>
   <title>Link successful</title>
</link_info>
