<?xml version="1.0" encoding="ISO-8859-1" ?>
<link_info>
   <banner>TMS320C2000 Linker PC v22.6.1.LTS</banner>
   <copyright>Copyright (c) 1996-2018 Texas Instruments Incorporated</copyright>
   <link_time>0x674df186</link_time>
   <link_errors>0x0</link_errors>
   <output_file>universal_motorcontrol_lab_f28002x.out</output_file>
   <entry_point>
      <name>code_start</name>
      <address>0x80000</address>
   </entry_point>
   <input_file_list>
      <input_file id="fl-2">
         <path>.\</path>
         <kind>object</kind>
         <file>sys_main.obj</file>
         <name>sys_main.obj</name>
      </input_file>
      <input_file id="fl-3">
         <path>.\libraries\control\dclink_ss\</path>
         <kind>object</kind>
         <file>dclink_ss.obj</file>
         <name>dclink_ss.obj</name>
      </input_file>
      <input_file id="fl-4">
         <path>.\libraries\control\fwc\</path>
         <kind>object</kind>
         <file>fwc.obj</file>
         <name>fwc.obj</name>
      </input_file>
      <input_file id="fl-5">
         <path>.\libraries\control\mtpa\</path>
         <kind>object</kind>
         <file>mtpa.obj</file>
         <name>mtpa.obj</name>
      </input_file>
      <input_file id="fl-6">
         <path>.\libraries\control\pi\</path>
         <kind>object</kind>
         <file>pi.obj</file>
         <name>pi.obj</name>
      </input_file>
      <input_file id="fl-7">
         <path>.\libraries\control\vs_freq\</path>
         <kind>object</kind>
         <file>vs_freq.obj</file>
         <name>vs_freq.obj</name>
      </input_file>
      <input_file id="fl-8">
         <path>.\libraries\dacs\dac128s085\</path>
         <kind>object</kind>
         <file>dac128s085.obj</file>
         <name>dac128s085.obj</name>
      </input_file>
      <input_file id="fl-9">
         <path>.\libraries\filter\filter_fo\</path>
         <kind>object</kind>
         <file>filter_fo.obj</file>
         <name>filter_fo.obj</name>
      </input_file>
      <input_file id="fl-a">
         <path>.\libraries\observers\encoder\</path>
         <kind>object</kind>
         <file>encoder.obj</file>
         <name>encoder.obj</name>
      </input_file>
      <input_file id="fl-b">
         <path>.\libraries\observers\esmo\</path>
         <kind>object</kind>
         <file>esmo.obj</file>
         <name>esmo.obj</name>
      </input_file>
      <input_file id="fl-c">
         <path>.\libraries\observers\hall\</path>
         <kind>object</kind>
         <file>hall.obj</file>
         <name>hall.obj</name>
      </input_file>
      <input_file id="fl-d">
         <path>.\libraries\observers\isbldc\</path>
         <kind>object</kind>
         <file>isbldc.obj</file>
         <name>isbldc.obj</name>
      </input_file>
      <input_file id="fl-e">
         <path>.\libraries\observers\speedcalc\</path>
         <kind>object</kind>
         <file>speedcalc.obj</file>
         <name>speedcalc.obj</name>
      </input_file>
      <input_file id="fl-f">
         <path>.\libraries\observers\speedfr\</path>
         <kind>object</kind>
         <file>speedfr.obj</file>
         <name>speedfr.obj</name>
      </input_file>
      <input_file id="fl-10">
         <path>.\libraries\observers\ssipd\</path>
         <kind>object</kind>
         <file>ssipd.obj</file>
         <name>ssipd.obj</name>
      </input_file>
      <input_file id="fl-11">
         <path>.\libraries\sfra\</path>
         <kind>object</kind>
         <file>sfra_gui.obj</file>
         <name>sfra_gui.obj</name>
      </input_file>
      <input_file id="fl-12">
         <path>.\libraries\sfra\</path>
         <kind>object</kind>
         <file>sfra_gui_scicomms_driverlib.obj</file>
         <name>sfra_gui_scicomms_driverlib.obj</name>
      </input_file>
      <input_file id="fl-13">
         <path>.\libraries\transforms\clarke\</path>
         <kind>object</kind>
         <file>clarke.obj</file>
         <name>clarke.obj</name>
      </input_file>
      <input_file id="fl-14">
         <path>.\libraries\transforms\ipark\</path>
         <kind>object</kind>
         <file>ipark.obj</file>
         <name>ipark.obj</name>
      </input_file>
      <input_file id="fl-15">
         <path>.\libraries\transforms\park\</path>
         <kind>object</kind>
         <file>park.obj</file>
         <name>park.obj</name>
      </input_file>
      <input_file id="fl-16">
         <path>.\libraries\transforms\svgen\</path>
         <kind>object</kind>
         <file>svgen.obj</file>
         <name>svgen.obj</name>
      </input_file>
      <input_file id="fl-17">
         <path>.\libraries\transforms\svgen\</path>
         <kind>object</kind>
         <file>svgen_current.obj</file>
         <name>svgen_current.obj</name>
      </input_file>
      <input_file id="fl-18">
         <path>.\libraries\transforms\volts\</path>
         <kind>object</kind>
         <file>volt_recons.obj</file>
         <name>volt_recons.obj</name>
      </input_file>
      <input_file id="fl-19">
         <path>.\libraries\utilities\angle_gen\</path>
         <kind>object</kind>
         <file>angle_gen.obj</file>
         <name>angle_gen.obj</name>
      </input_file>
      <input_file id="fl-1a">
         <path>.\libraries\utilities\cpu_time\</path>
         <kind>object</kind>
         <file>cpu_time.obj</file>
         <name>cpu_time.obj</name>
      </input_file>
      <input_file id="fl-1b">
         <path>.\libraries\utilities\datalog\</path>
         <kind>object</kind>
         <file>datalogIF.obj</file>
         <name>datalogIF.obj</name>
      </input_file>
      <input_file id="fl-1c">
         <path>.\libraries\utilities\mod6cnt\</path>
         <kind>object</kind>
         <file>mod6cnt.obj</file>
         <name>mod6cnt.obj</name>
      </input_file>
      <input_file id="fl-1d">
         <path>.\libraries\utilities\rimpulse\</path>
         <kind>object</kind>
         <file>rimpulse.obj</file>
         <name>rimpulse.obj</name>
      </input_file>
      <input_file id="fl-1e">
         <path>.\libraries\utilities\step_response\</path>
         <kind>object</kind>
         <file>step_response.obj</file>
         <name>step_response.obj</name>
      </input_file>
      <input_file id="fl-1f">
         <path>.\libraries\utilities\traj\</path>
         <kind>object</kind>
         <file>traj.obj</file>
         <name>traj.obj</name>
      </input_file>
      <input_file id="fl-20">
         <path>.\src_board\</path>
         <kind>object</kind>
         <file>hal.obj</file>
         <name>hal.obj</name>
      </input_file>
      <input_file id="fl-21">
         <path>.\src_board\</path>
         <kind>object</kind>
         <file>user_mtr1.obj</file>
         <name>user_mtr1.obj</name>
      </input_file>
      <input_file id="fl-22">
         <path>.\src_control\</path>
         <kind>object</kind>
         <file>communication.obj</file>
         <name>communication.obj</name>
      </input_file>
      <input_file id="fl-23">
         <path>.\src_control\</path>
         <kind>object</kind>
         <file>motor1_drive.obj</file>
         <name>motor1_drive.obj</name>
      </input_file>
      <input_file id="fl-24">
         <path>.\src_control\</path>
         <kind>object</kind>
         <file>motor_common.obj</file>
         <name>motor_common.obj</name>
      </input_file>
      <input_file id="fl-25">
         <path>.\src_device\</path>
         <kind>object</kind>
         <file>device.obj</file>
         <name>device.obj</name>
      </input_file>
      <input_file id="fl-26">
         <path>.\src_device\</path>
         <kind>object</kind>
         <file>f28002x_codestartbranch.obj</file>
         <name>f28002x_codestartbranch.obj</name>
      </input_file>
      <input_file id="fl-27">
         <path>.\src_device\</path>
         <kind>object</kind>
         <file>f28002x_globalvariabledefs.obj</file>
         <name>f28002x_globalvariabledefs.obj</name>
      </input_file>
      <input_file id="fl-31">
         <kind>object</kind>
         <file>&lt;internal&gt;</file>
         <name>&lt;internal&gt;</name>
      </input_file>
      <input_file id="fl-35">
         <path>..\libraries\observers\est_lib\</path>
         <kind>archive</kind>
         <file>fast_full_lib_eabi.lib</file>
         <name>est_all_identify_flib_priv.obj</name>
      </input_file>
      <input_file id="fl-36">
         <path>..\libraries\observers\est_lib\</path>
         <kind>archive</kind>
         <file>fast_full_lib_eabi.lib</file>
         <name>est_all_run_flib_priv.obj</name>
      </input_file>
      <input_file id="fl-37">
         <path>..\libraries\observers\est_lib\</path>
         <kind>archive</kind>
         <file>fast_full_lib_eabi.lib</file>
         <name>est_all_setup_flib_priv.obj</name>
      </input_file>
      <input_file id="fl-38">
         <path>..\libraries\observers\est_lib\</path>
         <kind>archive</kind>
         <file>fast_full_lib_eabi.lib</file>
         <name>est_flib_priv.obj</name>
      </input_file>
      <input_file id="fl-39">
         <path>..\libraries\observers\est_lib\</path>
         <kind>archive</kind>
         <file>fast_full_lib_eabi.lib</file>
         <name>user_flib_priv.obj</name>
      </input_file>
      <input_file id="fl-3a">
         <path>..\libraries\observers\est_lib\</path>
         <kind>archive</kind>
         <file>fast_full_lib_eabi.lib</file>
         <name>est_Angle_flib_priv.obj</name>
      </input_file>
      <input_file id="fl-3b">
         <path>..\libraries\observers\est_lib\</path>
         <kind>archive</kind>
         <file>fast_full_lib_eabi.lib</file>
         <name>est_Dir_flib_priv.obj</name>
      </input_file>
      <input_file id="fl-3c">
         <path>..\libraries\observers\est_lib\</path>
         <kind>archive</kind>
         <file>fast_full_lib_eabi.lib</file>
         <name>est_Eab_flib_priv.obj</name>
      </input_file>
      <input_file id="fl-3d">
         <path>..\libraries\observers\est_lib\</path>
         <kind>archive</kind>
         <file>fast_full_lib_eabi.lib</file>
         <name>est_Edq_flib_priv.obj</name>
      </input_file>
      <input_file id="fl-3e">
         <path>..\libraries\observers\est_lib\</path>
         <kind>archive</kind>
         <file>fast_full_lib_eabi.lib</file>
         <name>est_Flux_ab_flib_priv.obj</name>
      </input_file>
      <input_file id="fl-3f">
         <path>..\libraries\observers\est_lib\</path>
         <kind>archive</kind>
         <file>fast_full_lib_eabi.lib</file>
         <name>est_Flux_dq_flib_priv.obj</name>
      </input_file>
      <input_file id="fl-40">
         <path>..\libraries\observers\est_lib\</path>
         <kind>archive</kind>
         <file>fast_full_lib_eabi.lib</file>
         <name>est_Flux_flib_priv.obj</name>
      </input_file>
      <input_file id="fl-41">
         <path>..\libraries\observers\est_lib\</path>
         <kind>archive</kind>
         <file>fast_full_lib_eabi.lib</file>
         <name>est_Freq_flib_priv.obj</name>
      </input_file>
      <input_file id="fl-42">
         <path>..\libraries\observers\est_lib\</path>
         <kind>archive</kind>
         <file>fast_full_lib_eabi.lib</file>
         <name>est_Iab_flib_priv.obj</name>
      </input_file>
      <input_file id="fl-43">
         <path>..\libraries\observers\est_lib\</path>
         <kind>archive</kind>
         <file>fast_full_lib_eabi.lib</file>
         <name>est_Idq_flib_priv.obj</name>
      </input_file>
      <input_file id="fl-44">
         <path>..\libraries\observers\est_lib\</path>
         <kind>archive</kind>
         <file>fast_full_lib_eabi.lib</file>
         <name>est_Ls_flib_priv.obj</name>
      </input_file>
      <input_file id="fl-45">
         <path>..\libraries\observers\est_lib\</path>
         <kind>archive</kind>
         <file>fast_full_lib_eabi.lib</file>
         <name>est_OneOverDcBus_flib_priv.obj</name>
      </input_file>
      <input_file id="fl-46">
         <path>..\libraries\observers\est_lib\</path>
         <kind>archive</kind>
         <file>fast_full_lib_eabi.lib</file>
         <name>est_Rr_flib_priv.obj</name>
      </input_file>
      <input_file id="fl-47">
         <path>..\libraries\observers\est_lib\</path>
         <kind>archive</kind>
         <file>fast_full_lib_eabi.lib</file>
         <name>est_RsOnLine_flib_priv.obj</name>
      </input_file>
      <input_file id="fl-48">
         <path>..\libraries\observers\est_lib\</path>
         <kind>archive</kind>
         <file>fast_full_lib_eabi.lib</file>
         <name>est_Rs_flib_priv.obj</name>
      </input_file>
      <input_file id="fl-49">
         <path>..\libraries\observers\est_lib\</path>
         <kind>archive</kind>
         <file>fast_full_lib_eabi.lib</file>
         <name>est_Traj_flib_priv.obj</name>
      </input_file>
      <input_file id="fl-4a">
         <path>..\libraries\observers\est_lib\</path>
         <kind>archive</kind>
         <file>fast_full_lib_eabi.lib</file>
         <name>est_Vab_flib_priv.obj</name>
      </input_file>
      <input_file id="fl-4b">
         <path>..\libraries\observers\est_lib\</path>
         <kind>archive</kind>
         <file>fast_full_lib_eabi.lib</file>
         <name>est_Vdq_flib_priv.obj</name>
      </input_file>
      <input_file id="fl-4c">
         <path>..\libraries\observers\est_lib\</path>
         <kind>archive</kind>
         <file>fast_full_lib_eabi.lib</file>
         <name>inverse_flib_priv.obj</name>
      </input_file>
      <input_file id="fl-4d">
         <path>..\libraries\sfra\</path>
         <kind>archive</kind>
         <file>sfra_f32_tmu_eabi.lib</file>
         <name>sfra_f32_tmu_config_reset.obj</name>
      </input_file>
      <input_file id="fl-4e">
         <path>..\src_device\</path>
         <kind>archive</kind>
         <file>driverlib.lib</file>
         <name>adc.obj</name>
      </input_file>
      <input_file id="fl-4f">
         <path>..\src_device\</path>
         <kind>archive</kind>
         <file>driverlib.lib</file>
         <name>cmpss.obj</name>
      </input_file>
      <input_file id="fl-50">
         <path>..\src_device\</path>
         <kind>archive</kind>
         <file>driverlib.lib</file>
         <name>cputimer.obj</name>
      </input_file>
      <input_file id="fl-51">
         <path>..\src_device\</path>
         <kind>archive</kind>
         <file>driverlib.lib</file>
         <name>dcc.obj</name>
      </input_file>
      <input_file id="fl-52">
         <path>..\src_device\</path>
         <kind>archive</kind>
         <file>driverlib.lib</file>
         <name>epwm.obj</name>
      </input_file>
      <input_file id="fl-53">
         <path>..\src_device\</path>
         <kind>archive</kind>
         <file>driverlib.lib</file>
         <name>flash.obj</name>
      </input_file>
      <input_file id="fl-54">
         <path>..\src_device\</path>
         <kind>archive</kind>
         <file>driverlib.lib</file>
         <name>gpio.obj</name>
      </input_file>
      <input_file id="fl-55">
         <path>..\src_device\</path>
         <kind>archive</kind>
         <file>driverlib.lib</file>
         <name>i2c.obj</name>
      </input_file>
      <input_file id="fl-56">
         <path>..\src_device\</path>
         <kind>archive</kind>
         <file>driverlib.lib</file>
         <name>interrupt.obj</name>
      </input_file>
      <input_file id="fl-57">
         <path>..\src_device\</path>
         <kind>archive</kind>
         <file>driverlib.lib</file>
         <name>sci.obj</name>
      </input_file>
      <input_file id="fl-58">
         <path>..\src_device\</path>
         <kind>archive</kind>
         <file>driverlib.lib</file>
         <name>spi.obj</name>
      </input_file>
      <input_file id="fl-59">
         <path>..\src_device\</path>
         <kind>archive</kind>
         <file>driverlib.lib</file>
         <name>sysctl.obj</name>
      </input_file>
      <input_file id="fl-5a">
         <path>..\src_device\</path>
         <kind>archive</kind>
         <file>driverlib.lib</file>
         <name>xbar.obj</name>
      </input_file>
      <input_file id="fl-66">
         <path>C:\TI\CCS\ccs\tools\compiler\ti-cgt-c2000_22.6.1.LTS\lib\</path>
         <kind>archive</kind>
         <file>rts2800_fpu32_eabi.lib</file>
         <name>boot28.asm.obj</name>
      </input_file>
      <input_file id="fl-67">
         <path>C:\TI\CCS\ccs\tools\compiler\ti-cgt-c2000_22.6.1.LTS\lib\</path>
         <kind>archive</kind>
         <file>rts2800_fpu32_eabi.lib</file>
         <name>fs_div28.asm.obj</name>
      </input_file>
      <input_file id="fl-68">
         <path>C:\TI\CCS\ccs\tools\compiler\ti-cgt-c2000_22.6.1.LTS\lib\</path>
         <kind>archive</kind>
         <file>rts2800_fpu32_eabi.lib</file>
         <name>ll_cmp28.asm.obj</name>
      </input_file>
      <input_file id="fl-69">
         <path>C:\TI\CCS\ccs\tools\compiler\ti-cgt-c2000_22.6.1.LTS\lib\</path>
         <kind>archive</kind>
         <file>rts2800_fpu32_eabi.lib</file>
         <name>memcpy.c.obj</name>
      </input_file>
      <input_file id="fl-6a">
         <path>C:\TI\CCS\ccs\tools\compiler\ti-cgt-c2000_22.6.1.LTS\lib\</path>
         <kind>archive</kind>
         <file>rts2800_fpu32_eabi.lib</file>
         <name>pre_init.c.obj</name>
      </input_file>
      <input_file id="fl-6b">
         <path>C:\TI\CCS\ccs\tools\compiler\ti-cgt-c2000_22.6.1.LTS\lib\</path>
         <kind>archive</kind>
         <file>rts2800_fpu32_eabi.lib</file>
         <name>autoinit.c.obj</name>
      </input_file>
      <input_file id="fl-6c">
         <path>C:\TI\CCS\ccs\tools\compiler\ti-cgt-c2000_22.6.1.LTS\lib\</path>
         <kind>archive</kind>
         <file>rts2800_fpu32_eabi.lib</file>
         <name>copy_zero_init.c.obj</name>
      </input_file>
      <input_file id="fl-6d">
         <path>C:\TI\CCS\ccs\tools\compiler\ti-cgt-c2000_22.6.1.LTS\lib\</path>
         <kind>archive</kind>
         <file>rts2800_fpu32_eabi.lib</file>
         <name>copy_decompress_none.c.obj</name>
      </input_file>
      <input_file id="fl-6e">
         <path>C:\TI\CCS\ccs\tools\compiler\ti-cgt-c2000_22.6.1.LTS\lib\</path>
         <kind>archive</kind>
         <file>rts2800_fpu32_eabi.lib</file>
         <name>copy_decompress_lzss.c.obj</name>
      </input_file>
      <input_file id="fl-6f">
         <path>C:\TI\CCS\ccs\tools\compiler\ti-cgt-c2000_22.6.1.LTS\lib\</path>
         <kind>archive</kind>
         <file>rts2800_fpu32_eabi.lib</file>
         <name>exit.c.obj</name>
      </input_file>
      <input_file id="fl-70">
         <path>C:\TI\CCS\ccs\tools\compiler\ti-cgt-c2000_22.6.1.LTS\lib\</path>
         <kind>archive</kind>
         <file>rts2800_fpu32_eabi.lib</file>
         <name>_lock.c.obj</name>
      </input_file>
      <input_file id="fl-71">
         <path>C:\TI\CCS\ccs\tools\compiler\ti-cgt-c2000_22.6.1.LTS\lib\</path>
         <kind>archive</kind>
         <file>rts2800_fpu32_eabi.lib</file>
         <name>args_main.c.obj</name>
      </input_file>
      <input_file id="fl-72">
         <path>C:\TI\CCS\ccs\tools\compiler\ti-cgt-c2000_22.6.1.LTS\lib\</path>
         <kind>archive</kind>
         <file>rts2800_fpu32_eabi.lib</file>
         <name>memset.c.obj</name>
      </input_file>
      <input_file id="fl-73">
         <path>C:\TI\CCS\ccs\tools\compiler\ti-cgt-c2000_22.6.1.LTS\lib\</path>
         <kind>archive</kind>
         <file>rts2800_fpu32_eabi.lib</file>
         <name>cpy_tbl.c.obj</name>
      </input_file>
      <input_file id="fl-74">
         <path>C:\TI\CCS\ccs\tools\compiler\ti-cgt-c2000_22.6.1.LTS\lib\</path>
         <kind>archive</kind>
         <file>rts2800_fpu32_eabi.lib</file>
         <name>startup.c.obj</name>
      </input_file>
   </input_file_list>
   <object_component_list>
      <object_component id="oc-95">
         <name>codestart</name>
         <load_address>0x80000</load_address>
         <run_address>0x80000</run_address>
         <size>0x2</size>
         <input_file_ref idref="fl-26"/>
      </object_component>
      <object_component id="oc-27f">
         <name>.text:EST_setParams</name>
         <load_address>0x82388</load_address>
         <run_address>0x82388</run_address>
         <size>0x408</size>
         <input_file_ref idref="fl-38"/>
      </object_component>
      <object_component id="oc-187">
         <name>.text:runMotor1OffsetsCalculation</name>
         <load_address>0x82790</load_address>
         <run_address>0x82790</run_address>
         <size>0x33f</size>
         <input_file_ref idref="fl-23"/>
      </object_component>
      <object_component id="oc-163">
         <name>.text:initMotor1CtrlParameters</name>
         <load_address>0x82acf</load_address>
         <run_address>0x82acf</run_address>
         <size>0x2d3</size>
         <input_file_ref idref="fl-23"/>
      </object_component>
      <object_component id="oc-1ab">
         <name>.text:runMotor1Control</name>
         <load_address>0x82da2</load_address>
         <run_address>0x82da2</run_address>
         <size>0x2a7</size>
         <input_file_ref idref="fl-23"/>
      </object_component>
      <object_component id="oc-169">
         <name>.text:HAL_setupGPIOs</name>
         <load_address>0x83049</load_address>
         <run_address>0x83049</run_address>
         <size>0x296</size>
         <input_file_ref idref="fl-20"/>
      </object_component>
      <object_component id="oc-2e2">
         <name>.text:EST_updateState</name>
         <load_address>0x832df</load_address>
         <run_address>0x832df</run_address>
         <size>0x284</size>
         <input_file_ref idref="fl-38"/>
      </object_component>
      <object_component id="oc-230">
         <name>.text:USER_setMotor1Params</name>
         <load_address>0x83563</load_address>
         <run_address>0x83563</run_address>
         <size>0x259</size>
         <input_file_ref idref="fl-21"/>
      </object_component>
      <object_component id="oc-370">
         <name>.text:HAL_setupPWMs</name>
         <load_address>0x837bc</load_address>
         <run_address>0x837bc</run_address>
         <size>0x20b</size>
         <input_file_ref idref="fl-20"/>
      </object_component>
      <object_component id="oc-1a5">
         <name>.text:runMotorMonitor</name>
         <load_address>0x839c7</load_address>
         <run_address>0x839c7</run_address>
         <size>0x1e3</size>
         <input_file_ref idref="fl-24"/>
      </object_component>
      <object_component id="oc-c8">
         <name>.text:main</name>
         <load_address>0x83baa</load_address>
         <run_address>0x83baa</run_address>
         <size>0x1c5</size>
         <input_file_ref idref="fl-2"/>
      </object_component>
      <object_component id="oc-3d0">
         <name>.text:EST_reset</name>
         <load_address>0x83d6f</load_address>
         <run_address>0x83d6f</run_address>
         <size>0x1be</size>
         <input_file_ref idref="fl-38"/>
      </object_component>
      <object_component id="oc-1f1">
         <name>.text:SysCtl_setClock</name>
         <load_address>0x83f2d</load_address>
         <run_address>0x83f2d</run_address>
         <size>0x11d</size>
         <input_file_ref idref="fl-59"/>
      </object_component>
      <object_component id="oc-3dc">
         <name>.text:EST_Traj_configure</name>
         <load_address>0x8404a</load_address>
         <run_address>0x8404a</run_address>
         <size>0x10f</size>
         <input_file_ref idref="fl-49"/>
      </object_component>
      <object_component id="oc-287">
         <name>.text:setupControllers</name>
         <load_address>0x84159</load_address>
         <run_address>0x84159</run_address>
         <size>0x10d</size>
         <input_file_ref idref="fl-24"/>
      </object_component>
      <object_component id="oc-332">
         <name>.text:SysCtl_isPLLValid</name>
         <load_address>0x84266</load_address>
         <run_address>0x84266</run_address>
         <size>0xe9</size>
         <input_file_ref idref="fl-59"/>
      </object_component>
      <object_component id="oc-202">
         <name>.text:HAL_setupADCs</name>
         <load_address>0x8434f</load_address>
         <run_address>0x8434f</run_address>
         <size>0xe4</size>
         <input_file_ref idref="fl-20"/>
      </object_component>
      <object_component id="oc-2ef">
         <name>.text:updateGlobalVariables</name>
         <load_address>0x84433</load_address>
         <run_address>0x84433</run_address>
         <size>0xd6</size>
         <input_file_ref idref="fl-24"/>
      </object_component>
      <object_component id="oc-4bd">
         <name>.text</name>
         <load_address>0x84509</load_address>
         <run_address>0x84509</run_address>
         <size>0x1</size>
         <input_file_ref idref="fl-74"/>
      </object_component>
      <object_component id="oc-37c">
         <name>.text:HAL_setupMtrFaults</name>
         <load_address>0x8450a</load_address>
         <run_address>0x8450a</run_address>
         <size>0xc8</size>
         <input_file_ref idref="fl-20"/>
      </object_component>
      <object_component id="oc-396">
         <name>.text:EST_init</name>
         <load_address>0x845d2</load_address>
         <run_address>0x845d2</run_address>
         <size>0xc4</size>
         <input_file_ref idref="fl-38"/>
      </object_component>
      <object_component id="oc-3b5">
         <name>.text:EST_Traj_setParams</name>
         <load_address>0x84696</load_address>
         <run_address>0x84696</run_address>
         <size>0xab</size>
         <input_file_ref idref="fl-49"/>
      </object_component>
      <object_component id="oc-1f7">
         <name>.text:Device_enableAllPeripherals</name>
         <load_address>0x84741</load_address>
         <run_address>0x84741</run_address>
         <size>0xa0</size>
         <input_file_ref idref="fl-25"/>
      </object_component>
      <object_component id="oc-43e">
         <name>.text</name>
         <load_address>0x847e1</load_address>
         <run_address>0x847e1</run_address>
         <size>0x88</size>
         <input_file_ref idref="fl-67"/>
      </object_component>
      <object_component id="oc-39a">
         <name>.text:EST_Dir_setLpFilterParams</name>
         <load_address>0x84869</load_address>
         <run_address>0x84869</run_address>
         <size>0x86</size>
         <input_file_ref idref="fl-3b"/>
      </object_component>
      <object_component id="oc-2d9">
         <name>.text:resetMotorControl</name>
         <load_address>0x848ef</load_address>
         <run_address>0x848ef</run_address>
         <size>0x86</size>
         <input_file_ref idref="fl-24"/>
      </object_component>
      <object_component id="oc-19f">
         <name>.text:calculateRMSData</name>
         <load_address>0x84975</load_address>
         <run_address>0x84975</run_address>
         <size>0x80</size>
         <input_file_ref idref="fl-24"/>
      </object_component>
      <object_component id="oc-22f">
         <name>.text:USER_setParams_priv</name>
         <load_address>0x849f5</load_address>
         <run_address>0x849f5</run_address>
         <size>0x77</size>
         <input_file_ref idref="fl-39"/>
      </object_component>
      <object_component id="oc-21a">
         <name>.text:HAL_setupI2CA</name>
         <load_address>0x84a6c</load_address>
         <run_address>0x84a6c</run_address>
         <size>0x71</size>
         <input_file_ref idref="fl-20"/>
      </object_component>
      <object_component id="oc-2e9">
         <name>.text:runRsOnLine</name>
         <load_address>0x84add</load_address>
         <run_address>0x84add</run_address>
         <size>0x61</size>
         <input_file_ref idref="fl-24"/>
      </object_component>
      <object_component id="oc-39f">
         <name>.text:EST_Flux_setParams</name>
         <load_address>0x84b3e</load_address>
         <run_address>0x84b3e</run_address>
         <size>0x5c</size>
         <input_file_ref idref="fl-40"/>
      </object_component>
      <object_component id="oc-3ce">
         <name>.text:EST_Traj_updateState</name>
         <load_address>0x84b9a</load_address>
         <run_address>0x84b9a</run_address>
         <size>0x59</size>
         <input_file_ref idref="fl-49"/>
      </object_component>
      <object_component id="oc-126">
         <name>.text:DAC128S_writeData</name>
         <load_address>0x84bf3</load_address>
         <run_address>0x84bf3</run_address>
         <size>0x56</size>
         <input_file_ref idref="fl-8"/>
      </object_component>
      <object_component id="oc-214">
         <name>.text:HAL_setupSCIA</name>
         <load_address>0x84c49</load_address>
         <run_address>0x84c49</run_address>
         <size>0x52</size>
         <input_file_ref idref="fl-20"/>
      </object_component>
      <object_component id="oc-2ae">
         <name>.text:HAL_enableDRV</name>
         <load_address>0x84c9b</load_address>
         <run_address>0x84c9b</run_address>
         <size>0x51</size>
         <input_file_ref idref="fl-20"/>
      </object_component>
      <object_component id="oc-120">
         <name>.text:collectRMSData</name>
         <load_address>0x84cec</load_address>
         <run_address>0x84cec</run_address>
         <size>0x51</size>
         <input_file_ref idref="fl-24"/>
      </object_component>
      <object_component id="oc-17b">
         <name>.text:DAC128S_setupSPI</name>
         <load_address>0x84d3d</load_address>
         <run_address>0x84d3d</run_address>
         <size>0x4f</size>
         <input_file_ref idref="fl-8"/>
      </object_component>
      <object_component id="oc-2d1">
         <name>.text:restartMotorControl</name>
         <load_address>0x84d8c</load_address>
         <run_address>0x84d8c</run_address>
         <size>0x4f</size>
         <input_file_ref idref="fl-24"/>
      </object_component>
      <object_component id="oc-3a4">
         <name>.text:EST_Freq_setParams</name>
         <load_address>0x84ddb</load_address>
         <run_address>0x84ddb</run_address>
         <size>0x4e</size>
         <input_file_ref idref="fl-41"/>
      </object_component>
      <object_component id="oc-39b">
         <name>.text:EST_Dir_setHpFilterParams</name>
         <load_address>0x84e29</load_address>
         <run_address>0x84e29</run_address>
         <size>0x4a</size>
         <input_file_ref idref="fl-3b"/>
      </object_component>
      <object_component id="oc-4a6">
         <name>.text:EST_Flux_ab_setDerFilterParams</name>
         <load_address>0x84e73</load_address>
         <run_address>0x84e73</run_address>
         <size>0x4a</size>
         <input_file_ref idref="fl-3e"/>
      </object_component>
      <object_component id="oc-4a9">
         <name>.text:EST_Iab_setLpFilterParams</name>
         <load_address>0x84ebd</load_address>
         <run_address>0x84ebd</run_address>
         <size>0x4a</size>
         <input_file_ref idref="fl-42"/>
      </object_component>
      <object_component id="oc-4aa">
         <name>.text:EST_Idq_setLpFilterParams</name>
         <load_address>0x84f07</load_address>
         <run_address>0x84f07</run_address>
         <size>0x4a</size>
         <input_file_ref idref="fl-43"/>
      </object_component>
      <object_component id="oc-4ac">
         <name>.text:EST_Vdq_setLpFilterParams</name>
         <load_address>0x84f51</load_address>
         <run_address>0x84f51</run_address>
         <size>0x4a</size>
         <input_file_ref idref="fl-4b"/>
      </object_component>
      <object_component id="oc-376">
         <name>.text:HAL_setupCMPSSs</name>
         <load_address>0x84f9b</load_address>
         <run_address>0x84f9b</run_address>
         <size>0x48</size>
         <input_file_ref idref="fl-20"/>
      </object_component>
      <object_component id="oc-3b3">
         <name>.text:EST_RsOnLine_setParams</name>
         <load_address>0x84fe3</load_address>
         <run_address>0x84fe3</run_address>
         <size>0x45</size>
         <input_file_ref idref="fl-47"/>
      </object_component>
      <object_component id="oc-437">
         <name>.text:SysCtl_selectXTAL</name>
         <load_address>0x85028</load_address>
         <run_address>0x85028</run_address>
         <size>0x45</size>
         <input_file_ref idref="fl-59"/>
      </object_component>
      <object_component id="oc-145">
         <name>.text:Interrupt_initModule</name>
         <load_address>0x8506d</load_address>
         <run_address>0x8506d</run_address>
         <size>0x41</size>
         <input_file_ref idref="fl-56"/>
      </object_component>
      <object_component id="oc-3ab">
         <name>.text:EST_Ls_setParams</name>
         <load_address>0x850ae</load_address>
         <run_address>0x850ae</run_address>
         <size>0x3f</size>
         <input_file_ref idref="fl-44"/>
      </object_component>
      <object_component id="oc-29a">
         <name>.text:GPIO_setPadConfig</name>
         <load_address>0x850ed</load_address>
         <run_address>0x850ed</run_address>
         <size>0x3f</size>
         <input_file_ref idref="fl-54"/>
      </object_component>
      <object_component id="oc-4e3">
         <name>.text:SysCtl_pollX1Counter</name>
         <load_address>0x8512c</load_address>
         <run_address>0x8512c</run_address>
         <size>0x3e</size>
         <input_file_ref idref="fl-59"/>
      </object_component>
      <object_component id="oc-3b4">
         <name>.text:EST_RsOnLine_setLpFilterParams</name>
         <load_address>0x8516a</load_address>
         <run_address>0x8516a</run_address>
         <size>0x3d</size>
         <input_file_ref idref="fl-47"/>
      </object_component>
      <object_component id="oc-199">
         <name>.text:calcMotorOverCurrentThreshold</name>
         <load_address>0x851a7</load_address>
         <run_address>0x851a7</run_address>
         <size>0x3d</size>
         <input_file_ref idref="fl-24"/>
      </object_component>
      <object_component id="oc-35a">
         <name>.text:I2C_initController</name>
         <load_address>0x851e4</load_address>
         <run_address>0x851e4</run_address>
         <size>0x3c</size>
         <input_file_ref idref="fl-55"/>
      </object_component>
      <object_component id="oc-3d8">
         <name>.text:EST_Flux_updateState</name>
         <load_address>0x85220</load_address>
         <run_address>0x85220</run_address>
         <size>0x3a</size>
         <input_file_ref idref="fl-40"/>
      </object_component>
      <object_component id="oc-139">
         <name>.text:Device_init</name>
         <load_address>0x8525a</load_address>
         <run_address>0x8525a</run_address>
         <size>0x37</size>
         <input_file_ref idref="fl-25"/>
      </object_component>
      <object_component id="oc-221">
         <name>.text:Interrupt_enable</name>
         <load_address>0x85291</load_address>
         <run_address>0x85291</run_address>
         <size>0x36</size>
         <input_file_ref idref="fl-56"/>
      </object_component>
      <object_component id="oc-3d3">
         <name>.text:EST_Ls_updateState</name>
         <load_address>0x852c7</load_address>
         <run_address>0x852c7</run_address>
         <size>0x35</size>
         <input_file_ref idref="fl-44"/>
      </object_component>
      <object_component id="oc-3d2">
         <name>.text:EST_Rr_updateState</name>
         <load_address>0x852fc</load_address>
         <run_address>0x852fc</run_address>
         <size>0x33</size>
         <input_file_ref idref="fl-46"/>
      </object_component>
      <object_component id="oc-3da">
         <name>.text:EST_Rs_updateState</name>
         <load_address>0x8532f</load_address>
         <run_address>0x8532f</run_address>
         <size>0x33</size>
         <input_file_ref idref="fl-48"/>
      </object_component>
      <object_component id="oc-181">
         <name>.text:DAC128S_writeCommand</name>
         <load_address>0x85362</load_address>
         <run_address>0x85362</run_address>
         <size>0x31</size>
         <input_file_ref idref="fl-8"/>
      </object_component>
      <object_component id="oc-483">
         <name>.text:EST_Dir_init</name>
         <load_address>0x85393</load_address>
         <run_address>0x85393</run_address>
         <size>0x31</size>
         <input_file_ref idref="fl-3b"/>
      </object_component>
      <object_component id="oc-28e">
         <name>.text:GPIO_setPinConfig</name>
         <load_address>0x853c4</load_address>
         <run_address>0x853c4</run_address>
         <size>0x30</size>
         <input_file_ref idref="fl-54"/>
      </object_component>
      <object_component id="oc-88">
         <name>.text:decompress:lzss</name>
         <load_address>0x853f4</load_address>
         <run_address>0x853f4</run_address>
         <size>0x30</size>
         <input_file_ref idref="fl-6e"/>
      </object_component>
      <object_component id="oc-4b6">
         <name>.text:EST_Iab_resetLpFilters</name>
         <load_address>0x85424</load_address>
         <run_address>0x85424</run_address>
         <size>0x2e</size>
         <input_file_ref idref="fl-42"/>
      </object_component>
      <object_component id="oc-14b">
         <name>.text:HAL_init</name>
         <load_address>0x85452</load_address>
         <run_address>0x85452</run_address>
         <size>0x2d</size>
         <input_file_ref idref="fl-20"/>
      </object_component>
      <object_component id="oc-32c">
         <name>.text:SysCtl_selectOscSource</name>
         <load_address>0x8547f</load_address>
         <run_address>0x8547f</run_address>
         <size>0x2b</size>
         <input_file_ref idref="fl-59"/>
      </object_component>
      <object_component id="oc-466">
         <name>.text:XBAR_setEPWMMuxConfig</name>
         <load_address>0x854aa</load_address>
         <run_address>0x854aa</run_address>
         <size>0x2b</size>
         <input_file_ref idref="fl-5a"/>
      </object_component>
      <object_component id="oc-3f1">
         <name>.text:__TI_auto_init_nobinit_nopinit</name>
         <load_address>0x854d5</load_address>
         <run_address>0x854d5</run_address>
         <size>0x2b</size>
         <input_file_ref idref="fl-6b"/>
      </object_component>
      <object_component id="oc-4a8">
         <name>.text:EST_Freq_setDerFilterParams</name>
         <load_address>0x85500</load_address>
         <run_address>0x85500</run_address>
         <size>0x2a</size>
         <input_file_ref idref="fl-41"/>
      </object_component>
      <object_component id="oc-4a7">
         <name>.text:EST_Freq_setLpFilterParams</name>
         <load_address>0x8552a</load_address>
         <run_address>0x8552a</run_address>
         <size>0x2a</size>
         <input_file_ref idref="fl-41"/>
      </object_component>
      <object_component id="oc-4b8">
         <name>.text:EST_Vdq_resetLpFilters</name>
         <load_address>0x85554</load_address>
         <run_address>0x85554</run_address>
         <size>0x2a</size>
         <input_file_ref idref="fl-4b"/>
      </object_component>
      <object_component id="oc-208">
         <name>.text:HAL_setupTimeBaseTimer</name>
         <load_address>0x8557e</load_address>
         <run_address>0x8557e</run_address>
         <size>0x2a</size>
         <input_file_ref idref="fl-20"/>
      </object_component>
      <object_component id="oc-3ae">
         <name>.text:EST_OneOverDcBus_setParams</name>
         <load_address>0x855a8</load_address>
         <run_address>0x855a8</run_address>
         <size>0x29</size>
         <input_file_ref idref="fl-45"/>
      </object_component>
      <object_component id="oc-490">
         <name>.text:EST_RsOnLine_init</name>
         <load_address>0x855d1</load_address>
         <run_address>0x855d1</run_address>
         <size>0x29</size>
         <input_file_ref idref="fl-47"/>
      </object_component>
      <object_component id="oc-39e">
         <name>.text:EST_setFluxBeta_lp</name>
         <load_address>0x855fa</load_address>
         <run_address>0x855fa</run_address>
         <size>0x29</size>
         <input_file_ref idref="fl-38"/>
      </object_component>
      <object_component id="oc-236">
         <name>.text:HAL_MTR_setParams</name>
         <load_address>0x85623</load_address>
         <run_address>0x85623</run_address>
         <size>0x29</size>
         <input_file_ref idref="fl-20"/>
      </object_component>
      <object_component id="oc-314">
         <name>.text</name>
         <load_address>0x8564c</load_address>
         <run_address>0x8564c</run_address>
         <size>0x29</size>
         <input_file_ref idref="fl-6f"/>
      </object_component>
      <object_component id="oc-3e9">
         <name>.text:EST_computeTorque_Nm</name>
         <load_address>0x85675</load_address>
         <run_address>0x85675</run_address>
         <size>0x28</size>
         <input_file_ref idref="fl-38"/>
      </object_component>
      <object_component id="oc-398">
         <name>.text:EST_Angle_setParams</name>
         <load_address>0x8569d</load_address>
         <run_address>0x8569d</run_address>
         <size>0x26</size>
         <input_file_ref idref="fl-3a"/>
      </object_component>
      <object_component id="oc-4b7">
         <name>.text:EST_Idq_resetLpFilters</name>
         <load_address>0x856c3</load_address>
         <run_address>0x856c3</run_address>
         <size>0x26</size>
         <input_file_ref idref="fl-43"/>
      </object_component>
      <object_component id="oc-242">
         <name>.text:DCLINK_SS_setInitialConditions</name>
         <load_address>0x856e9</load_address>
         <run_address>0x856e9</run_address>
         <size>0x24</size>
         <input_file_ref idref="fl-3"/>
      </object_component>
      <object_component id="oc-151">
         <name>.text:HAL_setParams</name>
         <load_address>0x8570d</load_address>
         <run_address>0x8570d</run_address>
         <size>0x24</size>
         <input_file_ref idref="fl-20"/>
      </object_component>
      <object_component id="oc-34d">
         <name>.text:SCI_setConfig</name>
         <load_address>0x85731</load_address>
         <run_address>0x85731</run_address>
         <size>0x23</size>
         <input_file_ref idref="fl-57"/>
      </object_component>
      <object_component id="oc-2a0">
         <name>.text:GPIO_setQualificationMode</name>
         <load_address>0x85754</load_address>
         <run_address>0x85754</run_address>
         <size>0x22</size>
         <input_file_ref idref="fl-54"/>
      </object_component>
      <object_component id="oc-431">
         <name>.text:SysCtl_selectXTALSingleEnded</name>
         <load_address>0x85776</load_address>
         <run_address>0x85776</run_address>
         <size>0x21</size>
         <input_file_ref idref="fl-59"/>
      </object_component>
      <object_component id="oc-294">
         <name>.text:GPIO_setDirectionMode</name>
         <load_address>0x85797</load_address>
         <run_address>0x85797</run_address>
         <size>0x20</size>
         <input_file_ref idref="fl-54"/>
      </object_component>
      <object_component id="oc-228">
         <name>.text:HAL_MTR1_init</name>
         <load_address>0x857b7</load_address>
         <run_address>0x857b7</run_address>
         <size>0x20</size>
         <input_file_ref idref="fl-20"/>
      </object_component>
      <object_component id="oc-278">
         <name>.text:HAL_setTriggerPrams</name>
         <load_address>0x857d7</load_address>
         <run_address>0x857d7</run_address>
         <size>0x20</size>
         <input_file_ref idref="fl-20"/>
      </object_component>
      <object_component id="oc-2b6">
         <name>.text:SPI_setConfig</name>
         <load_address>0x857f7</load_address>
         <run_address>0x857f7</run_address>
         <size>0x1f</size>
         <input_file_ref idref="fl-58"/>
      </object_component>
      <object_component id="oc-3d9">
         <name>.text:EST_computeLmag_H</name>
         <load_address>0x85816</load_address>
         <run_address>0x85816</run_address>
         <size>0x1e</size>
         <input_file_ref idref="fl-38"/>
      </object_component>
      <object_component id="oc-1dc">
         <name>.text:SPI_clearInterruptStatus</name>
         <load_address>0x85834</load_address>
         <run_address>0x85834</run_address>
         <size>0x1e</size>
         <input_file_ref idref="fl-58"/>
      </object_component>
      <object_component id="oc-ee">
         <name>.text</name>
         <load_address>0x85852</load_address>
         <run_address>0x85852</run_address>
         <size>0x1d</size>
         <input_file_ref idref="fl-69"/>
      </object_component>
      <object_component id="oc-4b1">
         <name>.text:EST_Dir_resetLpFilters</name>
         <load_address>0x8586f</load_address>
         <run_address>0x8586f</run_address>
         <size>0x1c</size>
         <input_file_ref idref="fl-3b"/>
      </object_component>
      <object_component id="oc-3af">
         <name>.text:EST_Rr_setParams</name>
         <load_address>0x8588b</load_address>
         <run_address>0x8588b</run_address>
         <size>0x1c</size>
         <input_file_ref idref="fl-46"/>
      </object_component>
      <object_component id="oc-3b1">
         <name>.text:EST_Rs_setParams</name>
         <load_address>0x858a7</load_address>
         <run_address>0x858a7</run_address>
         <size>0x1c</size>
         <input_file_ref idref="fl-48"/>
      </object_component>
      <object_component id="oc-491">
         <name>.text:EST_Traj_init</name>
         <load_address>0x858c3</load_address>
         <run_address>0x858c3</run_address>
         <size>0x1c</size>
         <input_file_ref idref="fl-49"/>
      </object_component>
      <object_component id="oc-3a6">
         <name>.text:EST_setFreqBetaOmega_der</name>
         <load_address>0x858df</load_address>
         <run_address>0x858df</run_address>
         <size>0x1c</size>
         <input_file_ref idref="fl-38"/>
      </object_component>
      <object_component id="oc-353">
         <name>.text:SCI_clearInterruptStatus</name>
         <load_address>0x858fb</load_address>
         <run_address>0x858fb</run_address>
         <size>0x1c</size>
         <input_file_ref idref="fl-57"/>
      </object_component>
      <object_component id="oc-3a2">
         <name>.text:EST_setFlux_ab_betaOmega_der</name>
         <load_address>0x85917</load_address>
         <run_address>0x85917</run_address>
         <size>0x1b</size>
         <input_file_ref idref="fl-38"/>
      </object_component>
      <object_component id="oc-2a6">
         <name>.text:GPIO_setQualificationPeriod</name>
         <load_address>0x85932</load_address>
         <run_address>0x85932</run_address>
         <size>0x1b</size>
         <input_file_ref idref="fl-54"/>
      </object_component>
      <object_component id="oc-20e">
         <name>.text:HAL_setupCPUUsageTimer</name>
         <load_address>0x8594d</load_address>
         <run_address>0x8594d</run_address>
         <size>0x1b</size>
         <input_file_ref idref="fl-20"/>
      </object_component>
      <object_component id="oc-15d">
         <name>.text:initMotor1Handles</name>
         <load_address>0x85968</load_address>
         <run_address>0x85968</run_address>
         <size>0x1a</size>
         <input_file_ref idref="fl-23"/>
      </object_component>
      <object_component id="oc-33e">
         <name>.text:ADC_setVREF</name>
         <load_address>0x85982</load_address>
         <run_address>0x85982</run_address>
         <size>0x19</size>
         <input_file_ref idref="fl-4e"/>
      </object_component>
      <object_component id="oc-45f">
         <name>.text:CMPSS_configFilterHigh</name>
         <load_address>0x8599b</load_address>
         <run_address>0x8599b</run_address>
         <size>0x19</size>
         <input_file_ref idref="fl-4f"/>
      </object_component>
      <object_component id="oc-254">
         <name>.text:setupClarke_I</name>
         <load_address>0x859b4</load_address>
         <run_address>0x859b4</run_address>
         <size>0x19</size>
         <input_file_ref idref="fl-24"/>
      </object_component>
      <object_component id="oc-4b0">
         <name>.text:EST_Traj_reset</name>
         <load_address>0x859cd</load_address>
         <run_address>0x859cd</run_address>
         <size>0x18</size>
         <input_file_ref idref="fl-49"/>
      </object_component>
      <object_component id="oc-1cb">
         <name>.text</name>
         <load_address>0x859e5</load_address>
         <run_address>0x859e5</run_address>
         <size>0x17</size>
         <input_file_ref idref="fl-66"/>
      </object_component>
      <object_component id="oc-487">
         <name>.text:EST_Flux_ab_init</name>
         <load_address>0x859fc</load_address>
         <run_address>0x859fc</run_address>
         <size>0x16</size>
         <input_file_ref idref="fl-3e"/>
      </object_component>
      <object_component id="oc-489">
         <name>.text:EST_Freq_init</name>
         <load_address>0x85a12</load_address>
         <run_address>0x85a12</run_address>
         <size>0x16</size>
         <input_file_ref idref="fl-41"/>
      </object_component>
      <object_component id="oc-48a">
         <name>.text:EST_Iab_init</name>
         <load_address>0x85a28</load_address>
         <run_address>0x85a28</run_address>
         <size>0x16</size>
         <input_file_ref idref="fl-42"/>
      </object_component>
      <object_component id="oc-3a7">
         <name>.text:EST_Iab_setParams</name>
         <load_address>0x85a3e</load_address>
         <run_address>0x85a3e</run_address>
         <size>0x16</size>
         <input_file_ref idref="fl-42"/>
      </object_component>
      <object_component id="oc-48b">
         <name>.text:EST_Idq_init</name>
         <load_address>0x85a54</load_address>
         <run_address>0x85a54</run_address>
         <size>0x16</size>
         <input_file_ref idref="fl-43"/>
      </object_component>
      <object_component id="oc-493">
         <name>.text:EST_Vdq_init</name>
         <load_address>0x85a6a</load_address>
         <run_address>0x85a6a</run_address>
         <size>0x16</size>
         <input_file_ref idref="fl-4b"/>
      </object_component>
      <object_component id="oc-447">
         <name>.text:ADC_setOffsetTrimAll</name>
         <load_address>0x85a80</load_address>
         <run_address>0x85a80</run_address>
         <size>0x15</size>
         <input_file_ref idref="fl-4e"/>
      </object_component>
      <object_component id="oc-3a5">
         <name>.text:EST_setFreqBeta_lp</name>
         <load_address>0x85a95</load_address>
         <run_address>0x85a95</run_address>
         <size>0x15</size>
         <input_file_ref idref="fl-38"/>
      </object_component>
      <object_component id="oc-3a8">
         <name>.text:EST_setIab_beta_lp</name>
         <load_address>0x85aaa</load_address>
         <run_address>0x85aaa</run_address>
         <size>0x15</size>
         <input_file_ref idref="fl-38"/>
      </object_component>
      <object_component id="oc-3a9">
         <name>.text:EST_setIdq_beta_lp</name>
         <load_address>0x85abf</load_address>
         <run_address>0x85abf</run_address>
         <size>0x15</size>
         <input_file_ref idref="fl-38"/>
      </object_component>
      <object_component id="oc-3b8">
         <name>.text:EST_setVdq_beta_lp</name>
         <load_address>0x85ad4</load_address>
         <run_address>0x85ad4</run_address>
         <size>0x15</size>
         <input_file_ref idref="fl-38"/>
      </object_component>
      <object_component id="oc-d5">
         <name>.text:Interrupt_initVectorTable</name>
         <load_address>0x85ae9</load_address>
         <run_address>0x85ae9</run_address>
         <size>0x15</size>
         <input_file_ref idref="fl-56"/>
      </object_component>
      <object_component id="oc-24e">
         <name>.text:setupClarke_V</name>
         <load_address>0x85afe</load_address>
         <run_address>0x85afe</run_address>
         <size>0x14</size>
         <input_file_ref idref="fl-24"/>
      </object_component>
      <object_component id="oc-3aa">
         <name>.text:EST_Idq_setParams</name>
         <load_address>0x85b12</load_address>
         <run_address>0x85b12</run_address>
         <size>0x13</size>
         <input_file_ref idref="fl-43"/>
      </object_component>
      <object_component id="oc-360">
         <name>.text:I2C_enableInterrupt</name>
         <load_address>0x85b25</load_address>
         <run_address>0x85b25</run_address>
         <size>0x13</size>
         <input_file_ref idref="fl-55"/>
      </object_component>
      <object_component id="oc-3b7">
         <name>.text:EST_Vdq_setParams</name>
         <load_address>0x85b38</load_address>
         <run_address>0x85b38</run_address>
         <size>0x12</size>
         <input_file_ref idref="fl-4b"/>
      </object_component>
      <object_component id="oc-27e">
         <name>.text:EST_initEst</name>
         <load_address>0x85b4a</load_address>
         <run_address>0x85b4a</run_address>
         <size>0x12</size>
         <input_file_ref idref="fl-38"/>
      </object_component>
      <object_component id="oc-366">
         <name>.text:I2C_clearInterruptStatus</name>
         <load_address>0x85b5c</load_address>
         <run_address>0x85b5c</run_address>
         <size>0x11</size>
         <input_file_ref idref="fl-55"/>
      </object_component>
      <object_component id="oc-c1">
         <name>.text:canaISR</name>
         <load_address>0x85b6d</load_address>
         <run_address>0x85b6d</run_address>
         <size>0x11</size>
         <input_file_ref idref="fl-22"/>
      </object_component>
      <object_component id="oc-13f">
         <name>.text:Device_initGPIO</name>
         <load_address>0x85b7e</load_address>
         <run_address>0x85b7e</run_address>
         <size>0x10</size>
         <input_file_ref idref="fl-25"/>
      </object_component>
      <object_component id="oc-4b2">
         <name>.text:EST_Dir_resetHpFilters</name>
         <load_address>0x85b8e</load_address>
         <run_address>0x85b8e</run_address>
         <size>0x10</size>
         <input_file_ref idref="fl-3b"/>
      </object_component>
      <object_component id="oc-4b5">
         <name>.text:EST_Flux_ab_resetDerFilters</name>
         <load_address>0x85b9e</load_address>
         <run_address>0x85b9e</run_address>
         <size>0x10</size>
         <input_file_ref idref="fl-3e"/>
      </object_component>
      <object_component id="oc-2cb">
         <name>.text:stopMotorControl</name>
         <load_address>0x85bae</load_address>
         <run_address>0x85bae</run_address>
         <size>0x10</size>
         <input_file_ref idref="fl-24"/>
      </object_component>
      <object_component id="oc-486">
         <name>.text:EST_Flux_init</name>
         <load_address>0x85bbe</load_address>
         <run_address>0x85bbe</run_address>
         <size>0xf</size>
         <input_file_ref idref="fl-40"/>
      </object_component>
      <object_component id="oc-48d">
         <name>.text:EST_OneOverDcBus_init</name>
         <load_address>0x85bcd</load_address>
         <run_address>0x85bcd</run_address>
         <size>0xf</size>
         <input_file_ref idref="fl-45"/>
      </object_component>
      <object_component id="oc-283">
         <name>.text:EST_setFreqLFP_sf</name>
         <load_address>0x85bdc</load_address>
         <run_address>0x85bdc</run_address>
         <size>0xf</size>
         <input_file_ref idref="fl-37"/>
      </object_component>
      <object_component id="oc-3e6">
         <name>.text:EST_getFlux_Wb</name>
         <load_address>0x85beb</load_address>
         <run_address>0x85beb</run_address>
         <size>0xe</size>
         <input_file_ref idref="fl-38"/>
      </object_component>
      <object_component id="oc-111">
         <name>.text:EST_getFm_lp_Hz</name>
         <load_address>0x85bf9</load_address>
         <run_address>0x85bf9</run_address>
         <size>0xe</size>
         <input_file_ref idref="fl-38"/>
      </object_component>
      <object_component id="oc-157">
         <name>.text:HAL_enableCtrlInts</name>
         <load_address>0x85c07</load_address>
         <run_address>0x85c07</run_address>
         <size>0xd</size>
         <input_file_ref idref="fl-20"/>
      </object_component>
      <object_component id="oc-284">
         <name>.text:EST_setBemf_sf</name>
         <load_address>0x85c14</load_address>
         <run_address>0x85c14</run_address>
         <size>0xc</size>
         <input_file_ref idref="fl-37"/>
      </object_component>
      <object_component id="oc-282">
         <name>.text:EST_setOneOverFluxGain_sf</name>
         <load_address>0x85c20</load_address>
         <run_address>0x85c20</run_address>
         <size>0xc</size>
         <input_file_ref idref="fl-37"/>
      </object_component>
      <object_component id="oc-16f">
         <name>.text:HAL_MTR_setGateDriver</name>
         <load_address>0x85c2c</load_address>
         <run_address>0x85c2c</run_address>
         <size>0xc</size>
         <input_file_ref idref="fl-20"/>
      </object_component>
      <object_component id="oc-e5">
         <name>.text:Interrupt_defaultHandler</name>
         <load_address>0x85c38</load_address>
         <run_address>0x85c38</run_address>
         <size>0xc</size>
         <input_file_ref idref="fl-56"/>
      </object_component>
      <object_component id="oc-30e">
         <name>.text</name>
         <load_address>0x85c44</load_address>
         <run_address>0x85c44</run_address>
         <size>0xc</size>
         <input_file_ref idref="fl-71"/>
      </object_component>
      <object_component id="oc-399">
         <name>.text:EST_Dir_setParams</name>
         <load_address>0x85c50</load_address>
         <run_address>0x85c50</run_address>
         <size>0xb</size>
         <input_file_ref idref="fl-3b"/>
      </object_component>
      <object_component id="oc-175">
         <name>.text:DAC128S_init</name>
         <load_address>0x85c5b</load_address>
         <run_address>0x85c5b</run_address>
         <size>0xa</size>
         <input_file_ref idref="fl-8"/>
      </object_component>
      <object_component id="oc-3a1">
         <name>.text:EST_Flux_ab_setParams</name>
         <load_address>0x85c65</load_address>
         <run_address>0x85c65</run_address>
         <size>0xa</size>
         <input_file_ref idref="fl-3e"/>
      </object_component>
      <object_component id="oc-df">
         <name>.text:Interrupt_illegalOperationHandler</name>
         <load_address>0x85c6f</load_address>
         <run_address>0x85c6f</run_address>
         <size>0xa</size>
         <input_file_ref idref="fl-56"/>
      </object_component>
      <object_component id="oc-d3">
         <name>.text:Interrupt_nmiHandler</name>
         <load_address>0x85c79</load_address>
         <run_address>0x85c79</run_address>
         <size>0xa</size>
         <input_file_ref idref="fl-56"/>
      </object_component>
      <object_component id="oc-458">
         <name>.text:EPWM_setEmulationMode</name>
         <load_address>0x85c83</load_address>
         <run_address>0x85c83</run_address>
         <size>0x9</size>
         <input_file_ref idref="fl-52"/>
      </object_component>
      <object_component id="oc-3ea">
         <name>.text:EST_computePower_W</name>
         <load_address>0x85c8c</load_address>
         <run_address>0x85c8c</run_address>
         <size>0x9</size>
         <input_file_ref idref="fl-38"/>
      </object_component>
      <object_component id="oc-11c">
         <name>.text:EST_setAngle_rad</name>
         <load_address>0x85c95</load_address>
         <run_address>0x85c95</run_address>
         <size>0x9</size>
         <input_file_ref idref="fl-38"/>
      </object_component>
      <object_component id="oc-4ab">
         <name>.text:INVERSE_setParams</name>
         <load_address>0x85c9e</load_address>
         <run_address>0x85c9e</run_address>
         <size>0x9</size>
         <input_file_ref idref="fl-4c"/>
      </object_component>
      <object_component id="oc-4d7">
         <name>.text</name>
         <load_address>0x85ca7</load_address>
         <run_address>0x85ca7</run_address>
         <size>0x9</size>
         <input_file_ref idref="fl-70"/>
      </object_component>
      <object_component id="oc-2d8">
         <name>.text:EST_enableTraj</name>
         <load_address>0x85cb0</load_address>
         <run_address>0x85cb0</run_address>
         <size>0x8</size>
         <input_file_ref idref="fl-38"/>
      </object_component>
      <object_component id="oc-3e4">
         <name>.text:EST_getLs_d_H</name>
         <load_address>0x85cb8</load_address>
         <run_address>0x85cb8</run_address>
         <size>0x8</size>
         <input_file_ref idref="fl-38"/>
      </object_component>
      <object_component id="oc-3e5">
         <name>.text:EST_getLs_q_H</name>
         <load_address>0x85cc0</load_address>
         <run_address>0x85cc0</run_address>
         <size>0x8</size>
         <input_file_ref idref="fl-38"/>
      </object_component>
      <object_component id="oc-3e3">
         <name>.text:EST_getRr_Ohm</name>
         <load_address>0x85cc8</load_address>
         <run_address>0x85cc8</run_address>
         <size>0x8</size>
         <input_file_ref idref="fl-38"/>
      </object_component>
      <object_component id="oc-3e7">
         <name>.text:EST_getRsOnLine_Ohm</name>
         <load_address>0x85cd0</load_address>
         <run_address>0x85cd0</run_address>
         <size>0x8</size>
         <input_file_ref idref="fl-38"/>
      </object_component>
      <object_component id="oc-3df">
         <name>.text:EST_getRs_Ohm</name>
         <load_address>0x85cd8</load_address>
         <run_address>0x85cd8</run_address>
         <size>0x8</size>
         <input_file_ref idref="fl-38"/>
      </object_component>
      <object_component id="oc-2e1">
         <name>.text:EST_isError</name>
         <load_address>0x85ce0</load_address>
         <run_address>0x85ce0</run_address>
         <size>0x8</size>
         <input_file_ref idref="fl-38"/>
      </object_component>
      <object_component id="oc-2e6">
         <name>.text:EST_isIdle</name>
         <load_address>0x85ce8</load_address>
         <run_address>0x85ce8</run_address>
         <size>0x8</size>
         <input_file_ref idref="fl-38"/>
      </object_component>
      <object_component id="oc-2e5">
         <name>.text:EST_isLockRotor</name>
         <load_address>0x85cf0</load_address>
         <run_address>0x85cf0</run_address>
         <size>0x8</size>
         <input_file_ref idref="fl-38"/>
      </object_component>
      <object_component id="oc-285">
         <name>.text:EST_setFlag_enablePowerWarp</name>
         <load_address>0x85cf8</load_address>
         <run_address>0x85cf8</run_address>
         <size>0x8</size>
         <input_file_ref idref="fl-38"/>
      </object_component>
      <object_component id="oc-3d6">
         <name>.text:EST_setLs_d_H</name>
         <load_address>0x85d00</load_address>
         <run_address>0x85d00</run_address>
         <size>0x8</size>
         <input_file_ref idref="fl-38"/>
      </object_component>
      <object_component id="oc-3d7">
         <name>.text:EST_setLs_q_H</name>
         <load_address>0x85d08</load_address>
         <run_address>0x85d08</run_address>
         <size>0x8</size>
         <input_file_ref idref="fl-38"/>
      </object_component>
      <object_component id="oc-3d5">
         <name>.text:EST_setRr_Ohm</name>
         <load_address>0x85d10</load_address>
         <run_address>0x85d10</run_address>
         <size>0x8</size>
         <input_file_ref idref="fl-38"/>
      </object_component>
      <object_component id="oc-3de">
         <name>.text:EST_setRsOnLineId_A</name>
         <load_address>0x85d18</load_address>
         <run_address>0x85d18</run_address>
         <size>0x8</size>
         <input_file_ref idref="fl-38"/>
      </object_component>
      <object_component id="oc-3dd">
         <name>.text:EST_setRsOnLineId_mag_A</name>
         <load_address>0x85d20</load_address>
         <run_address>0x85d20</run_address>
         <size>0x8</size>
         <input_file_ref idref="fl-38"/>
      </object_component>
      <object_component id="oc-3e0">
         <name>.text:EST_setRsOnLine_Ohm</name>
         <load_address>0x85d28</load_address>
         <run_address>0x85d28</run_address>
         <size>0x8</size>
         <input_file_ref idref="fl-38"/>
      </object_component>
      <object_component id="oc-8e">
         <name>.text:decompress:none</name>
         <load_address>0x85d30</load_address>
         <run_address>0x85d30</run_address>
         <size>0x8</size>
         <input_file_ref idref="fl-6d"/>
      </object_component>
      <object_component id="oc-102">
         <name>.text</name>
         <load_address>0x85d38</load_address>
         <run_address>0x85d38</run_address>
         <size>0x8</size>
         <input_file_ref idref="fl-26"/>
      </object_component>
      <object_component id="oc-39c">
         <name>.text:EST_Eab_setParams</name>
         <load_address>0x85d40</load_address>
         <run_address>0x85d40</run_address>
         <size>0x7</size>
         <input_file_ref idref="fl-3c"/>
      </object_component>
      <object_component id="oc-3a0">
         <name>.text:EST_Flux_setWaitTimes</name>
         <load_address>0x85d47</load_address>
         <run_address>0x85d47</run_address>
         <size>0x7</size>
         <input_file_ref idref="fl-40"/>
      </object_component>
      <object_component id="oc-4b3">
         <name>.text:EST_Freq_resetDerFilter</name>
         <load_address>0x85d4e</load_address>
         <run_address>0x85d4e</run_address>
         <size>0x7</size>
         <input_file_ref idref="fl-41"/>
      </object_component>
      <object_component id="oc-4b4">
         <name>.text:EST_Freq_resetLpFilter</name>
         <load_address>0x85d55</load_address>
         <run_address>0x85d55</run_address>
         <size>0x7</size>
         <input_file_ref idref="fl-41"/>
      </object_component>
      <object_component id="oc-3ac">
         <name>.text:EST_Ls_setWaitTimes</name>
         <load_address>0x85d5c</load_address>
         <run_address>0x85d5c</run_address>
         <size>0x7</size>
         <input_file_ref idref="fl-44"/>
      </object_component>
      <object_component id="oc-3b0">
         <name>.text:EST_Rr_setWaitTimes</name>
         <load_address>0x85d63</load_address>
         <run_address>0x85d63</run_address>
         <size>0x7</size>
         <input_file_ref idref="fl-46"/>
      </object_component>
      <object_component id="oc-3b2">
         <name>.text:EST_Rs_setWaitTimes</name>
         <load_address>0x85d6a</load_address>
         <run_address>0x85d6a</run_address>
         <size>0x7</size>
         <input_file_ref idref="fl-48"/>
      </object_component>
      <object_component id="oc-2e3">
         <name>.text:EST_configureTraj</name>
         <load_address>0x85d71</load_address>
         <run_address>0x85d71</run_address>
         <size>0x7</size>
         <input_file_ref idref="fl-38"/>
      </object_component>
      <object_component id="oc-2e8">
         <name>.text:EST_disableTraj</name>
         <load_address>0x85d78</load_address>
         <run_address>0x85d78</run_address>
         <size>0x7</size>
         <input_file_ref idref="fl-38"/>
      </object_component>
      <object_component id="oc-3ad">
         <name>.text:EST_setMotorParams</name>
         <load_address>0x85d7f</load_address>
         <run_address>0x85d7f</run_address>
         <size>0x7</size>
         <input_file_ref idref="fl-38"/>
      </object_component>
      <object_component id="oc-3b9">
         <name>.text:EST_setWaitTimes</name>
         <load_address>0x85d86</load_address>
         <run_address>0x85d86</run_address>
         <size>0x7</size>
         <input_file_ref idref="fl-38"/>
      </object_component>
      <object_component id="oc-2e0">
         <name>.text:EST_updateTrajState</name>
         <load_address>0x85d8d</load_address>
         <run_address>0x85d8d</run_address>
         <size>0x7</size>
         <input_file_ref idref="fl-38"/>
      </object_component>
      <object_component id="oc-132">
         <name>.text:HAL_clearDataRAM</name>
         <load_address>0x85d94</load_address>
         <run_address>0x85d94</run_address>
         <size>0x7</size>
         <input_file_ref idref="fl-20"/>
      </object_component>
      <object_component id="oc-1c4">
         <name>.text</name>
         <load_address>0x85d9b</load_address>
         <run_address>0x85d9b</run_address>
         <size>0x7</size>
         <input_file_ref idref="fl-72"/>
      </object_component>
      <object_component id="oc-345">
         <name>.text:CPUTimer_setEmulationMode</name>
         <load_address>0x85da2</load_address>
         <run_address>0x85da2</run_address>
         <size>0x6</size>
         <input_file_ref idref="fl-50"/>
      </object_component>
      <object_component id="oc-3cd">
         <name>.text:EST_Traj_isError</name>
         <load_address>0x85da8</load_address>
         <run_address>0x85da8</run_address>
         <size>0x6</size>
         <input_file_ref idref="fl-49"/>
      </object_component>
      <object_component id="oc-4b9">
         <name>.text:EST_getFe_rps</name>
         <load_address>0x85dae</load_address>
         <run_address>0x85dae</run_address>
         <size>0x6</size>
         <input_file_ref idref="fl-38"/>
      </object_component>
      <object_component id="oc-2df">
         <name>.text:EST_isTrajError</name>
         <load_address>0x85db4</load_address>
         <run_address>0x85db4</run_address>
         <size>0x6</size>
         <input_file_ref idref="fl-38"/>
      </object_component>
      <object_component id="oc-11e">
         <name>.text:EST_setId_ref_A</name>
         <load_address>0x85dba</load_address>
         <run_address>0x85dba</run_address>
         <size>0x6</size>
         <input_file_ref idref="fl-38"/>
      </object_component>
      <object_component id="oc-11f">
         <name>.text:EST_setIq_ref_A</name>
         <load_address>0x85dc0</load_address>
         <run_address>0x85dc0</run_address>
         <size>0x6</size>
         <input_file_ref idref="fl-38"/>
      </object_component>
      <object_component id="oc-4a0">
         <name>.text:FILTER_FO_setInitialConditions</name>
         <load_address>0x85dc6</load_address>
         <run_address>0x85dc6</run_address>
         <size>0x6</size>
         <input_file_ref idref="fl-9"/>
      </object_component>
      <object_component id="oc-fc">
         <name>.text:decompress:ZI</name>
         <load_address>0x85dcc</load_address>
         <run_address>0x85dcc</run_address>
         <size>0x6</size>
         <input_file_ref idref="fl-6c"/>
      </object_component>
      <object_component id="oc-39d">
         <name>.text:EST_Edq_setEdq_V</name>
         <load_address>0x85dd2</load_address>
         <run_address>0x85dd2</run_address>
         <size>0x5</size>
         <input_file_ref idref="fl-3d"/>
      </object_component>
      <object_component id="oc-3a3">
         <name>.text:EST_Flux_dq_setFlux_Wb</name>
         <load_address>0x85dd7</load_address>
         <run_address>0x85dd7</run_address>
         <size>0x5</size>
         <input_file_ref idref="fl-3f"/>
      </object_component>
      <object_component id="oc-3b6">
         <name>.text:EST_Vab_setVab_V</name>
         <load_address>0x85ddc</load_address>
         <run_address>0x85ddc</run_address>
         <size>0x5</size>
         <input_file_ref idref="fl-4a"/>
      </object_component>
      <object_component id="oc-2d7">
         <name>.text:EST_enable</name>
         <load_address>0x85de1</load_address>
         <run_address>0x85de1</run_address>
         <size>0x5</size>
         <input_file_ref idref="fl-38"/>
      </object_component>
      <object_component id="oc-3e2">
         <name>.text:EST_getTrajState</name>
         <load_address>0x85de6</load_address>
         <run_address>0x85de6</run_address>
         <size>0x5</size>
         <input_file_ref idref="fl-38"/>
      </object_component>
      <object_component id="oc-494">
         <name>.text:FILTER_FO_setNumCoeffs</name>
         <load_address>0x85deb</load_address>
         <run_address>0x85deb</run_address>
         <size>0x5</size>
         <input_file_ref idref="fl-9"/>
      </object_component>
      <object_component id="oc-248">
         <name>.text:CLARKE_init</name>
         <load_address>0x85df0</load_address>
         <run_address>0x85df0</run_address>
         <size>0x4</size>
         <input_file_ref idref="fl-13"/>
      </object_component>
      <object_component id="oc-23c">
         <name>.text:DCLINK_SS_init</name>
         <load_address>0x85df4</load_address>
         <run_address>0x85df4</run_address>
         <size>0x4</size>
         <input_file_ref idref="fl-3"/>
      </object_component>
      <object_component id="oc-482">
         <name>.text:EST_Angle_init</name>
         <load_address>0x85df8</load_address>
         <run_address>0x85df8</run_address>
         <size>0x4</size>
         <input_file_ref idref="fl-3a"/>
      </object_component>
      <object_component id="oc-484">
         <name>.text:EST_Eab_init</name>
         <load_address>0x85dfc</load_address>
         <run_address>0x85dfc</run_address>
         <size>0x4</size>
         <input_file_ref idref="fl-3c"/>
      </object_component>
      <object_component id="oc-485">
         <name>.text:EST_Edq_init</name>
         <load_address>0x85e00</load_address>
         <run_address>0x85e00</run_address>
         <size>0x4</size>
         <input_file_ref idref="fl-3d"/>
      </object_component>
      <object_component id="oc-488">
         <name>.text:EST_Flux_dq_init</name>
         <load_address>0x85e04</load_address>
         <run_address>0x85e04</run_address>
         <size>0x4</size>
         <input_file_ref idref="fl-3f"/>
      </object_component>
      <object_component id="oc-48c">
         <name>.text:EST_Ls_init</name>
         <load_address>0x85e08</load_address>
         <run_address>0x85e08</run_address>
         <size>0x4</size>
         <input_file_ref idref="fl-44"/>
      </object_component>
      <object_component id="oc-48e">
         <name>.text:EST_Rr_init</name>
         <load_address>0x85e0c</load_address>
         <run_address>0x85e0c</run_address>
         <size>0x4</size>
         <input_file_ref idref="fl-46"/>
      </object_component>
      <object_component id="oc-48f">
         <name>.text:EST_Rs_init</name>
         <load_address>0x85e10</load_address>
         <run_address>0x85e10</run_address>
         <size>0x4</size>
         <input_file_ref idref="fl-48"/>
      </object_component>
      <object_component id="oc-492">
         <name>.text:EST_Vab_init</name>
         <load_address>0x85e14</load_address>
         <run_address>0x85e14</run_address>
         <size>0x4</size>
         <input_file_ref idref="fl-4a"/>
      </object_component>
      <object_component id="oc-2e7">
         <name>.text:EST_disable</name>
         <load_address>0x85e18</load_address>
         <run_address>0x85e18</run_address>
         <size>0x4</size>
         <input_file_ref idref="fl-38"/>
      </object_component>
      <object_component id="oc-3d4">
         <name>.text:EST_getFlag_bypassLockRotor</name>
         <load_address>0x85e1c</load_address>
         <run_address>0x85e1c</run_address>
         <size>0x4</size>
         <input_file_ref idref="fl-38"/>
      </object_component>
      <object_component id="oc-3cf">
         <name>.text:EST_getFlag_enable</name>
         <load_address>0x85e20</load_address>
         <run_address>0x85e20</run_address>
         <size>0x4</size>
         <input_file_ref idref="fl-38"/>
      </object_component>
      <object_component id="oc-2c9">
         <name>.text:EST_getFlag_enableRsOnLine_inline</name>
         <load_address>0x85e24</load_address>
         <run_address>0x85e24</run_address>
         <size>0x4</size>
         <input_file_ref idref="fl-38"/>
      </object_component>
      <object_component id="oc-3db">
         <name>.text:EST_getFlag_enableRsRecalc</name>
         <load_address>0x85e28</load_address>
         <run_address>0x85e28</run_address>
         <size>0x4</size>
         <input_file_ref idref="fl-38"/>
      </object_component>
      <object_component id="oc-3e8">
         <name>.text:EST_getRoverL_rps_inline</name>
         <load_address>0x85e2c</load_address>
         <run_address>0x85e2c</run_address>
         <size>0x4</size>
         <input_file_ref idref="fl-38"/>
      </object_component>
      <object_component id="oc-112">
         <name>.text:EST_isMotorIdentified</name>
         <load_address>0x85e30</load_address>
         <run_address>0x85e30</run_address>
         <size>0x4</size>
         <input_file_ref idref="fl-38"/>
      </object_component>
      <object_component id="oc-286">
         <name>.text:EST_setFlag_bypassLockRotor</name>
         <load_address>0x85e34</load_address>
         <run_address>0x85e34</run_address>
         <size>0x4</size>
         <input_file_ref idref="fl-38"/>
      </object_component>
      <object_component id="oc-3ba">
         <name>.text:EST_setFlag_enable</name>
         <load_address>0x85e38</load_address>
         <run_address>0x85e38</run_address>
         <size>0x4</size>
         <input_file_ref idref="fl-38"/>
      </object_component>
      <object_component id="oc-3bb">
         <name>.text:EST_setFlag_enableFluxControl</name>
         <load_address>0x85e3c</load_address>
         <run_address>0x85e3c</run_address>
         <size>0x4</size>
         <input_file_ref idref="fl-38"/>
      </object_component>
      <object_component id="oc-280">
         <name>.text:EST_setFlag_enableForceAngle</name>
         <load_address>0x85e40</load_address>
         <run_address>0x85e40</run_address>
         <size>0x4</size>
         <input_file_ref idref="fl-38"/>
      </object_component>
      <object_component id="oc-3bc">
         <name>.text:EST_setFlag_enableRsOnLine_inline</name>
         <load_address>0x85e44</load_address>
         <run_address>0x85e44</run_address>
         <size>0x4</size>
         <input_file_ref idref="fl-38"/>
      </object_component>
      <object_component id="oc-281">
         <name>.text:EST_setFlag_enableRsRecalc</name>
         <load_address>0x85e48</load_address>
         <run_address>0x85e48</run_address>
         <size>0x4</size>
         <input_file_ref idref="fl-38"/>
      </object_component>
      <object_component id="oc-3bd">
         <name>.text:EST_setFlag_updateRs</name>
         <load_address>0x85e4c</load_address>
         <run_address>0x85e4c</run_address>
         <size>0x4</size>
         <input_file_ref idref="fl-38"/>
      </object_component>
      <object_component id="oc-4ff">
         <name>.text:FILTER_FO_init</name>
         <load_address>0x85e50</load_address>
         <run_address>0x85e50</run_address>
         <size>0x4</size>
         <input_file_ref idref="fl-9"/>
      </object_component>
      <object_component id="oc-18d">
         <name>.text:HAL_enableGlobalInts</name>
         <load_address>0x85e54</load_address>
         <run_address>0x85e54</run_address>
         <size>0x4</size>
         <input_file_ref idref="fl-20"/>
      </object_component>
      <object_component id="oc-2be">
         <name>.text:HAL_setMtrCMPSSDACValue</name>
         <load_address>0x85e58</load_address>
         <run_address>0x85e58</run_address>
         <size>0x4</size>
         <input_file_ref idref="fl-20"/>
      </object_component>
      <object_component id="oc-505">
         <name>.text:INVERSE_init</name>
[...]
      </symbol>
      <symbol id="sm-56f">
         <name>EST_Angle_init</name>
         <value>0x85df8</value>
         <object_component_ref idref="oc-482"/>
      </symbol>
      <symbol id="sm-579">
         <name>EST_Dir_resetHpFilters</name>
         <value>0x85b8e</value>
         <object_component_ref idref="oc-4b2"/>
      </symbol>
      <symbol id="sm-57a">
         <name>EST_Dir_resetLpFilters</name>
         <value>0x8586f</value>
         <object_component_ref idref="oc-4b1"/>
      </symbol>
      <symbol id="sm-57b">
         <name>EST_Dir_setParams</name>
         <value>0x85c50</value>
         <object_component_ref idref="oc-399"/>
      </symbol>
      <symbol id="sm-57c">
         <name>EST_Dir_init</name>
         <value>0x85393</value>
         <object_component_ref idref="oc-483"/>
      </symbol>
      <symbol id="sm-57d">
         <name>EST_Dir_setHpFilterParams</name>
         <value>0x84e29</value>
         <object_component_ref idref="oc-39b"/>
      </symbol>
      <symbol id="sm-57e">
         <name>EST_Dir_setLpFilterParams</name>
         <value>0x84869</value>
         <object_component_ref idref="oc-39a"/>
      </symbol>
      <symbol id="sm-583">
         <name>EST_Eab_setParams</name>
         <value>0x85d40</value>
         <object_component_ref idref="oc-39c"/>
      </symbol>
      <symbol id="sm-584">
         <name>EST_Eab_init</name>
         <value>0x85dfc</value>
         <object_component_ref idref="oc-484"/>
      </symbol>
      <symbol id="sm-58a">
         <name>EST_Edq_setParams</name>
         <value>0x85dd2</value>
         <object_component_ref idref="oc-39d"/>
      </symbol>
      <symbol id="sm-58b">
         <name>EST_Edq_init</name>
         <value>0x85e00</value>
         <object_component_ref idref="oc-485"/>
      </symbol>
      <symbol id="sm-593">
         <name>EST_Flux_ab_setDerFilterParams</name>
         <value>0x84e73</value>
         <object_component_ref idref="oc-4a6"/>
      </symbol>
      <symbol id="sm-594">
         <name>EST_Flux_ab_setParams</name>
         <value>0x85c65</value>
         <object_component_ref idref="oc-3a1"/>
      </symbol>
      <symbol id="sm-595">
         <name>EST_Flux_ab_resetDerFilters</name>
         <value>0x85b9e</value>
         <object_component_ref idref="oc-4b5"/>
      </symbol>
      <symbol id="sm-596">
         <name>EST_Flux_ab_init</name>
         <value>0x859fc</value>
         <object_component_ref idref="oc-487"/>
      </symbol>
      <symbol id="sm-59c">
         <name>EST_Flux_dq_setParams</name>
         <value>0x85dd7</value>
         <object_component_ref idref="oc-3a3"/>
      </symbol>
      <symbol id="sm-59d">
         <name>EST_Flux_dq_init</name>
         <value>0x85e04</value>
         <object_component_ref idref="oc-488"/>
      </symbol>
      <symbol id="sm-5ac">
         <name>EST_Flux_updateState</name>
         <value>0x85220</value>
         <object_component_ref idref="oc-3d8"/>
      </symbol>
      <symbol id="sm-5ad">
         <name>EST_Flux_setParams</name>
         <value>0x84b3e</value>
         <object_component_ref idref="oc-39f"/>
      </symbol>
      <symbol id="sm-5ae">
         <name>EST_Flux_init</name>
         <value>0x85bbe</value>
         <object_component_ref idref="oc-486"/>
      </symbol>
      <symbol id="sm-5af">
         <name>EST_Flux_setWaitTimes</name>
         <value>0x85d47</value>
         <object_component_ref idref="oc-3a0"/>
      </symbol>
      <symbol id="sm-5b9">
         <name>EST_Freq_resetLpFilter</name>
         <value>0x85d55</value>
         <object_component_ref idref="oc-4b4"/>
      </symbol>
      <symbol id="sm-5ba">
         <name>EST_Freq_setDerFilterParams</name>
         <value>0x85500</value>
         <object_component_ref idref="oc-4a8"/>
      </symbol>
      <symbol id="sm-5bb">
         <name>EST_Freq_setParams</name>
         <value>0x84ddb</value>
         <object_component_ref idref="oc-3a4"/>
      </symbol>
      <symbol id="sm-5bc">
         <name>EST_Freq_setLpFilterParams</name>
         <value>0x8552a</value>
         <object_component_ref idref="oc-4a7"/>
      </symbol>
      <symbol id="sm-5bd">
         <name>EST_Freq_init</name>
         <value>0x85a12</value>
         <object_component_ref idref="oc-489"/>
      </symbol>
      <symbol id="sm-5be">
         <name>EST_Freq_resetDerFilter</name>
         <value>0x85d4e</value>
         <object_component_ref idref="oc-4b3"/>
      </symbol>
      <symbol id="sm-5c8">
         <name>EST_Iab_resetLpFilters</name>
         <value>0x85424</value>
         <object_component_ref idref="oc-4b6"/>
      </symbol>
      <symbol id="sm-5c9">
         <name>EST_Iab_setLpFilterParams</name>
         <value>0x84ebd</value>
         <object_component_ref idref="oc-4a9"/>
      </symbol>
      <symbol id="sm-5ca">
         <name>EST_Iab_setParams</name>
         <value>0x85a3e</value>
         <object_component_ref idref="oc-3a7"/>
      </symbol>
      <symbol id="sm-5cb">
         <name>EST_Iab_init</name>
         <value>0x85a28</value>
         <object_component_ref idref="oc-48a"/>
      </symbol>
      <symbol id="sm-5d5">
         <name>EST_Idq_init</name>
         <value>0x85a54</value>
         <object_component_ref idref="oc-48b"/>
      </symbol>
      <symbol id="sm-5d6">
         <name>EST_Idq_resetLpFilters</name>
         <value>0x856c3</value>
         <object_component_ref idref="oc-4b7"/>
      </symbol>
      <symbol id="sm-5d7">
         <name>EST_Idq_setParams</name>
         <value>0x85b12</value>
         <object_component_ref idref="oc-3aa"/>
      </symbol>
      <symbol id="sm-5d8">
         <name>EST_Idq_setLpFilterParams</name>
         <value>0x84f07</value>
         <object_component_ref idref="oc-4aa"/>
      </symbol>
      <symbol id="sm-5e6">
         <name>EST_Ls_updateState</name>
         <value>0x852c7</value>
         <object_component_ref idref="oc-3d3"/>
      </symbol>
      <symbol id="sm-5e7">
         <name>EST_Ls_setParams</name>
         <value>0x850ae</value>
         <object_component_ref idref="oc-3ab"/>
      </symbol>
      <symbol id="sm-5e8">
         <name>EST_Ls_init</name>
         <value>0x85e08</value>
         <object_component_ref idref="oc-48c"/>
      </symbol>
      <symbol id="sm-5e9">
         <name>EST_Ls_setWaitTimes</name>
         <value>0x85d5c</value>
         <object_component_ref idref="oc-3ac"/>
      </symbol>
      <symbol id="sm-5ef">
         <name>EST_OneOverDcBus_setParams</name>
         <value>0x855a8</value>
         <object_component_ref idref="oc-3ae"/>
      </symbol>
      <symbol id="sm-5f0">
         <name>EST_OneOverDcBus_init</name>
         <value>0x85bcd</value>
         <object_component_ref idref="oc-48d"/>
      </symbol>
      <symbol id="sm-5fe">
         <name>EST_Rr_updateState</name>
         <value>0x852fc</value>
         <object_component_ref idref="oc-3d2"/>
      </symbol>
      <symbol id="sm-5ff">
         <name>EST_Rr_setWaitTimes</name>
         <value>0x85d63</value>
         <object_component_ref idref="oc-3b0"/>
      </symbol>
      <symbol id="sm-600">
         <name>EST_Rr_init</name>
         <value>0x85e0c</value>
         <object_component_ref idref="oc-48e"/>
      </symbol>
      <symbol id="sm-601">
         <name>EST_Rr_setParams</name>
         <value>0x8588b</value>
         <object_component_ref idref="oc-3af"/>
      </symbol>
      <symbol id="sm-60a">
         <name>EST_RsOnLine_init</name>
         <value>0x855d1</value>
         <object_component_ref idref="oc-490"/>
      </symbol>
      <symbol id="sm-60b">
         <name>EST_RsOnLine_setLpFilterParams</name>
         <value>0x8516a</value>
         <object_component_ref idref="oc-3b4"/>
      </symbol>
      <symbol id="sm-60c">
         <name>EST_RsOnLine_setParams</name>
         <value>0x84fe3</value>
         <object_component_ref idref="oc-3b3"/>
      </symbol>
      <symbol id="sm-61a">
         <name>EST_Rs_init</name>
         <value>0x85e10</value>
         <object_component_ref idref="oc-48f"/>
      </symbol>
      <symbol id="sm-61b">
         <name>EST_Rs_updateState</name>
         <value>0x8532f</value>
         <object_component_ref idref="oc-3da"/>
      </symbol>
      <symbol id="sm-61c">
         <name>EST_Rs_setWaitTimes</name>
         <value>0x85d6a</value>
         <object_component_ref idref="oc-3b2"/>
      </symbol>
      <symbol id="sm-61d">
         <name>EST_Rs_setParams</name>
         <value>0x858a7</value>
         <object_component_ref idref="oc-3b1"/>
      </symbol>
      <symbol id="sm-648">
         <name>EST_Traj_isError</name>
         <value>0x85da8</value>
         <object_component_ref idref="oc-3cd"/>
      </symbol>
      <symbol id="sm-649">
         <name>EST_Traj_init</name>
         <value>0x858c3</value>
         <object_component_ref idref="oc-491"/>
      </symbol>
      <symbol id="sm-64a">
         <name>EST_Traj_reset</name>
         <value>0x859cd</value>
         <object_component_ref idref="oc-4b0"/>
      </symbol>
      <symbol id="sm-64b">
         <name>EST_Traj_configure</name>
         <value>0x8404a</value>
         <object_component_ref idref="oc-3dc"/>
      </symbol>
      <symbol id="sm-64c">
         <name>EST_Traj_updateState</name>
         <value>0x84b9a</value>
         <object_component_ref idref="oc-3ce"/>
      </symbol>
      <symbol id="sm-64d">
         <name>EST_Traj_run</name>
         <value>0xba8e</value>
         <object_component_ref idref="oc-1d9"/>
      </symbol>
      <symbol id="sm-64e">
         <name>EST_Traj_setParams</name>
         <value>0x84696</value>
         <object_component_ref idref="oc-3b5"/>
      </symbol>
      <symbol id="sm-654">
         <name>EST_Vab_init</name>
         <value>0x85e14</value>
         <object_component_ref idref="oc-492"/>
      </symbol>
      <symbol id="sm-655">
         <name>EST_Vab_setParams</name>
         <value>0x85ddc</value>
         <object_component_ref idref="oc-3b6"/>
      </symbol>
      <symbol id="sm-65f">
         <name>EST_Vdq_setLpFilterParams</name>
         <value>0x84f51</value>
         <object_component_ref idref="oc-4ac"/>
      </symbol>
      <symbol id="sm-660">
         <name>EST_Vdq_init</name>
         <value>0x85a6a</value>
         <object_component_ref idref="oc-493"/>
      </symbol>
      <symbol id="sm-661">
         <name>EST_Vdq_resetLpFilters</name>
         <value>0x85554</value>
         <object_component_ref idref="oc-4b8"/>
      </symbol>
      <symbol id="sm-662">
         <name>EST_Vdq_setParams</name>
         <value>0x85b38</value>
         <object_component_ref idref="oc-3b7"/>
      </symbol>
      <symbol id="sm-667">
         <name>INVERSE_setParams</name>
         <value>0x85c9e</value>
         <object_component_ref idref="oc-4ab"/>
      </symbol>
      <symbol id="sm-668">
         <name>INVERSE_init</name>
         <value>0x85e5c</value>
         <object_component_ref idref="oc-505"/>
      </symbol>
      <symbol id="sm-683">
         <name>ADC_setOffsetTrimAll</name>
         <value>0x85a80</value>
         <object_component_ref idref="oc-447"/>
      </symbol>
      <symbol id="sm-684">
         <name>ADC_setVREF</name>
         <value>0x85982</value>
         <object_component_ref idref="oc-33e"/>
      </symbol>
      <symbol id="sm-691">
         <name>CMPSS_configFilterHigh</name>
         <value>0x8599b</value>
         <object_component_ref idref="oc-45f"/>
      </symbol>
      <symbol id="sm-69e">
         <name>CPUTimer_setEmulationMode</name>
         <value>0x85da2</value>
         <object_component_ref idref="oc-345"/>
      </symbol>
      <symbol id="sm-6ac">
         <name>EPWM_setEmulationMode</name>
         <value>0x85c83</value>
         <object_component_ref idref="oc-458"/>
      </symbol>
      <symbol id="sm-6b9">
         <name>Flash_initModule</name>
         <value>0xbaeb</value>
         <object_component_ref idref="oc-1eb"/>
      </symbol>
      <symbol id="sm-6ea">
         <name>GPIO_setQualificationMode</name>
         <value>0x85754</value>
         <object_component_ref idref="oc-2a0"/>
      </symbol>
      <symbol id="sm-6eb">
         <name>GPIO_setPadConfig</name>
         <value>0x850ed</value>
         <object_component_ref idref="oc-29a"/>
      </symbol>
      <symbol id="sm-6ec">
         <name>GPIO_setDirectionMode</name>
         <value>0x85797</value>
         <object_component_ref idref="oc-294"/>
      </symbol>
      <symbol id="sm-6ed">
         <name>GPIO_setQualificationPeriod</name>
         <value>0x85932</value>
         <object_component_ref idref="oc-2a6"/>
      </symbol>
      <symbol id="sm-6ee">
         <name>GPIO_setPinConfig</name>
         <value>0x853c4</value>
         <object_component_ref idref="oc-28e"/>
      </symbol>
      <symbol id="sm-713">
         <name>I2C_clearInterruptStatus</name>
         <value>0x85b5c</value>
         <object_component_ref idref="oc-366"/>
      </symbol>
      <symbol id="sm-714">
         <name>I2C_initController</name>
         <value>0x851e4</value>
         <object_component_ref idref="oc-35a"/>
      </symbol>
      <symbol id="sm-715">
         <name>I2C_enableInterrupt</name>
         <value>0x85b25</value>
         <object_component_ref idref="oc-360"/>
      </symbol>
      <symbol id="sm-74c">
         <name>Interrupt_defaultHandler</name>
         <value>0x85c38</value>
         <object_component_ref idref="oc-e5"/>
      </symbol>
      <symbol id="sm-74d">
         <name>Interrupt_initModule</name>
         <value>0x8506d</value>
         <object_component_ref idref="oc-145"/>
      </symbol>
      <symbol id="sm-74e">
         <name>Interrupt_nmiHandler</name>
         <value>0x85c79</value>
         <object_component_ref idref="oc-d3"/>
      </symbol>
      <symbol id="sm-74f">
         <name>Interrupt_enable</name>
         <value>0x85291</value>
         <object_component_ref idref="oc-221"/>
      </symbol>
      <symbol id="sm-750">
         <name>Interrupt_initVectorTable</name>
         <value>0x85ae9</value>
         <object_component_ref idref="oc-d5"/>
      </symbol>
      <symbol id="sm-751">
         <name>Interrupt_illegalOperationHandler</name>
         <value>0x85c6f</value>
         <object_component_ref idref="oc-df"/>
      </symbol>
      <symbol id="sm-769">
         <name>SCI_clearInterruptStatus</name>
         <value>0x858fb</value>
         <object_component_ref idref="oc-353"/>
      </symbol>
      <symbol id="sm-76a">
         <name>SCI_setConfig</name>
         <value>0x85731</value>
         <object_component_ref idref="oc-34d"/>
      </symbol>
      <symbol id="sm-783">
         <name>SPI_setConfig</name>
         <value>0x857f7</value>
         <object_component_ref idref="oc-2b6"/>
      </symbol>
      <symbol id="sm-784">
         <name>SPI_clearInterruptStatus</name>
         <value>0x85834</value>
         <object_component_ref idref="oc-1dc"/>
      </symbol>
      <symbol id="sm-7e3">
         <name>SysCtl_isPLLValid</name>
         <value>0x84266</value>
         <object_component_ref idref="oc-332"/>
      </symbol>
      <symbol id="sm-7e4">
         <name>SysCtl_delay</name>
         <value>0xbb7b</value>
         <object_component_ref idref="oc-2ad"/>
      </symbol>
      <symbol id="sm-7e5">
         <name>SysCtl_selectXTALSingleEnded</name>
         <value>0x85776</value>
         <object_component_ref idref="oc-431"/>
      </symbol>
      <symbol id="sm-7e6">
         <name>SysCtl_selectXTAL</name>
         <value>0x85028</value>
         <object_component_ref idref="oc-437"/>
      </symbol>
      <symbol id="sm-7e7">
         <name>SysCtl_selectOscSource</name>
         <value>0x8547f</value>
         <object_component_ref idref="oc-32c"/>
      </symbol>
      <symbol id="sm-7e8">
         <name>SysCtl_setClock</name>
         <value>0x83f2d</value>
         <object_component_ref idref="oc-1f1"/>
      </symbol>
      <symbol id="sm-7f5">
         <name>XBAR_setEPWMMuxConfig</name>
         <value>0x854aa</value>
         <object_component_ref idref="oc-466"/>
      </symbol>
      <symbol id="sm-7ff">
         <name>_c_int00</name>
         <value>0x859e5</value>
         <object_component_ref idref="oc-1cb"/>
      </symbol>
      <symbol id="sm-800">
         <name>__stack</name>
         <value>0x128</value>
         <object_component_ref idref="oc-eb"/>
      </symbol>
      <symbol id="sm-80d">
         <name>__c28xabi_divf</name>
         <value>0x847e1</value>
         <object_component_ref idref="oc-43e"/>
      </symbol>
      <symbol id="sm-820">
         <name>memcpy</name>
         <value>0x85852</value>
         <object_component_ref idref="oc-ee"/>
      </symbol>
      <symbol id="sm-82d">
         <name>_system_pre_init</name>
         <value>0x85e89</value>
         <object_component_ref idref="oc-307"/>
      </symbol>
      <symbol id="sm-83c">
         <name>__TI_auto_init_nobinit_nopinit</name>
         <value>0x854d5</value>
         <object_component_ref idref="oc-3f1"/>
      </symbol>
      <symbol id="sm-849">
         <name>__TI_zero_init</name>
         <value>0x85dcc</value>
         <object_component_ref idref="oc-fc"/>
      </symbol>
      <symbol id="sm-856">
         <name>__TI_decompress_none</name>
         <value>0x85d30</value>
         <object_component_ref idref="oc-8e"/>
      </symbol>
      <symbol id="sm-86a">
         <name>__TI_decompress_lzss</name>
         <value>0x853f4</value>
         <object_component_ref idref="oc-88"/>
      </symbol>
      <symbol id="sm-880">
         <name>C$$EXIT</name>
         <value>0x8564c</value>
         <object_component_ref idref="oc-314"/>
      </symbol>
      <symbol id="sm-881">
         <name>abort</name>
         <value>0x8564c</value>
         <object_component_ref idref="oc-314"/>
      </symbol>
      <symbol id="sm-882">
         <name>exit</name>
         <value>0x8564e</value>
         <object_component_ref idref="oc-314"/>
      </symbol>
      <symbol id="sm-883">
         <name>__TI_dtors_ptr</name>
         <value>0x678</value>
         <object_component_ref idref="oc-423"/>
      </symbol>
      <symbol id="sm-884">
         <name>__TI_cleanup_ptr</name>
         <value>0x676</value>
         <object_component_ref idref="oc-423"/>
      </symbol>
      <symbol id="sm-885">
         <name>__TI_enable_exit_profile_output</name>
         <value>0x674</value>
         <object_component_ref idref="oc-423"/>
      </symbol>
      <symbol id="sm-89c">
         <name>_nop</name>
         <value>0x85caf</value>
         <object_component_ref idref="oc-4d7"/>
      </symbol>
      <symbol id="sm-89d">
         <name>_lock</name>
         <value>0x67a</value>
         <object_component_ref idref="oc-426"/>
      </symbol>
      <symbol id="sm-89e">
         <name>_unlock</name>
         <value>0x67c</value>
         <object_component_ref idref="oc-514"/>
      </symbol>
      <symbol id="sm-89f">
         <name>_register_lock</name>
         <value>0x85cab</value>
         <object_component_ref idref="oc-4d7"/>
      </symbol>
      <symbol id="sm-8a0">
         <name>_register_unlock</name>
         <value>0x85ca7</value>
         <object_component_ref idref="oc-4d7"/>
      </symbol>
      <symbol id="sm-8af">
         <name>_args_main</name>
         <value>0x85c44</value>
         <object_component_ref idref="oc-30e"/>
      </symbol>
      <symbol id="sm-8be">
         <name>memset</name>
         <value>0x85d9b</value>
         <object_component_ref idref="oc-1c4"/>
      </symbol>
      <symbol id="sm-8cc">
         <name>_system_post_cinit</name>
         <value>0x84509</value>
         <object_component_ref idref="oc-4bd"/>
      </symbol>
      <symbol id="sm-8ce">
         <name>__c_args__</name>
         <value>0x0</value>
      </symbol>
   </symbol_table>
   <title>Link successful</title>
</link_info>
